Component: ARM Compiler 5.06 update 3 (build 300) Tool: armlink [4d35c9]

==============================================================================

Section Cross References

    startup_stm32f407xx.o(RESET) refers to startup_stm32f407xx.o(STACK) for __initial_sp
    startup_stm32f407xx.o(RESET) refers to startup_stm32f407xx.o(.text) for Reset_Handler
    startup_stm32f407xx.o(RESET) refers to stm32f4xx_it.o(i.NMI_Handler) for NMI_Handler
    startup_stm32f407xx.o(RESET) refers to stm32f4xx_it.o(i.HardFault_Handler) for HardFault_Handler
    startup_stm32f407xx.o(RESET) refers to stm32f4xx_it.o(i.MemManage_Handler) for MemManage_Handler
    startup_stm32f407xx.o(RESET) refers to stm32f4xx_it.o(i.BusFault_Handler) for BusFault_Handler
    startup_stm32f407xx.o(RESET) refers to stm32f4xx_it.o(i.UsageFault_Handler) for UsageFault_Handler
    startup_stm32f407xx.o(RESET) refers to port.o(.emb_text) for SVC_Handler
    startup_stm32f407xx.o(RESET) refers to stm32f4xx_it.o(i.DebugMon_Handler) for DebugMon_Handler
    startup_stm32f407xx.o(RESET) refers to stm32f4xx_it.o(i.SysTick_Handler) for SysTick_Handler
    startup_stm32f407xx.o(RESET) refers to stm32f4xx_it.o(i.DMA1_Stream5_IRQHandler) for DMA1_Stream5_IRQHandler
    startup_stm32f407xx.o(RESET) refers to stm32f4xx_it.o(i.CAN1_RX0_IRQHandler) for CAN1_RX0_IRQHandler
    startup_stm32f407xx.o(RESET) refers to stm32f4xx_it.o(i.TIM1_UP_TIM10_IRQHandler) for TIM1_UP_TIM10_IRQHandler
    startup_stm32f407xx.o(RESET) refers to stm32f4xx_it.o(i.TIM3_IRQHandler) for TIM3_IRQHandler
    startup_stm32f407xx.o(RESET) refers to stm32f4xx_it.o(i.TIM4_IRQHandler) for TIM4_IRQHandler
    startup_stm32f407xx.o(RESET) refers to stm32f4xx_it.o(i.USART1_IRQHandler) for USART1_IRQHandler
    startup_stm32f407xx.o(RESET) refers to stm32f4xx_it.o(i.USART2_IRQHandler) for USART2_IRQHandler
    startup_stm32f407xx.o(RESET) refers to stm32f4xx_it.o(i.TIM8_UP_TIM13_IRQHandler) for TIM8_UP_TIM13_IRQHandler
    startup_stm32f407xx.o(RESET) refers to stm32f4xx_it.o(i.DMA2_Stream2_IRQHandler) for DMA2_Stream2_IRQHandler
    startup_stm32f407xx.o(RESET) refers to stm32f4xx_it.o(i.CAN2_RX0_IRQHandler) for CAN2_RX0_IRQHandler
    startup_stm32f407xx.o(.text) refers to system_stm32f4xx.o(i.SystemInit) for SystemInit
    startup_stm32f407xx.o(.text) refers to entry.o(.ARM.Collect$$$$00000000) for __main
    main.o(i.SystemClock_Config) refers to memseta.o(.text) for __aeabi_memclr4
    main.o(i.SystemClock_Config) refers to stm32f4xx_hal_rcc.o(i.HAL_RCC_OscConfig) for HAL_RCC_OscConfig
    main.o(i.SystemClock_Config) refers to stm32f4xx_hal_rcc.o(i.HAL_RCC_ClockConfig) for HAL_RCC_ClockConfig
    main.o(i.SystemClock_Config) refers to stm32f4xx_hal_rcc.o(i.HAL_RCC_GetHCLKFreq) for HAL_RCC_GetHCLKFreq
    main.o(i.SystemClock_Config) refers to stm32f4xx_hal_cortex.o(i.HAL_SYSTICK_Config) for HAL_SYSTICK_Config
    main.o(i.SystemClock_Config) refers to stm32f4xx_hal_cortex.o(i.HAL_SYSTICK_CLKSourceConfig) for HAL_SYSTICK_CLKSourceConfig
    main.o(i.SystemClock_Config) refers to stm32f4xx_hal_cortex.o(i.HAL_NVIC_SetPriority) for HAL_NVIC_SetPriority
    main.o(i.main) refers to stm32f4xx_hal.o(i.HAL_Init) for HAL_Init
    main.o(i.main) refers to main.o(i.SystemClock_Config) for SystemClock_Config
    main.o(i.main) refers to port.o(i.vPortEnterCritical) for vPortEnterCritical
    main.o(i.main) refers to bsp.o(i.BSP_Init) for BSP_Init
    main.o(i.main) refers to freertos.o(i.MX_FREERTOS_Init) for MX_FREERTOS_Init
    main.o(i.main) refers to port.o(i.vPortExitCritical) for vPortExitCritical
    main.o(i.main) refers to cmsis_os.o(i.osKernelStart) for osKernelStart
    gpio.o(i.MX_GPIO_Init) refers to memseta.o(.text) for __aeabi_memclr4
    gpio.o(i.MX_GPIO_Init) refers to stm32f4xx_hal_gpio.o(i.HAL_GPIO_WritePin) for HAL_GPIO_WritePin
    gpio.o(i.MX_GPIO_Init) refers to stm32f4xx_hal_gpio.o(i.HAL_GPIO_Init) for HAL_GPIO_Init
    adc.o(i.HAL_ADC_MspDeInit) refers to stm32f4xx_hal_gpio.o(i.HAL_GPIO_DeInit) for HAL_GPIO_DeInit
    adc.o(i.HAL_ADC_MspInit) refers to memseta.o(.text) for __aeabi_memclr4
    adc.o(i.HAL_ADC_MspInit) refers to stm32f4xx_hal_gpio.o(i.HAL_GPIO_Init) for HAL_GPIO_Init
    adc.o(i.HAL_ADC_MspInit) refers to stm32f4xx_hal_dma.o(i.HAL_DMA_Init) for HAL_DMA_Init
    adc.o(i.HAL_ADC_MspInit) refers to main.o(i.Error_Handler) for Error_Handler
    adc.o(i.HAL_ADC_MspInit) refers to adc.o(.bss) for .bss
    adc.o(i.MX_ADC1_Init) refers to stm32f4xx_hal_adc.o(i.HAL_ADC_Init) for HAL_ADC_Init
    adc.o(i.MX_ADC1_Init) refers to main.o(i.Error_Handler) for Error_Handler
    adc.o(i.MX_ADC1_Init) refers to stm32f4xx_hal_adc.o(i.HAL_ADC_ConfigChannel) for HAL_ADC_ConfigChannel
    adc.o(i.MX_ADC1_Init) refers to adc.o(.bss) for .bss
    adc.o(i.MX_ADC2_Init) refers to stm32f4xx_hal_adc.o(i.HAL_ADC_Init) for HAL_ADC_Init
    adc.o(i.MX_ADC2_Init) refers to main.o(i.Error_Handler) for Error_Handler
[...]
    i.HAL_TIM_PWM_PulseFinishedCallback      0x08002d26   Section        0  stm32f4xx_hal_tim.o(i.HAL_TIM_PWM_PulseFinishedCallback)
    i.HAL_TIM_PeriodElapsedCallback          0x08002d28   Section        0  stm32f4xx_it.o(i.HAL_TIM_PeriodElapsedCallback)
    i.HAL_TIM_TriggerCallback                0x08002d48   Section        0  stm32f4xx_hal_tim.o(i.HAL_TIM_TriggerCallback)
    i.HAL_UART_ErrorCallback                 0x08002d4a   Section        0  stm32f4xx_hal_uart.o(i.HAL_UART_ErrorCallback)
    i.HAL_UART_IRQHandler                    0x08002d4c   Section        0  stm32f4xx_hal_uart.o(i.HAL_UART_IRQHandler)
    i.HAL_UART_Init                          0x08002e5c   Section        0  stm32f4xx_hal_uart.o(i.HAL_UART_Init)
    i.HAL_UART_MspInit                       0x08002ec0   Section        0  usart.o(i.HAL_UART_MspInit)
    i.HAL_UART_RxCpltCallback                0x0800308c   Section        0  stm32f4xx_hal_uart.o(i.HAL_UART_RxCpltCallback)
    i.HAL_UART_Transmit                      0x0800308e   Section        0  stm32f4xx_hal_uart.o(i.HAL_UART_Transmit)
    i.HAL_UART_TxCpltCallback                0x08003148   Section        0  stm32f4xx_hal_uart.o(i.HAL_UART_TxCpltCallback)
    i.HardFault_Handler                      0x0800314a   Section        0  stm32f4xx_it.o(i.HardFault_Handler)
    i.LPF_1st                                0x0800314c   Section        0  power_restriction.o(i.LPF_1st)
    i.MX_ADC1_Init                           0x08003160   Section        0  adc.o(i.MX_ADC1_Init)
    i.MX_ADC2_Init                           0x080031c4   Section        0  adc.o(i.MX_ADC2_Init)
    i.MX_ADC3_Init                           0x08003228   Section        0  adc.o(i.MX_ADC3_Init)
    i.MX_CAN1_Init                           0x0800328c   Section        0  can.o(i.MX_CAN1_Init)
    i.MX_CAN2_Init                           0x080032d0   Section        0  can.o(i.MX_CAN2_Init)
    i.MX_DMA_Init                            0x08003314   Section        0  dma.o(i.MX_DMA_Init)
    i.MX_FREERTOS_Init                       0x08003360   Section        0  freertos.o(i.MX_FREERTOS_Init)
    i.MX_GPIO_Init                           0x080033c8   Section        0  gpio.o(i.MX_GPIO_Init)
    i.MX_TIM13_Init                          0x080034e4   Section        0  tim.o(i.MX_TIM13_Init)
    i.MX_TIM3_Init                           0x0800351c   Section        0  tim.o(i.MX_TIM3_Init)
    i.MX_TIM4_Init                           0x08003588   Section        0  tim.o(i.MX_TIM4_Init)
    i.MX_USART1_UART_Init                    0x080035f4   Section        0  usart.o(i.MX_USART1_UART_Init)
    i.MX_USART2_UART_Init                    0x0800362c   Section        0  usart.o(i.MX_USART2_UART_Init)
    i.MX_USART3_UART_Init                    0x08003664   Section        0  usart.o(i.MX_USART3_UART_Init)
    i.MX_USART6_UART_Init                    0x0800369c   Section        0  usart.o(i.MX_USART6_UART_Init)
    i.MemManage_Handler                      0x080036d4   Section        0  stm32f4xx_it.o(i.MemManage_Handler)
    i.MiniPC_Data_task                       0x080036d6   Section        0  data_processing.o(i.MiniPC_Data_task)
    i.MouseKeyControlProcess                 0x080036e8   Section        0  data_processing.o(i.MouseKeyControlProcess)
    i.NMI_Handler                            0x0800385c   Section        0  stm32f4xx_it.o(i.NMI_Handler)
    i.PID_struct_init                        0x08003860   Section        0  pid.o(i.PID_struct_init)
    i.RefreshDeviceOutLineTime               0x08003878   Section        0  systemstate.o(i.RefreshDeviceOutLineTime)
    i.RefreshSysTime                         0x08003890   Section        0  systemstate.o(i.RefreshSysTime)
    i.RefreshTaskOutLineTime                 0x080038a0   Section        0  systemstate.o(i.RefreshTaskOutLineTime)
    i.RemoteControlProcess                   0x080038b8   Section        0  data_processing.o(i.RemoteControlProcess)
    i.Remote_Data_Task                       0x080038f4   Section        0  data_processing.o(i.Remote_Data_Task)
    i.SysTick_Handler                        0x08003938   Section        0  stm32f4xx_it.o(i.SysTick_Handler)
    i.SystemClock_Config                     0x0800393c   Section        0  main.o(i.SystemClock_Config)
    i.SystemInit                             0x080039e4   Section        0  system_stm32f4xx.o(i.SystemInit)
    i.SystemState_Inite                      0x08003a38   Section        0  systemstate.o(i.SystemState_Inite)
    i.TIM1_UP_TIM10_IRQHandler               0x08003a54   Section        0  stm32f4xx_it.o(i.TIM1_UP_TIM10_IRQHandler)
    i.TIM3_IRQHandler                        0x08003a60   Section        0  stm32f4xx_it.o(i.TIM3_IRQHandler)
    i.TIM4_IRQHandler                        0x08003a6c   Section        0  stm32f4xx_it.o(i.TIM4_IRQHandler)
    i.TIM8_UP_TIM13_IRQHandler               0x08003a78   Section        0  stm32f4xx_it.o(i.TIM8_UP_TIM13_IRQHandler)
    i.TIM_Base_SetConfig                     0x08003a84   Section        0  stm32f4xx_hal_tim.o(i.TIM_Base_SetConfig)
    i.TIM_ETR_SetConfig                      0x08003b4c   Section        0  stm32f4xx_hal_tim.o(i.TIM_ETR_SetConfig)
    i.TIM_ITRx_SetConfig                     0x08003b60   Section        0  stm32f4xx_hal_tim.o(i.TIM_ITRx_SetConfig)
    TIM_ITRx_SetConfig                       0x08003b61   Thumb Code    16  stm32f4xx_hal_tim.o(i.TIM_ITRx_SetConfig)
    i.TIM_TI1_ConfigInputStage               0x08003b70   Section        0  stm32f4xx_hal_tim.o(i.TIM_TI1_ConfigInputStage)
    TIM_TI1_ConfigInputStage                 0x08003b71   Thumb Code    34  stm32f4xx_hal_tim.o(i.TIM_TI1_ConfigInputStage)
    i.TIM_TI2_ConfigInputStage               0x08003b92   Section        0  stm32f4xx_hal_tim.o(i.TIM_TI2_ConfigInputStage)
    TIM_TI2_ConfigInputStage                 0x08003b93   Thumb Code    36  stm32f4xx_hal_tim.o(i.TIM_TI2_ConfigInputStage)
    i.UART_DMAAbortOnError                   0x08003bb6   Section        0  stm32f4xx_hal_uart.o(i.UART_DMAAbortOnError)
    UART_DMAAbortOnError                     0x08003bb7   Thumb Code    16  stm32f4xx_hal_uart.o(i.UART_DMAAbortOnError)
    i.UART_EndRxTransfer                     0x08003bc6   Section        0  stm32f4xx_hal_uart.o(i.UART_EndRxTransfer)
    UART_EndRxTransfer                       0x08003bc7   Thumb Code    28  stm32f4xx_hal_uart.o(i.UART_EndRxTransfer)
    i.UART_Receive_IT                        0x08003be2   Section        0  stm32f4xx_hal_uart.o(i.UART_Receive_IT)
    UART_Receive_IT                          0x08003be3   Thumb Code   150  stm32f4xx_hal_uart.o(i.UART_Receive_IT)
    i.UART_SetConfig                         0x08003c78   Section        0  stm32f4xx_hal_uart.o(i.UART_SetConfig)
    UART_SetConfig                           0x08003c79   Thumb Code   676  stm32f4xx_hal_uart.o(i.UART_SetConfig)
    i.UART_Transmit_IT                       0x08003f24   Section        0  stm32f4xx_hal_uart.o(i.UART_Transmit_IT)
    UART_Transmit_IT                         0x08003f25   Thumb Code    98  stm32f4xx_hal_uart.o(i.UART_Transmit_IT)
    i.UART_WaitOnFlagUntilTimeout            0x08003f86   Section        0  stm32f4xx_hal_uart.o(i.UART_WaitOnFlagUntilTimeout)
    UART_WaitOnFlagUntilTimeout              0x08003f87   Thumb Code   100  stm32f4xx_hal_uart.o(i.UART_WaitOnFlagUntilTimeout)
    i.USART1_IRQHandler                      0x08003fec   Section        0  stm32f4xx_it.o(i.USART1_IRQHandler)
    i.USART2_IRQHandler                      0x08003ff8   Section        0  stm32f4xx_it.o(i.USART2_IRQHandler)
    i.UsageFault_Handler                     0x08004004   Section        0  stm32f4xx_it.o(i.UsageFault_Handler)
    i.Usart_SendArray                        0x08004006   Section        0  usart.o(i.Usart_SendArray)
    i.Usart_SendByte                         0x08004028   Section        0  usart.o(i.Usart_SendByte)
    i.__NVIC_SetPriority                     0x08004036   Section        0  stm32f4xx_hal_cortex.o(i.__NVIC_SetPriority)
    __NVIC_SetPriority                       0x08004037   Thumb Code    32  stm32f4xx_hal_cortex.o(i.__NVIC_SetPriority)
    i.__scatterload_copy                     0x08004056   Section       14  handlers.o(i.__scatterload_copy)
    i.__scatterload_null                     0x08004064   Section        2  handlers.o(i.__scatterload_null)
    i.__scatterload_zeroinit                 0x08004066   Section       14  handlers.o(i.__scatterload_zeroinit)
    i.get_moto_measure_3508                  0x08004074   Section        0  motor_use_can.o(i.get_moto_measure_3508)
    i.get_moto_offset                        0x080040b4   Section        0  motor_use_can.o(i.get_moto_offset)
    i.main                                   0x080040be   Section        0  main.o(i.main)
    i.makeFreeRtosPriority                   0x080040dc   Section        0  cmsis_os.o(i.makeFreeRtosPriority)
    makeFreeRtosPriority                     0x080040dd   Thumb Code    12  cmsis_os.o(i.makeFreeRtosPriority)
    i.motor_move_setvmmps                    0x080040e8   Section        0  mecanum_calc.o(i.motor_move_setvmmps)
    i.osDelay                                0x08004112   Section        0  cmsis_os.o(i.osDelay)
    i.osDelayUntil                           0x08004120   Section        0  cmsis_os.o(i.osDelayUntil)
    i.osKernelStart                          0x0800412e   Section        0  cmsis_os.o(i.osKernelStart)
    i.osSystickHandler                       0x08004138   Section        0  cmsis_os.o(i.osSystickHandler)
    i.osThreadCreate                         0x0800414c   Section        0  cmsis_os.o(i.osThreadCreate)
    i.pid_calc                               0x080041a0   Section        0  pid.o(i.pid_calc)
    i.pid_param_init                         0x08004380   Section        0  pid.o(i.pid_param_init)
    pid_param_init                           0x08004381   Thumb Code    14  pid.o(i.pid_param_init)
    i.pid_reset                              0x0800438e   Section        0  pid.o(i.pid_reset)
    pid_reset                                0x0800438f   Thumb Code     6  pid.o(i.pid_reset)
    i.prvAddCurrentTaskToDelayedList         0x08004394   Section        0  tasks.o(i.prvAddCurrentTaskToDelayedList)
    prvAddCurrentTaskToDelayedList           0x08004395   Thumb Code   102  tasks.o(i.prvAddCurrentTaskToDelayedList)
    i.prvAddNewTaskToReadyList               0x08004404   Section        0  tasks.o(i.prvAddNewTaskToReadyList)
    prvAddNewTaskToReadyList                 0x08004405   Thumb Code   194  tasks.o(i.prvAddNewTaskToReadyList)
    i.prvDeleteTCB                           0x080044d4   Section        0  tasks.o(i.prvDeleteTCB)
    prvDeleteTCB                             0x080044d5   Thumb Code    52  tasks.o(i.prvDeleteTCB)
    i.prvHeapInit                            0x08004508   Section        0  heap_4.o(i.prvHeapInit)
    prvHeapInit                              0x08004509   Thumb Code    66  heap_4.o(i.prvHeapInit)
    i.prvIdleTask                            0x08004554   Section        0  tasks.o(i.prvIdleTask)
    prvIdleTask                              0x08004555   Thumb Code    82  tasks.o(i.prvIdleTask)
    i.prvInitialiseNewTask                   0x080045b4   Section        0  tasks.o(i.prvInitialiseNewTask)
    prvInitialiseNewTask                     0x080045b5   Thumb Code   142  tasks.o(i.prvInitialiseNewTask)
    i.prvInsertBlockIntoFreeList             0x08004644   Section        0  heap_4.o(i.prvInsertBlockIntoFreeList)
    prvInsertBlockIntoFreeList               0x08004645   Thumb Code    72  heap_4.o(i.prvInsertBlockIntoFreeList)
    i.prvResetNextTaskUnblockTime            0x08004690   Section        0  tasks.o(i.prvResetNextTaskUnblockTime)
    prvResetNextTaskUnblockTime              0x08004691   Thumb Code    26  tasks.o(i.prvResetNextTaskUnblockTime)
    i.prvTaskExitError                       0x080046b0   Section        0  port.o(i.prvTaskExitError)
    prvTaskExitError                         0x080046b1   Thumb Code    36  port.o(i.prvTaskExitError)
    i.pvPortMalloc                           0x080046d8   Section        0  heap_4.o(i.pvPortMalloc)
    i.pxPortInitialiseStack                  0x080047b0   Section        0  port.o(i.pxPortInitialiseStack)
    i.testTask                               0x080047dc   Section        0  other_tasks.o(i.testTask)
    i.ulTaskNotifyTake                       0x080049ec   Section        0  tasks.o(i.ulTaskNotifyTake)
    i.uxListRemove                           0x08004a54   Section        0  list.o(i.uxListRemove)
    i.vApplicationGetIdleTaskMemory          0x08004a7c   Section        0  freertos.o(i.vApplicationGetIdleTaskMemory)
    i.vListInitialise                        0x08004a90   Section        0  list.o(i.vListInitialise)
    i.vListInitialiseItem                    0x08004aa6   Section        0  list.o(i.vListInitialiseItem)
    i.vListInsert                            0x08004aac   Section        0  list.o(i.vListInsert)
    i.vListInsertEnd                         0x08004adc   Section        0  list.o(i.vListInsertEnd)
    i.vPortEnterCritical                     0x08004af4   Section        0  port.o(i.vPortEnterCritical)
    i.vPortExitCritical                      0x08004b34   Section        0  port.o(i.vPortExitCritical)
    i.vPortFree                              0x08004b5c   Section        0  heap_4.o(i.vPortFree)
    i.vPortSetupTimerInterrupt               0x08004bb8   Section        0  port.o(i.vPortSetupTimerInterrupt)
    i.vPortValidateInterruptPriority         0x08004bdc   Section        0  port.o(i.vPortValidateInterruptPriority)
    i.vTaskDelay                             0x08004c30   Section        0  tasks.o(i.vTaskDelay)
    i.vTaskDelayUntil                        0x08004c7c   Section        0  tasks.o(i.vTaskDelayUntil)
    i.vTaskNotifyGiveFromISR                 0x08004d08   Section        0  tasks.o(i.vTaskNotifyGiveFromISR)
    i.vTaskStartScheduler                    0x08004dc0   Section        0  tasks.o(i.vTaskStartScheduler)
    i.vTaskSuspendAll                        0x08004e2c   Section        0  tasks.o(i.vTaskSuspendAll)
    i.vTaskSwitchContext                     0x08004e3c   Section        0  tasks.o(i.vTaskSwitchContext)
    i.vcan_sendware                          0x08004e98   Section        0  usart.o(i.vcan_sendware)
    i.xPortStartScheduler                    0x08004ed8   Section        0  port.o(i.xPortStartScheduler)
    i.xPortSysTickHandler                    0x08004fcc   Section        0  port.o(i.xPortSysTickHandler)
    i.xTaskCreate                            0x08004ff8   Section        0  tasks.o(i.xTaskCreate)
    i.xTaskCreateStatic                      0x08005052   Section        0  tasks.o(i.xTaskCreateStatic)
    i.xTaskGetSchedulerState                 0x080050a8   Section        0  tasks.o(i.xTaskGetSchedulerState)
    i.xTaskGetTickCount                      0x080050c4   Section        0  tasks.o(i.xTaskGetTickCount)
    i.xTaskIncrementTick                     0x080050d0   Section        0  tasks.o(i.xTaskIncrementTick)
    i.xTaskResumeAll                         0x08005198   Section        0  tasks.o(i.xTaskResumeAll)
    .constdata                               0x0800525c   Section      112  freertos.o(.constdata)
    .constdata                               0x080052cc   Section        8  stm32f4xx_hal_dma.o(.constdata)
    flagBitshiftOffset                       0x080052cc   Data           8  stm32f4xx_hal_dma.o(.constdata)
    .constdata                               0x080052d4   Section       16  system_stm32f4xx.o(.constdata)
    .constdata                               0x080052e4   Section        8  system_stm32f4xx.o(.constdata)
    .constdata                               0x080052ec   Section     2052  arm_common_tables.o(.constdata)
    .conststring                             0x08005af0   Section       52  freertos.o(.conststring)
    .data                                    0x20000000   Section        4  can.o(.data)
    HAL_RCC_CAN1_CLK_ENABLED                 0x20000000   Data           4  can.o(.data)
    .data                                    0x20000004   Section       12  freertos.o(.data)
    .data                                    0x20000010   Section       20  stm32f4xx_it.o(.data)
    pxHigherPriorityTaskWoken                0x20000010   Data           4  stm32f4xx_it.o(.data)
    .data                                    0x20000024   Section       12  stm32f4xx_hal.o(.data)
    .data                                    0x20000030   Section        4  system_stm32f4xx.o(.data)
    .data                                    0x20000034   Section       60  tasks.o(.data)
    pxDelayedTaskList                        0x20000038   Data           4  tasks.o(.data)
    pxOverflowDelayedTaskList                0x2000003c   Data           4  tasks.o(.data)
    uxDeletedTasksWaitingCleanUp             0x20000040   Data           4  tasks.o(.data)
    uxCurrentNumberOfTasks                   0x20000044   Data           4  tasks.o(.data)
    xTickCount                               0x20000048   Data           4  tasks.o(.data)
    uxTopReadyPriority                       0x2000004c   Data           4  tasks.o(.data)
    xSchedulerRunning                        0x20000050   Data           4  tasks.o(.data)
    uxPendedTicks                            0x20000054   Data           4  tasks.o(.data)
    xYieldPending                            0x20000058   Data           4  tasks.o(.data)
    xNumOfOverflows                          0x2000005c   Data           4  tasks.o(.data)
    uxTaskNumber                             0x20000060   Data           4  tasks.o(.data)
    xNextTaskUnblockTime                     0x20000064   Data           4  tasks.o(.data)
    xIdleTaskHandle                          0x20000068   Data           4  tasks.o(.data)
    uxSchedulerSuspended                     0x2000006c   Data           4  tasks.o(.data)
    .data                                    0x20000070   Section       24  heap_4.o(.data)
    pxEnd                                    0x20000070   Data           4  heap_4.o(.data)
    xFreeBytesRemaining                      0x20000074   Data           4  heap_4.o(.data)
    xMinimumEverFreeBytesRemaining           0x20000078   Data           4  heap_4.o(.data)
    xBlockAllocatedBit                       0x2000007c   Data           4  heap_4.o(.data)
    xStart                                   0x20000080   Data           8  heap_4.o(.data)
    .data                                    0x20000088   Section       12  port.o(.data)
    ucMaxSysCallPriority                     0x20000088   Data           1  port.o(.data)
    uxCriticalNesting                        0x2000008c   Data           4  port.o(.data)
    ulMaxPRIGROUPValue                       0x20000090   Data           4  port.o(.data)
    .data                                    0x20000094   Section        4  communication.o(.data)
    .data                                    0x20000098   Section       20  chassis_control.o(.data)
    Speed_W                                  0x20000098   Data           2  chassis_control.o(.data)
    Speed_X                                  0x2000009a   Data           2  chassis_control.o(.data)
    Speed_Y                                  0x2000009c   Data           2  chassis_control.o(.data)
    Angle_err                                0x200000a0   Data           4  chassis_control.o(.data)
    absolute_angle_degree                    0x200000a4   Data           4  chassis_control.o(.data)
    .data                                    0x200000ac   Section        8  data_processing.o(.data)
    .data                                    0x200000b4   Section       20  other_tasks.o(.data)
    .bss                                     0x200000c8   Section      312  adc.o(.bss)
    .bss                                     0x20000200   Section       80  can.o(.bss)
    .bss                                     0x20000250   Section      596  freertos.o(.bss)
    xIdleTaskTCBBuffer                       0x20000250   Data          84  freertos.o(.bss)
    xIdleStack                               0x200002a4   Data         512  freertos.o(.bss)
    .bss                                     0x200004a4   Section      192  tim.o(.bss)
    .bss                                     0x20000564   Section      448  usart.o(.bss)
    .bss                                     0x20000724   Section       56  stm32f4xx_it.o(.bss)
    .bss                                     0x2000075c   Section       64  stm32f4xx_hal_timebase_tim.o(.bss)
    .bss                                     0x2000079c   Section       40  bsp.o(.bss)
    .bss                                     0x200007c4   Section      240  tasks.o(.bss)
    pxReadyTasksLists                        0x200007c4   Data         140  tasks.o(.bss)
    xDelayedTaskList1                        0x20000850   Data          20  tasks.o(.bss)
    xDelayedTaskList2                        0x20000864   Data          20  tasks.o(.bss)
    xPendingReadyList                        0x20000878   Data          20  tasks.o(.bss)
    xTasksWaitingTermination                 0x2000088c   Data          20  tasks.o(.bss)
    xSuspendedTaskList                       0x200008a0   Data          20  tasks.o(.bss)
    .bss                                     0x200008b4   Section    15360  heap_4.o(.bss)
    ucHeap                                   0x200008b4   Data       15360  heap_4.o(.bss)
    .bss                                     0x200044b4   Section      240  motor_use_can.o(.bss)
    .bss                                     0x200045a4   Section      152  motor_use_can.o(.bss)
    Chassis_Motor_Data                       0x200045f4   Data          24  motor_use_can.o(.bss)
    CANSend_status_Data                      0x2000460c   Data          24  motor_use_can.o(.bss)
    CANSend_Minipc_Data                      0x20004624   Data          24  motor_use_can.o(.bss)
    .bss                                     0x2000463c   Section       60  systemstate.o(.bss)
    .bss                                     0x20004678   Section     1312  chassis_control.o(.bss)
    wheel                                    0x20004708   Data          16  chassis_control.o(.bss)
    .bss                                     0x20004b98   Section       32  other_tasks.o(.bss)
    STACK                                    0x20004bb8   Section     1024  startup_stm32f407xx.o(STACK)

    Global Symbols

    Symbol Name                              Value     Ov Type        Size  Object(Section)

    BuildAttributes$$THM_ISAv4$E$P$D$K$B$S$7EM$VFPi3$EXTD16$VFPS$VFMA$PE$A:L22UL41UL21$X:L11$S22US41US21$IEEE1$IW$USESV6$~STKCKD$USESV7$~SHL$OTIME$ROPI$IEEEX$EBA8$MICROLIB$REQ8$PRES8$EABIv2 0x00000000   Number         0  anon$$obj.o ABSOLUTE
    __ARM_use_no_argv                        0x00000000   Number         0  main.o ABSOLUTE
    __cpp_initialize__aeabi_                  - Undefined Weak Reference
    __cxa_finalize                            - Undefined Weak Reference
    __decompress                              - Undefined Weak Reference
    _clock_init                               - Undefined Weak Reference
    _microlib_exit                            - Undefined Weak Reference
    __Vectors_Size                           0x00000188   Number         0  startup_stm32f407xx.o ABSOLUTE
    __Vectors                                0x08000000   Data           4  startup_stm32f407xx.o(RESET)
    __Vectors_End                            0x08000188   Data           0  startup_stm32f407xx.o(RESET)
    __main                                   0x08000189   Thumb Code     0  entry.o(.ARM.Collect$$$$00000000)
    _main_stk                                0x08000189   Thumb Code     0  entry2.o(.ARM.Collect$$$$00000001)
    _main_scatterload                        0x0800018d   Thumb Code     0  entry5.o(.ARM.Collect$$$$00000004)
    __main_after_scatterload                 0x08000191   Thumb Code     0  entry5.o(.ARM.Collect$$$$00000004)
    _main_clock                              0x08000191   Thumb Code     0  entry7b.o(.ARM.Collect$$$$00000008)
    _main_cpp_init                           0x08000191   Thumb Code     0  entry8b.o(.ARM.Collect$$$$0000000A)
    _main_init                               0x08000191   Thumb Code     0  entry9a.o(.ARM.Collect$$$$0000000B)
    __rt_final_cpp                           0x08000199   Thumb Code     0  entry10a.o(.ARM.Collect$$$$0000000D)
    __rt_final_exit                          0x08000199   Thumb Code     0  entry11a.o(.ARM.Collect$$$$0000000F)
    SVC_Handler                              0x0800019d   Thumb Code    28  port.o(.emb_text)
    __asm___6_port_c_39a90d8d__prvStartFirstTask 0x080001bd   Thumb Code    36  port.o(.emb_text)
    __asm___6_port_c_39a90d8d__prvEnableVFP  0x080001e5   Thumb Code    16  port.o(.emb_text)
    PendSV_Handler                           0x080001f9   Thumb Code    88  port.o(.emb_text)
    vPortGetIPSR                             0x08000255   Thumb Code     6  port.o(.emb_text)
    Reset_Handler                            0x0800025d   Thumb Code     8  startup_stm32f407xx.o(.text)
    ADC_IRQHandler                           0x08000277   Thumb Code     0  startup_stm32f407xx.o(.text)
    CAN1_RX1_IRQHandler                      0x08000277   Thumb Code     0  startup_stm32f407xx.o(.text)
    CAN1_SCE_IRQHandler                      0x08000277   Thumb Code     0  startup_stm32f407xx.o(.text)
    CAN1_TX_IRQHandler                       0x08000277   Thumb Code     0  startup_stm32f407xx.o(.text)
    CAN2_RX1_IRQHandler                      0x08000277   Thumb Code     0  startup_stm32f407xx.o(.text)
    CAN2_SCE_IRQHandler                      0x08000277   Thumb Code     0  startup_stm32f407xx.o(.text)
    CAN2_TX_IRQHandler                       0x08000277   Thumb Code     0  startup_stm32f407xx.o(.text)
    DCMI_IRQHandler                          0x08000277   Thumb Code     0  startup_stm32f407xx.o(.text)
    DMA1_Stream0_IRQHandler                  0x08000277   Thumb Code     0  startup_stm32f407xx.o(.text)
    DMA1_Stream1_IRQHandler                  0x08000277   Thumb Code     0  startup_stm32f407xx.o(.text)
    DMA1_Stream2_IRQHandler                  0x08000277   Thumb Code     0  startup_stm32f407xx.o(.text)
    DMA1_Stream3_IRQHandler                  0x08000277   Thumb Code     0  startup_stm32f407xx.o(.text)
    DMA1_Stream4_IRQHandler                  0x08000277   Thumb Code     0  startup_stm32f407xx.o(.text)
    DMA1_Stream6_IRQHandler                  0x08000277   Thumb Code     0  startup_stm32f407xx.o(.text)
    DMA1_Stream7_IRQHandler                  0x08000277   Thumb Code     0  startup_stm32f407xx.o(.text)
    DMA2_Stream0_IRQHandler                  0x08000277   Thumb Code     0  startup_stm32f407xx.o(.text)
    DMA2_Stream1_IRQHandler                  0x08000277   Thumb Code     0  startup_stm32f407xx.o(.text)
    DMA2_Stream3_IRQHandler                  0x08000277   Thumb Code     0  startup_stm32f407xx.o(.text)
    DMA2_Stream4_IRQHandler                  0x08000277   Thumb Code     0  startup_stm32f407xx.o(.text)
    DMA2_Stream5_IRQHandler                  0x08000277   Thumb Code     0  startup_stm32f407xx.o(.text)
    DMA2_Stream6_IRQHandler                  0x08000277   Thumb Code     0  startup_stm32f407xx.o(.text)
    DMA2_Stream7_IRQHandler                  0x08000277   Thumb Code     0  startup_stm32f407xx.o(.text)
    ETH_IRQHandler                           0x08000277   Thumb Code     0  startup_stm32f407xx.o(.text)
    ETH_WKUP_IRQHandler                      0x08000277   Thumb Code     0  startup_stm32f407xx.o(.text)
    EXTI0_IRQHandler                         0x08000277   Thumb Code     0  startup_stm32f407xx.o(.text)
    EXTI15_10_IRQHandler                     0x08000277   Thumb Code     0  startup_stm32f407xx.o(.text)
    EXTI1_IRQHandler                         0x08000277   Thumb Code     0  startup_stm32f407xx.o(.text)
    EXTI2_IRQHandler                         0x08000277   Thumb Code     0  startup_stm32f407xx.o(.text)
    EXTI3_IRQHandler                         0x08000277   Thumb Code     0  startup_stm32f407xx.o(.text)
    EXTI4_IRQHandler                         0x08000277   Thumb Code     0  startup_stm32f407xx.o(.text)
    EXTI9_5_IRQHandler                       0x08000277   Thumb Code     0  startup_stm32f407xx.o(.text)
    FLASH_IRQHandler                         0x08000277   Thumb Code     0  startup_stm32f407xx.o(.text)
    FMC_IRQHandler                           0x08000277   Thumb Code     0  startup_stm32f407xx.o(.text)
    FPU_IRQHandler                           0x08000277   Thumb Code     0  startup_stm32f407xx.o(.text)
    HASH_RNG_IRQHandler                      0x08000277   Thumb Code     0  startup_stm32f407xx.o(.text)
    I2C1_ER_IRQHandler                       0x08000277   Thumb Code     0  startup_stm32f407xx.o(.text)
    I2C1_EV_IRQHandler                       0x08000277   Thumb Code     0  startup_stm32f407xx.o(.text)
    I2C2_ER_IRQHandler                       0x08000277   Thumb Code     0  startup_stm32f407xx.o(.text)
    I2C2_EV_IRQHandler                       0x08000277   Thumb Code     0  startup_stm32f407xx.o(.text)
    I2C3_ER_IRQHandler                       0x08000277   Thumb Code     0  startup_stm32f407xx.o(.text)
    I2C3_EV_IRQHandler                       0x08000277   Thumb Code     0  startup_stm32f407xx.o(.text)
    OTG_FS_IRQHandler                        0x08000277   Thumb Code     0  startup_stm32f407xx.o(.text)
    OTG_FS_WKUP_IRQHandler                   0x08000277   Thumb Code     0  startup_stm32f407xx.o(.text)
    OTG_HS_EP1_IN_IRQHandler                 0x08000277   Thumb Code     0  startup_stm32f407xx.o(.text)
    OTG_HS_EP1_OUT_IRQHandler                0x08000277   Thumb Code     0  startup_stm32f407xx.o(.text)
    OTG_HS_IRQHandler                        0x08000277   Thumb Code     0  startup_stm32f407xx.o(.text)
    OTG_HS_WKUP_IRQHandler                   0x08000277   Thumb Code     0  startup_stm32f407xx.o(.text)
    PVD_IRQHandler                           0x08000277   Thumb Code     0  startup_stm32f407xx.o(.text)
    RCC_IRQHandler                           0x08000277   Thumb Code     0  startup_stm32f407xx.o(.text)
    RTC_Alarm_IRQHandler                     0x08000277   Thumb Code     0  startup_stm32f407xx.o(.text)
    RTC_WKUP_IRQHandler                      0x08000277   Thumb Code     0  startup_stm32f407xx.o(.text)
    SDIO_IRQHandler                          0x08000277   Thumb Code     0  startup_stm32f407xx.o(.text)
    SPI1_IRQHandler                          0x08000277   Thumb Code     0  startup_stm32f407xx.o(.text)
    SPI2_IRQHandler                          0x08000277   Thumb Code     0  startup_stm32f407xx.o(.text)
    SPI3_IRQHandler                          0x08000277   Thumb Code     0  startup_stm32f407xx.o(.text)
    TAMP_STAMP_IRQHandler                    0x08000277   Thumb Code     0  startup_stm32f407xx.o(.text)
    TIM1_BRK_TIM9_IRQHandler                 0x08000277   Thumb Code     0  startup_stm32f407xx.o(.text)
    TIM1_CC_IRQHandler                       0x08000277   Thumb Code     0  startup_stm32f407xx.o(.text)
    TIM1_TRG_COM_TIM11_IRQHandler            0x08000277   Thumb Code     0  startup_stm32f407xx.o(.text)
    TIM2_IRQHandler                          0x08000277   Thumb Code     0  startup_stm32f407xx.o(.text)
    TIM5_IRQHandler                          0x08000277   Thumb Code     0  startup_stm32f407xx.o(.text)
    TIM6_DAC_IRQHandler                      0x08000277   Thumb Code     0  startup_stm32f407xx.o(.text)
    TIM7_IRQHandler                          0x08000277   Thumb Code     0  startup_stm32f407xx.o(.text)
    TIM8_BRK_TIM12_IRQHandler                0x08000277   Thumb Code     0  startup_stm32f407xx.o(.text)
    TIM8_CC_IRQHandler                       0x08000277   Thumb Code     0  startup_stm32f407xx.o(.text)
    TIM8_TRG_COM_TIM14_IRQHandler            0x08000277   Thumb Code     0  startup_stm32f407xx.o(.text)
    UART4_IRQHandler                         0x08000277   Thumb Code     0  startup_stm32f407xx.o(.text)
    UART5_IRQHandler                         0x08000277   Thumb Code     0  startup_stm32f407xx.o(.text)
    USART3_IRQHandler                        0x08000277   Thumb Code     0  startup_stm32f407xx.o(.text)
    USART6_IRQHandler                        0x08000277   Thumb Code     0  startup_stm32f407xx.o(.text)
    WWDG_IRQHandler                          0x08000277   Thumb Code     0  startup_stm32f407xx.o(.text)
    arm_sin_cos_f32                          0x08000281   Thumb Code   242  arm_sin_cos_f32.o(.text)
    __aeabi_uldivmod                         0x08000385   Thumb Code    98  uldiv.o(.text)
    __aeabi_memcpy                           0x080003e7   Thumb Code    36  memcpya.o(.text)
    __aeabi_memcpy4                          0x080003e7   Thumb Code     0  memcpya.o(.text)
    __aeabi_memcpy8                          0x080003e7   Thumb Code     0  memcpya.o(.text)
    __aeabi_memset                           0x0800040b   Thumb Code    14  memseta.o(.text)
    __aeabi_memset4                          0x0800040b   Thumb Code     0  memseta.o(.text)
    __aeabi_memset8                          0x0800040b   Thumb Code     0  memseta.o(.text)
    __aeabi_memclr                           0x08000419   Thumb Code     4  memseta.o(.text)
    __aeabi_memclr4                          0x08000419   Thumb Code     0  memseta.o(.text)
    __aeabi_memclr8                          0x08000419   Thumb Code     0  memseta.o(.text)
    memset                                   0x0800041d   Thumb Code    18  memseta.o(.text)
    __aeabi_dadd                             0x0800042f   Thumb Code   322  dadd.o(.text)
    __aeabi_dsub                             0x08000571   Thumb Code     6  dadd.o(.text)
    __aeabi_drsub                            0x08000577   Thumb Code     6  dadd.o(.text)
    __aeabi_dmul                             0x0800057d   Thumb Code   228  dmul.o(.text)
    __aeabi_ddiv                             0x08000661   Thumb Code   222  ddiv.o(.text)
    __aeabi_i2d                              0x0800073f   Thumb Code    34  dflti.o(.text)
    __aeabi_ui2d                             0x08000761   Thumb Code    26  dfltui.o(.text)
    __aeabi_f2d                              0x0800077b   Thumb Code    38  f2d.o(.text)
    __aeabi_d2f                              0x080007a1   Thumb Code    56  d2f.o(.text)
    __aeabi_llsl                             0x080007d9   Thumb Code    30  llshl.o(.text)
    _ll_shift_l                              0x080007d9   Thumb Code     0  llshl.o(.text)
    __aeabi_llsr                             0x080007f7   Thumb Code    32  llushr.o(.text)
    _ll_ushift_r                             0x080007f7   Thumb Code     0  llushr.o(.text)
    __aeabi_lasr                             0x08000817   Thumb Code    36  llsshr.o(.text)
    _ll_sshift_r                             0x08000817   Thumb Code     0  llsshr.o(.text)
    __I$use$fp                               0x0800083b   Thumb Code     0  iusefp.o(.text)
    _float_round                             0x0800083b   Thumb Code    18  fepilogue.o(.text)
    _float_epilogue                          0x0800084d   Thumb Code    92  fepilogue.o(.text)
    _double_round                            0x080008a9   Thumb Code    30  depilogue.o(.text)
    _double_epilogue                         0x080008c7   Thumb Code   156  depilogue.o(.text)
    __scatterload                            0x08000965   Thumb Code    28  init.o(.text)
    __scatterload_rt2                        0x08000965   Thumb Code     0  init.o(.text)
    ABS_limit                                0x08000989   Thumb Code    42  pid.o(i.ABS_limit)
    Absolute_angle_Conversion                0x08000b69   Thumb Code    50  chassis_control.o(i.Absolute_angle_Conversion)
    BSP_Init                                 0x08000ba9   Thumb Code   116  bsp.o(i.BSP_Init)
    BusFault_Handler                         0x08000c2d   Thumb Code     2  stm32f4xx_it.o(i.BusFault_Handler)
    CAN1_RX0_IRQHandler                      0x08000c31   Thumb Code     6  stm32f4xx_it.o(i.CAN1_RX0_IRQHandler)
    CAN2_RX0_IRQHandler                      0x08000c3d   Thumb Code     6  stm32f4xx_it.o(i.CAN2_RX0_IRQHandler)
    CAN_Get_Gimbal                           0x08000c49   Thumb Code    32  motor_use_can.o(i.CAN_Get_Gimbal)
    CAN_Get_Remote                           0x08000c71   Thumb Code    30  motor_use_can.o(i.CAN_Get_Remote)
    CanFilter_Init                           0x08000c95   Thumb Code    56  can.o(i.CanFilter_Init)
    Chassis_Contrl_Task                      0x08000cd1   Thumb Code   544  chassis_control.o(i.Chassis_Contrl_Task)
    Chassis_Motor                            0x08000f11   Thumb Code    74  motor_use_can.o(i.Chassis_Motor)
    Chassis_pid_init                         0x08000f61   Thumb Code   236  chassis_control.o(i.Chassis_pid_init)
    DMA1_Stream5_IRQHandler                  0x08001071   Thumb Code     6  stm32f4xx_it.o(i.DMA1_Stream5_IRQHandler)
    DMA2_Stream2_IRQHandler                  0x0800107d   Thumb Code     6  stm32f4xx_it.o(i.DMA2_Stream2_IRQHandler)
    DebugMon_Handler                         0x0800112d   Thumb Code     2  stm32f4xx_it.o(i.DebugMon_Handler)
    Error_Handler                            0x0800112f   Thumb Code     2  main.o(i.Error_Handler)
    GetSystemTimer                           0x08001131   Thumb Code    62  systemstate.o(i.GetSystemTimer)
    HAL_ADC_ConfigChannel                    0x0800117d   Thumb Code   316  stm32f4xx_hal_adc.o(i.HAL_ADC_ConfigChannel)
    HAL_ADC_ConvCpltCallback                 0x080012c9   Thumb Code     2  stm32f4xx_hal_adc.o(i.HAL_ADC_ConvCpltCallback)
    HAL_ADC_ConvHalfCpltCallback             0x080012cb   Thumb Code     2  stm32f4xx_hal_adc.o(i.HAL_ADC_ConvHalfCpltCallback)
    HAL_ADC_ErrorCallback                    0x080012cd   Thumb Code     2  stm32f4xx_hal_adc.o(i.HAL_ADC_ErrorCallback)
    HAL_ADC_Init                             0x080012cf   Thumb Code    84  stm32f4xx_hal_adc.o(i.HAL_ADC_Init)
    HAL_ADC_MspInit                          0x08001325   Thumb Code   228  adc.o(i.HAL_ADC_MspInit)
    HAL_ADC_Start_DMA                        0x08001425   Thumb Code   268  stm32f4xx_hal_adc.o(i.HAL_ADC_Start_DMA)
    HAL_CAN_ActivateNotification             0x08001555   Thumb Code    36  stm32f4xx_hal_can.o(i.HAL_CAN_ActivateNotification)
    HAL_CAN_AddTxMessage                     0x08001579   Thumb Code   200  stm32f4xx_hal_can.o(i.HAL_CAN_AddTxMessage)
    HAL_CAN_ConfigFilter                     0x08001641   Thumb Code   262  stm32f4xx_hal_can.o(i.HAL_CAN_ConfigFilter)
    HAL_CAN_ErrorCallback                    0x0800174d   Thumb Code     2  stm32f4xx_hal_can.o(i.HAL_CAN_ErrorCallback)
    HAL_CAN_GetRxMessage                     0x0800174f   Thumb Code   232  stm32f4xx_hal_can.o(i.HAL_CAN_GetRxMessage)
    HAL_CAN_IRQHandler                       0x08001837   Thumb Code   508  stm32f4xx_hal_can.o(i.HAL_CAN_IRQHandler)
    HAL_CAN_Init                             0x08001a33   Thumb Code   282  stm32f4xx_hal_can.o(i.HAL_CAN_Init)
    HAL_CAN_MspInit                          0x08001b4d   Thumb Code   228  can.o(i.HAL_CAN_MspInit)
    HAL_CAN_RxFifo0FullCallback              0x08001c49   Thumb Code     2  stm32f4xx_hal_can.o(i.HAL_CAN_RxFifo0FullCallback)
    HAL_CAN_RxFifo0MsgPendingCallback        0x08001c4d   Thumb Code   286  stm32f4xx_it.o(i.HAL_CAN_RxFifo0MsgPendingCallback)
    HAL_CAN_RxFifo1FullCallback              0x08001d89   Thumb Code     2  stm32f4xx_hal_can.o(i.HAL_CAN_RxFifo1FullCallback)
    HAL_CAN_RxFifo1MsgPendingCallback        0x08001d8b   Thumb Code     2  stm32f4xx_hal_can.o(i.HAL_CAN_RxFifo1MsgPendingCallback)
    HAL_CAN_SleepCallback                    0x08001d8d   Thumb Code     2  stm32f4xx_hal_can.o(i.HAL_CAN_SleepCallback)
    HAL_CAN_Start                            0x08001d91   Thumb Code    88  stm32f4xx_hal_can.o(i.HAL_CAN_Start)
    HAL_CAN_TxMailbox0AbortCallback          0x08001de9   Thumb Code     2  stm32f4xx_hal_can.o(i.HAL_CAN_TxMailbox0AbortCallback)
    HAL_CAN_TxMailbox0CompleteCallback       0x08001deb   Thumb Code     2  stm32f4xx_hal_can.o(i.HAL_CAN_TxMailbox0CompleteCallback)
    HAL_CAN_TxMailbox1AbortCallback          0x08001ded   Thumb Code     2  stm32f4xx_hal_can.o(i.HAL_CAN_TxMailbox1AbortCallback)
    HAL_CAN_TxMailbox1CompleteCallback       0x08001def   Thumb Code     2  stm32f4xx_hal_can.o(i.HAL_CAN_TxMailbox1CompleteCallback)
    HAL_CAN_TxMailbox2AbortCallback          0x08001df1   Thumb Code     2  stm32f4xx_hal_can.o(i.HAL_CAN_TxMailbox2AbortCallback)
    HAL_CAN_TxMailbox2CompleteCallback       0x08001df3   Thumb Code     2  stm32f4xx_hal_can.o(i.HAL_CAN_TxMailbox2CompleteCallback)
    HAL_CAN_WakeUpFromRxMsgCallback          0x08001df5   Thumb Code     2  stm32f4xx_hal_can.o(i.HAL_CAN_WakeUpFromRxMsgCallback)
    HAL_DMA_Abort_IT                         0x08001df7   Thumb Code    36  stm32f4xx_hal_dma.o(i.HAL_DMA_Abort_IT)
    HAL_DMA_IRQHandler                       0x08001e1d   Thumb Code   412  stm32f4xx_hal_dma.o(i.HAL_DMA_IRQHandler)
    HAL_DMA_Init                             0x08001fbd   Thumb Code   206  stm32f4xx_hal_dma.o(i.HAL_DMA_Init)
    HAL_DMA_Start_IT                         0x08002091   Thumb Code   120  stm32f4xx_hal_dma.o(i.HAL_DMA_Start_IT)
    HAL_GPIO_Init                            0x08002109   Thumb Code   388  stm32f4xx_hal_gpio.o(i.HAL_GPIO_Init)
    HAL_GPIO_WritePin                        0x080022b9   Thumb Code    10  stm32f4xx_hal_gpio.o(i.HAL_GPIO_WritePin)
    HAL_GetTick                              0x080022c5   Thumb Code     6  stm32f4xx_hal.o(i.HAL_GetTick)
    HAL_IncTick                              0x080022d1   Thumb Code    12  stm32f4xx_hal.o(i.HAL_IncTick)
    HAL_Init                                 0x080022e1   Thumb Code    48  stm32f4xx_hal.o(i.HAL_Init)
    HAL_InitTick                             0x08002315   Thumb Code   100  stm32f4xx_hal_timebase_tim.o(i.HAL_InitTick)
    HAL_MspInit                              0x08002389   Thumb Code    52  stm32f4xx_hal_msp.o(i.HAL_MspInit)
    HAL_NVIC_EnableIRQ                       0x080023c1   Thumb Code    26  stm32f4xx_hal_cortex.o(i.HAL_NVIC_EnableIRQ)
    HAL_NVIC_SetPriority                     0x080023dd   Thumb Code    60  stm32f4xx_hal_cortex.o(i.HAL_NVIC_SetPriority)
    HAL_NVIC_SetPriorityGrouping             0x0800241d   Thumb Code    26  stm32f4xx_hal_cortex.o(i.HAL_NVIC_SetPriorityGrouping)
    HAL_RCC_ClockConfig                      0x08002441   Thumb Code   286  stm32f4xx_hal_rcc.o(i.HAL_RCC_ClockConfig)
    HAL_RCC_GetClockConfig                   0x08002571   Thumb Code    54  stm32f4xx_hal_rcc.o(i.HAL_RCC_GetClockConfig)
    HAL_RCC_GetHCLKFreq                      0x080025b1   Thumb Code     6  stm32f4xx_hal_rcc.o(i.HAL_RCC_GetHCLKFreq)
    HAL_RCC_GetPCLK1Freq                     0x080025bd   Thumb Code    20  stm32f4xx_hal_rcc.o(i.HAL_RCC_GetPCLK1Freq)
    HAL_RCC_GetPCLK2Freq                     0x080025dd   Thumb Code    20  stm32f4xx_hal_rcc.o(i.HAL_RCC_GetPCLK2Freq)
    HAL_RCC_GetSysClockFreq                  0x080025fd   Thumb Code    88  stm32f4xx_hal_rcc.o(i.HAL_RCC_GetSysClockFreq)
    HAL_RCC_OscConfig                        0x08002661   Thumb Code   770  stm32f4xx_hal_rcc.o(i.HAL_RCC_OscConfig)
    HAL_SYSTICK_CLKSourceConfig              0x0800297d   Thumb Code    24  stm32f4xx_hal_cortex.o(i.HAL_SYSTICK_CLKSourceConfig)
    HAL_SYSTICK_Config                       0x08002995   Thumb Code    40  stm32f4xx_hal_cortex.o(i.HAL_SYSTICK_Config)
    HAL_TIMEx_BreakCallback                  0x080029bd   Thumb Code     2  stm32f4xx_hal_tim_ex.o(i.HAL_TIMEx_BreakCallback)
    HAL_TIMEx_CommutCallback                 0x080029bf   Thumb Code     2  stm32f4xx_hal_tim_ex.o(i.HAL_TIMEx_CommutCallback)
    HAL_TIMEx_MasterConfigSynchronization    0x080029c1   Thumb Code    66  stm32f4xx_hal_tim_ex.o(i.HAL_TIMEx_MasterConfigSynchronization)
    HAL_TIM_Base_Init                        0x08002a03   Thumb Code    54  stm32f4xx_hal_tim.o(i.HAL_TIM_Base_Init)
    HAL_TIM_Base_MspInit                     0x08002a39   Thumb Code   122  tim.o(i.HAL_TIM_Base_MspInit)
    HAL_TIM_Base_Start_IT                    0x08002ac5   Thumb Code    34  stm32f4xx_hal_tim.o(i.HAL_TIM_Base_Start_IT)
    HAL_TIM_ConfigClockSource                0x08002ae7   Thumb Code   214  stm32f4xx_hal_tim.o(i.HAL_TIM_ConfigClockSource)
    HAL_TIM_IC_CaptureCallback               0x08002bbd   Thumb Code     2  stm32f4xx_hal_tim.o(i.HAL_TIM_IC_CaptureCallback)
    HAL_TIM_IRQHandler                       0x08002bbf   Thumb Code   358  stm32f4xx_hal_tim.o(i.HAL_TIM_IRQHandler)
    HAL_TIM_OC_DelayElapsedCallback          0x08002d25   Thumb Code     2  stm32f4xx_hal_tim.o(i.HAL_TIM_OC_DelayElapsedCallback)
    HAL_TIM_PWM_PulseFinishedCallback        0x08002d27   Thumb Code     2  stm32f4xx_hal_tim.o(i.HAL_TIM_PWM_PulseFinishedCallback)
    HAL_TIM_PeriodElapsedCallback            0x08002d29   Thumb Code    24  stm32f4xx_it.o(i.HAL_TIM_PeriodElapsedCallback)
    HAL_TIM_TriggerCallback                  0x08002d49   Thumb Code     2  stm32f4xx_hal_tim.o(i.HAL_TIM_TriggerCallback)
    HAL_UART_ErrorCallback                   0x08002d4b   Thumb Code     2  stm32f4xx_hal_uart.o(i.HAL_UART_ErrorCallback)
    HAL_UART_IRQHandler                      0x08002d4d   Thumb Code   266  stm32f4xx_hal_uart.o(i.HAL_UART_IRQHandler)
    HAL_UART_Init                            0x08002e5d   Thumb Code    98  stm32f4xx_hal_uart.o(i.HAL_UART_Init)
    HAL_UART_MspInit                         0x08002ec1   Thumb Code   414  usart.o(i.HAL_UART_MspInit)
    HAL_UART_RxCpltCallback                  0x0800308d   Thumb Code     2  stm32f4xx_hal_uart.o(i.HAL_UART_RxCpltCallback)
    HAL_UART_Transmit                        0x0800308f   Thumb Code   186  stm32f4xx_hal_uart.o(i.HAL_UART_Transmit)
    HAL_UART_TxCpltCallback                  0x08003149   Thumb Code     2  stm32f4xx_hal_uart.o(i.HAL_UART_TxCpltCallback)
    HardFault_Handler                        0x0800314b   Thumb Code     2  stm32f4xx_it.o(i.HardFault_Handler)
    LPF_1st                                  0x0800314d   Thumb Code    18  power_restriction.o(i.LPF_1st)
    MX_ADC1_Init                             0x08003161   Thumb Code    86  adc.o(i.MX_ADC1_Init)
    MX_ADC2_Init                             0x080031c5   Thumb Code    88  adc.o(i.MX_ADC2_Init)
    MX_ADC3_Init                             0x08003229   Thumb Code    88  adc.o(i.MX_ADC3_Init)
    MX_CAN1_Init                             0x0800328d   Thumb Code    60  can.o(i.MX_CAN1_Init)
    MX_CAN2_Init                             0x080032d1   Thumb Code    60  can.o(i.MX_CAN2_Init)
    MX_DMA_Init                              0x08003315   Thumb Code    72  dma.o(i.MX_DMA_Init)
    MX_FREERTOS_Init                         0x08003361   Thumb Code    96  freertos.o(i.MX_FREERTOS_Init)
    MX_GPIO_Init                             0x080033c9   Thumb Code   258  gpio.o(i.MX_GPIO_Init)
    MX_TIM13_Init                            0x080034e5   Thumb Code    48  tim.o(i.MX_TIM13_Init)
    MX_TIM3_Init                             0x0800351d   Thumb Code   100  tim.o(i.MX_TIM3_Init)
    MX_TIM4_Init                             0x08003589   Thumb Code   100  tim.o(i.MX_TIM4_Init)
    MX_USART1_UART_Init                      0x080035f5   Thumb Code    48  usart.o(i.MX_USART1_UART_Init)
    MX_USART2_UART_Init                      0x0800362d   Thumb Code    48  usart.o(i.MX_USART2_UART_Init)
    MX_USART3_UART_Init                      0x08003665   Thumb Code    48  usart.o(i.MX_USART3_UART_Init)
    MX_USART6_UART_Init                      0x0800369d   Thumb Code    48  usart.o(i.MX_USART6_UART_Init)
    MemManage_Handler                        0x080036d5   Thumb Code     2  stm32f4xx_it.o(i.MemManage_Handler)
    MiniPC_Data_task                         0x080036d7   Thumb Code    18  data_processing.o(i.MiniPC_Data_task)
    MouseKeyControlProcess                   0x080036e9   Thumb Code   352  data_processing.o(i.MouseKeyControlProcess)
    NMI_Handler                              0x0800385d   Thumb Code     2  stm32f4xx_it.o(i.NMI_Handler)
    PID_struct_init                          0x08003861   Thumb Code    16  pid.o(i.PID_struct_init)
    RefreshDeviceOutLineTime                 0x08003879   Thumb Code    20  systemstate.o(i.RefreshDeviceOutLineTime)
    RefreshSysTime                           0x08003891   Thumb Code    10  systemstate.o(i.RefreshSysTime)
    RefreshTaskOutLineTime                   0x080038a1   Thumb Code    20  systemstate.o(i.RefreshTaskOutLineTime)
    RemoteControlProcess                     0x080038b9   Thumb Code    52  data_processing.o(i.RemoteControlProcess)
    Remote_Data_Task                         0x080038f5   Thumb Code    62  data_processing.o(i.Remote_Data_Task)
    SysTick_Handler                          0x08003939   Thumb Code     4  stm32f4xx_it.o(i.SysTick_Handler)
    SystemClock_Config                       0x0800393d   Thumb Code   158  main.o(i.SystemClock_Config)
    SystemInit                               0x080039e5   Thumb Code    66  system_stm32f4xx.o(i.SystemInit)
    SystemState_Inite                        0x08003a39   Thumb Code    18  systemstate.o(i.SystemState_Inite)
    TIM1_UP_TIM10_IRQHandler                 0x08003a55   Thumb Code     6  stm32f4xx_it.o(i.TIM1_UP_TIM10_IRQHandler)
    TIM3_IRQHandler                          0x08003a61   Thumb Code     6  stm32f4xx_it.o(i.TIM3_IRQHandler)
    TIM4_IRQHandler                          0x08003a6d   Thumb Code     6  stm32f4xx_it.o(i.TIM4_IRQHandler)
    TIM8_UP_TIM13_IRQHandler                 0x08003a79   Thumb Code     6  stm32f4xx_it.o(i.TIM8_UP_TIM13_IRQHandler)
    TIM_Base_SetConfig                       0x08003a85   Thumb Code   156  stm32f4xx_hal_tim.o(i.TIM_Base_SetConfig)
    TIM_ETR_SetConfig                        0x08003b4d   Thumb Code    20  stm32f4xx_hal_tim.o(i.TIM_ETR_SetConfig)
    USART1_IRQHandler                        0x08003fed   Thumb Code     6  stm32f4xx_it.o(i.USART1_IRQHandler)
    USART2_IRQHandler                        0x08003ff9   Thumb Code     6  stm32f4xx_it.o(i.USART2_IRQHandler)
    UsageFault_Handler                       0x08004005   Thumb Code     2  stm32f4xx_it.o(i.UsageFault_Handler)
    Usart_SendArray                          0x08004007   Thumb Code    34  usart.o(i.Usart_SendArray)
    Usart_SendByte                           0x08004029   Thumb Code    14  usart.o(i.Usart_SendByte)
    __scatterload_copy                       0x08004057   Thumb Code    14  handlers.o(i.__scatterload_copy)
    __scatterload_null                       0x08004065   Thumb Code     2  handlers.o(i.__scatterload_null)
    __scatterload_zeroinit                   0x08004067   Thumb Code    14  handlers.o(i.__scatterload_zeroinit)
    get_moto_measure_3508                    0x08004075   Thumb Code    64  motor_use_can.o(i.get_moto_measure_3508)
    get_moto_offset                          0x080040b5   Thumb Code    10  motor_use_can.o(i.get_moto_offset)
    main                                     0x080040bf   Thumb Code    30  main.o(i.main)
    motor_move_setvmmps                      0x080040e9   Thumb Code    42  mecanum_calc.o(i.motor_move_setvmmps)
    osDelay                                  0x08004113   Thumb Code    14  cmsis_os.o(i.osDelay)
    osDelayUntil                             0x08004121   Thumb Code    14  cmsis_os.o(i.osDelayUntil)
    osKernelStart                            0x0800412f   Thumb Code    10  cmsis_os.o(i.osKernelStart)
    osSystickHandler                         0x08004139   Thumb Code    20  cmsis_os.o(i.osSystickHandler)
    osThreadCreate                           0x0800414d   Thumb Code    84  cmsis_os.o(i.osThreadCreate)
    pid_calc                                 0x080041a1   Thumb Code   472  pid.o(i.pid_calc)
    pvPortMalloc                             0x080046d9   Thumb Code   210  heap_4.o(i.pvPortMalloc)
    pxPortInitialiseStack                    0x080047b1   Thumb Code    40  port.o(i.pxPortInitialiseStack)
    testTask                                 0x080047dd   Thumb Code   446  other_tasks.o(i.testTask)
    ulTaskNotifyTake                         0x080049ed   Thumb Code    96  tasks.o(i.ulTaskNotifyTake)
    uxListRemove                             0x08004a55   Thumb Code    38  list.o(i.uxListRemove)
    vApplicationGetIdleTaskMemory            0x08004a7d   Thumb Code    16  freertos.o(i.vApplicationGetIdleTaskMemory)
    vListInitialise                          0x08004a91   Thumb Code    22  list.o(i.vListInitialise)
    vListInitialiseItem                      0x08004aa7   Thumb Code     6  list.o(i.vListInitialiseItem)
    vListInsert                              0x08004aad   Thumb Code    48  list.o(i.vListInsert)
    vListInsertEnd                           0x08004add   Thumb Code    24  list.o(i.vListInsertEnd)
    vPortEnterCritical                       0x08004af5   Thumb Code    54  port.o(i.vPortEnterCritical)
    vPortExitCritical                        0x08004b35   Thumb Code    34  port.o(i.vPortExitCritical)
    vPortFree                                0x08004b5d   Thumb Code    88  heap_4.o(i.vPortFree)
    vPortSetupTimerInterrupt                 0x08004bb9   Thumb Code    32  port.o(i.vPortSetupTimerInterrupt)
    vPortValidateInterruptPriority           0x08004bdd   Thumb Code    74  port.o(i.vPortValidateInterruptPriority)
    vTaskDelay                               0x08004c31   Thumb Code    66  tasks.o(i.vTaskDelay)
    vTaskDelayUntil                          0x08004c7d   Thumb Code   132  tasks.o(i.vTaskDelayUntil)
    vTaskNotifyGiveFromISR                   0x08004d09   Thumb Code   174  tasks.o(i.vTaskNotifyGiveFromISR)
    vTaskStartScheduler                      0x08004dc1   Thumb Code    90  tasks.o(i.vTaskStartScheduler)
    vTaskSuspendAll                          0x08004e2d   Thumb Code    10  tasks.o(i.vTaskSuspendAll)
    vTaskSwitchContext                       0x08004e3d   Thumb Code    82  tasks.o(i.vTaskSwitchContext)
    vcan_sendware                            0x08004e99   Thumb Code    50  usart.o(i.vcan_sendware)
    xPortStartScheduler                      0x08004ed9   Thumb Code   222  port.o(i.xPortStartScheduler)
    xPortSysTickHandler                      0x08004fcd   Thumb Code    38  port.o(i.xPortSysTickHandler)
    xTaskCreate                              0x08004ff9   Thumb Code    90  tasks.o(i.xTaskCreate)
    xTaskCreateStatic                        0x08005053   Thumb Code    86  tasks.o(i.xTaskCreateStatic)
    xTaskGetSchedulerState                   0x080050a9   Thumb Code    22  tasks.o(i.xTaskGetSchedulerState)
    xTaskGetTickCount                        0x080050c5   Thumb Code     6  tasks.o(i.xTaskGetTickCount)
    xTaskIncrementTick                       0x080050d1   Thumb Code   192  tasks.o(i.xTaskIncrementTick)
    xTaskResumeAll                           0x08005199   Thumb Code   182  tasks.o(i.xTaskResumeAll)
    AHBPrescTable                            0x080052d4   Data          16  system_stm32f4xx.o(.constdata)
    APBPrescTable                            0x080052e4   Data           8  system_stm32f4xx.o(.constdata)
    sinTable_f32                             0x080052ec   Data        2052  arm_common_tables.o(.constdata)
    Region$$Table$$Base                      0x08005b24   Number         0  anon$$obj.o(Region$$Table)
    Region$$Table$$Limit                     0x08005b44   Number         0  anon$$obj.o(Region$$Table)
    testTaskHandle                           0x20000004   Data           4  freertos.o(.data)
    RemoteDataTaskHandle                     0x20000008   Data           4  freertos.o(.data)
    MiniPCDataTaskHandle                     0x2000000c   Data           4  freertos.o(.data)
    CAN1_RX_date                             0x20000014   Data           8  stm32f4xx_it.o(.data)
    CAN2_RX_date                             0x2000001c   Data           8  stm32f4xx_it.o(.data)
    uwTickFreq                               0x20000024   Data           1  stm32f4xx_hal.o(.data)
    uwTickPrio                               0x20000028   Data           4  stm32f4xx_hal.o(.data)
    uwTick                                   0x2000002c   Data           4  stm32f4xx_hal.o(.data)
    SystemCoreClock                          0x20000030   Data           4  system_stm32f4xx.o(.data)
    pxCurrentTCB                             0x20000034   Data           4  tasks.o(.data)
    gimbal_status                            0x20000094   Data           4  communication.o(.data)
    chassis_status                           0x2000009e   Data           2  chassis_control.o(.data)
    total_set                                0x200000a8   Data           4  chassis_control.o(.data)
    XY_speed_max                             0x200000ac   Data           2  data_processing.o(.data)
    XY_speed_min                             0x200000ae   Data           2  data_processing.o(.data)
    W_speed_max                              0x200000b0   Data           2  data_processing.o(.data)
    W_speed_min                              0x200000b2   Data           2  data_processing.o(.data)
    test_i                                   0x200000b4   Data           4  other_tasks.o(.data)
    I_measure                                0x200000b8   Data           4  other_tasks.o(.data)
    I_SUM                                    0x200000bc   Data           4  other_tasks.o(.data)
    V_value                                  0x200000c0   Data           4  other_tasks.o(.data)
    Total_power                              0x200000c4   Data           4  other_tasks.o(.data)
    hadc1                                    0x200000c8   Data          72  adc.o(.bss)
    hadc2                                    0x20000110   Data          72  adc.o(.bss)
    hadc3                                    0x20000158   Data          72  adc.o(.bss)
    hdma_adc1                                0x200001a0   Data          96  adc.o(.bss)
    hcan1                                    0x20000200   Data          40  can.o(.bss)
    hcan2                                    0x20000228   Data          40  can.o(.bss)
    htim3                                    0x200004a4   Data          64  tim.o(.bss)
    htim4                                    0x200004e4   Data          64  tim.o(.bss)
    htim13                                   0x20000524   Data          64  tim.o(.bss)
    huart1                                   0x20000564   Data          64  usart.o(.bss)
    huart2                                   0x200005a4   Data          64  usart.o(.bss)
    huart3                                   0x200005e4   Data          64  usart.o(.bss)
    huart6                                   0x20000624   Data          64  usart.o(.bss)
    hdma_usart1_rx                           0x20000664   Data          96  usart.o(.bss)
    hdma_usart2_rx                           0x200006c4   Data          96  usart.o(.bss)
    CAN1_Rx_Header                           0x20000724   Data          28  stm32f4xx_it.o(.bss)
    CAN2_Rx_Header                           0x20000740   Data          28  stm32f4xx_it.o(.bss)
    htim1                                    0x2000075c   Data          64  stm32f4xx_hal_timebase_tim.o(.bss)
    uhADCxConvertedValue                     0x2000079c   Data          40  bsp.o(.bss)
    moto_chassis_get                         0x200044b4   Data         240  motor_use_can.o(.bss)
    moto_gimbal_get                          0x200045a4   Data          60  motor_use_can.o(.bss)
    RC_Ctl                                   0x200045e0   Data          20  motor_use_can.o(.bss)
    SystemState                              0x2000463c   Data          20  systemstate.o(.bss)
    g_Time_DeviceOutLine                     0x20004650   Data          16  systemstate.o(.bss)
    g_Time_TASKOutLine                       0x20004660   Data          24  systemstate.o(.bss)
    pid_chassis_follow                       0x20004678   Data         128  chassis_control.o(.bss)
    moto_3508_set                            0x200046f8   Data          16  chassis_control.o(.bss)
    pid_3508_pos                             0x20004718   Data         128  chassis_control.o(.bss)
    pid_3508_spd                             0x20004798   Data         512  chassis_control.o(.bss)
    pid_3508_current                         0x20004998   Data         512  chassis_control.o(.bss)
    I_value                                  0x20004b98   Data          32  other_tasks.o(.bss)
    __initial_sp                             0x20004fb8   Data           0  startup_stm32f407xx.o(STACK)



==============================================================================

Memory Map of the image

  Image Entry point : 0x08000189

  Load Region LR_IROM1 (Base: 0x08000000, Size: 0x00005c0c, Max: 0x00100000, ABSOLUTE)

    Execution Region ER_IROM1 (Base: 0x08000000, Size: 0x00005b44, Max: 0x00100000, ABSOLUTE)

    Base Addr    Size         Type   Attr      Idx    E Section Name        Object

    0x08000000   0x00000188   Data   RO            3    RESET               startup_stm32f407xx.o
    0x08000188   0x00000000   Code   RO         6301  * .ARM.Collect$$$$00000000  mc_w.l(entry.o)
    0x08000188   0x00000004   Code   RO         6374    .ARM.Collect$$$$00000001  mc_w.l(entry2.o)
    0x0800018c   0x00000004   Code   RO         6377    .ARM.Collect$$$$00000004  mc_w.l(entry5.o)
    0x08000190   0x00000000   Code   RO         6379    .ARM.Collect$$$$00000008  mc_w.l(entry7b.o)
    0x08000190   0x00000000   Code   RO         6381    .ARM.Collect$$$$0000000A  mc_w.l(entry8b.o)
    0x08000190   0x00000008   Code   RO         6382    .ARM.Collect$$$$0000000B  mc_w.l(entry9a.o)
    0x08000198   0x00000000   Code   RO         6384    .ARM.Collect$$$$0000000D  mc_w.l(entry10a.o)
    0x08000198   0x00000000   Code   RO         6386    .ARM.Collect$$$$0000000F  mc_w.l(entry11a.o)
    0x08000198   0x00000004   Code   RO         6375    .ARM.Collect$$$$00002712  mc_w.l(entry2.o)
    0x0800019c   0x000000be   Code   RO         5066    .emb_text           port.o
    0x0800025a   0x00000002   PAD
    0x0800025c   0x00000024   Code   RO            4    .text               startup_stm32f407xx.o
    0x08000280   0x00000104   Code   RO         6155    .text               arm_cortexM4lf_math.lib(arm_sin_cos_f32.o)
    0x08000384   0x00000062   Code   RO         6304    .text               mc_w.l(uldiv.o)
    0x080003e6   0x00000024   Code   RO         6306    .text               mc_w.l(memcpya.o)
    0x0800040a   0x00000024   Code   RO         6310    .text               mc_w.l(memseta.o)
    0x0800042e   0x0000014e   Code   RO         6344    .text               mf_w.l(dadd.o)
    0x0800057c   0x000000e4   Code   RO         6346    .text               mf_w.l(dmul.o)
    0x08000660   0x000000de   Code   RO         6348    .text               mf_w.l(ddiv.o)
    0x0800073e   0x00000022   Code   RO         6350    .text               mf_w.l(dflti.o)
    0x08000760   0x0000001a   Code   RO         6352    .text               mf_w.l(dfltui.o)
    0x0800077a   0x00000026   Code   RO         6354    .text               mf_w.l(f2d.o)
    0x080007a0   0x00000038   Code   RO         6356    .text               mf_w.l(d2f.o)
    0x080007d8   0x0000001e   Code   RO         6388    .text               mc_w.l(llshl.o)
    0x080007f6   0x00000020   Code   RO         6390    .text               mc_w.l(llushr.o)
    0x08000816   0x00000024   Code   RO         6392    .text               mc_w.l(llsshr.o)
    0x0800083a   0x00000000   Code   RO         6403    .text               mc_w.l(iusefp.o)
    0x0800083a   0x0000006e   Code   RO         6404    .text               mf_w.l(fepilogue.o)
    0x080008a8   0x000000ba   Code   RO         6406    .text               mf_w.l(depilogue.o)
    0x08000962   0x00000002   PAD
    0x08000964   0x00000024   Code   RO         6410    .text               mc_w.l(init.o)
    0x08000988   0x0000002a   Code   RO         5358    i.ABS_limit         pid.o
    0x080009b2   0x0000006e   Code   RO          952    i.ADC_DMAConvCplt   stm32f4xx_hal_adc.o
    0x08000a20   0x00000016   Code   RO          953    i.ADC_DMAError      stm32f4xx_hal_adc.o
    0x08000a36   0x0000000a   Code   RO          954    i.ADC_DMAHalfConvCplt  stm32f4xx_hal_adc.o
    0x08000a40   0x00000128   Code   RO          955    i.ADC_Init          stm32f4xx_hal_adc.o
    0x08000b68   0x00000040   Code   RO         5947    i.Absolute_angle_Conversion  chassis_control.o
    0x08000ba8   0x00000084   Code   RO          896    i.BSP_Init          bsp.o
    0x08000c2c   0x00000002   Code   RO          693    i.BusFault_Handler  stm32f4xx_it.o
    0x08000c2e   0x00000002   PAD
    0x08000c30   0x0000000c   Code   RO          694    i.CAN1_RX0_IRQHandler  stm32f4xx_it.o
    0x08000c3c   0x0000000c   Code   RO          695    i.CAN2_RX0_IRQHandler  stm32f4xx_it.o
    0x08000c48   0x00000028   Code   RO         5185    i.CAN_Get_Gimbal    motor_use_can.o
    0x08000c70   0x00000024   Code   RO         5186    i.CAN_Get_Remote    motor_use_can.o
    0x08000c94   0x0000003c   Code   RO          381    i.CanFilter_Init    can.o
    0x08000cd0   0x00000240   Code   RO         5948    i.Chassis_Contrl_Task  chassis_control.o
    0x08000f10   0x00000050   Code   RO         5189    i.Chassis_Motor     motor_use_can.o
    0x08000f60   0x00000110   Code   RO         5949    i.Chassis_pid_init  chassis_control.o
    0x08001070   0x0000000c   Code   RO          696    i.DMA1_Stream5_IRQHandler  stm32f4xx_it.o
    0x0800107c   0x0000000c   Code   RO          697    i.DMA2_Stream2_IRQHandler  stm32f4xx_it.o
    0x08001088   0x00000028   Code   RO         3174    i.DMA_CalcBaseAndBitshift  stm32f4xx_hal_dma.o
    0x080010b0   0x00000054   Code   RO         3175    i.DMA_CheckFifoParam  stm32f4xx_hal_dma.o
    0x08001104   0x00000028   Code   RO         3176    i.DMA_SetConfig     stm32f4xx_hal_dma.o
    0x0800112c   0x00000002   Code   RO          698    i.DebugMon_Handler  stm32f4xx_it.o
    0x0800112e   0x00000002   Code   RO           13    i.Error_Handler     main.o
    0x08001130   0x0000004c   Code   RO         5660    i.GetSystemTimer    systemstate.o
    0x0800117c   0x0000014c   Code   RO          957    i.HAL_ADC_ConfigChannel  stm32f4xx_hal_adc.o
    0x080012c8   0x00000002   Code   RO          958    i.HAL_ADC_ConvCpltCallback  stm32f4xx_hal_adc.o
    0x080012ca   0x00000002   Code   RO          959    i.HAL_ADC_ConvHalfCpltCallback  stm32f4xx_hal_adc.o
    0x080012cc   0x00000002   Code   RO          961    i.HAL_ADC_ErrorCallback  stm32f4xx_hal_adc.o
    0x080012ce   0x00000054   Code   RO          966    i.HAL_ADC_Init      stm32f4xx_hal_adc.o
    0x08001322   0x00000002   PAD
    0x08001324   0x00000100   Code   RO          328    i.HAL_ADC_MspInit   adc.o
    0x08001424   0x00000130   Code   RO          973    i.HAL_ADC_Start_DMA  stm32f4xx_hal_adc.o
    0x08001554   0x00000024   Code   RO         1228    i.HAL_CAN_ActivateNotification  stm32f4xx_hal_can.o
    0x08001578   0x000000c8   Code   RO         1229    i.HAL_CAN_AddTxMessage  stm32f4xx_hal_can.o
    0x08001640   0x0000010c   Code   RO         1230    i.HAL_CAN_ConfigFilter  stm32f4xx_hal_can.o
    0x0800174c   0x00000002   Code   RO         1233    i.HAL_CAN_ErrorCallback  stm32f4xx_hal_can.o
    0x0800174e   0x000000e8   Code   RO         1236    i.HAL_CAN_GetRxMessage  stm32f4xx_hal_can.o
    0x08001836   0x000001fc   Code   RO         1240    i.HAL_CAN_IRQHandler  stm32f4xx_hal_can.o
    0x08001a32   0x0000011a   Code   RO         1241    i.HAL_CAN_Init      stm32f4xx_hal_can.o
    0x08001b4c   0x000000fc   Code   RO          383    i.HAL_CAN_MspInit   can.o
    0x08001c48   0x00000002   Code   RO         1248    i.HAL_CAN_RxFifo0FullCallback  stm32f4xx_hal_can.o
    0x08001c4a   0x00000002   PAD
    0x08001c4c   0x0000013c   Code   RO          699    i.HAL_CAN_RxFifo0MsgPendingCallback  stm32f4xx_it.o
    0x08001d88   0x00000002   Code   RO         1250    i.HAL_CAN_RxFifo1FullCallback  stm32f4xx_hal_can.o
    0x08001d8a   0x00000002   Code   RO         1251    i.HAL_CAN_RxFifo1MsgPendingCallback  stm32f4xx_hal_can.o
    0x08001d8c   0x00000002   Code   RO         1252    i.HAL_CAN_SleepCallback  stm32f4xx_hal_can.o
    0x08001d8e   0x00000002   PAD
    0x08001d90   0x00000058   Code   RO         1253    i.HAL_CAN_Start     stm32f4xx_hal_can.o
    0x08001de8   0x00000002   Code   RO         1255    i.HAL_CAN_TxMailbox0AbortCallback  stm32f4xx_hal_can.o
    0x08001dea   0x00000002   Code   RO         1256    i.HAL_CAN_TxMailbox0CompleteCallback  stm32f4xx_hal_can.o
    0x08001dec   0x00000002   Code   RO         1257    i.HAL_CAN_TxMailbox1AbortCallback  stm32f4xx_hal_can.o
    0x08001dee   0x00000002   Code   RO         1258    i.HAL_CAN_TxMailbox1CompleteCallback  stm32f4xx_hal_can.o
    0x08001df0   0x00000002   Code   RO         1259    i.HAL_CAN_TxMailbox2AbortCallback  stm32f4xx_hal_can.o
    0x08001df2   0x00000002   Code   RO         1260    i.HAL_CAN_TxMailbox2CompleteCallback  stm32f4xx_hal_can.o
    0x08001df4   0x00000002   Code   RO         1262    i.HAL_CAN_WakeUpFromRxMsgCallback  stm32f4xx_hal_can.o
    0x08001df6   0x00000024   Code   RO         3178    i.HAL_DMA_Abort_IT  stm32f4xx_hal_dma.o
    0x08001e1a   0x00000002   PAD
    0x08001e1c   0x000001a0   Code   RO         3182    i.HAL_DMA_IRQHandler  stm32f4xx_hal_dma.o
    0x08001fbc   0x000000d4   Code   RO         3183    i.HAL_DMA_Init      stm32f4xx_hal_dma.o
    0x08002090   0x00000078   Code   RO         3187    i.HAL_DMA_Start_IT  stm32f4xx_hal_dma.o
    0x08002108   0x000001b0   Code   RO         3070    i.HAL_GPIO_Init     stm32f4xx_hal_gpio.o
    0x080022b8   0x0000000a   Code   RO         3074    i.HAL_GPIO_WritePin  stm32f4xx_hal_gpio.o
    0x080022c2   0x00000002   PAD
    0x080022c4   0x0000000c   Code   RO         3602    i.HAL_GetTick       stm32f4xx_hal.o
    0x080022d0   0x00000010   Code   RO         3608    i.HAL_IncTick       stm32f4xx_hal.o
    0x080022e0   0x00000034   Code   RO         3609    i.HAL_Init          stm32f4xx_hal.o
    0x08002314   0x00000074   Code   RO          857    i.HAL_InitTick      stm32f4xx_hal_timebase_tim.o
    0x08002388   0x00000038   Code   RO          833    i.HAL_MspInit       stm32f4xx_hal_msp.o
    0x080023c0   0x0000001a   Code   RO         3459    i.HAL_NVIC_EnableIRQ  stm32f4xx_hal_cortex.o
    0x080023da   0x00000002   PAD
    0x080023dc   0x00000040   Code   RO         3465    i.HAL_NVIC_SetPriority  stm32f4xx_hal_cortex.o
    0x0800241c   0x00000024   Code   RO         3466    i.HAL_NVIC_SetPriorityGrouping  stm32f4xx_hal_cortex.o
    0x08002440   0x00000130   Code   RO         2716    i.HAL_RCC_ClockConfig  stm32f4xx_hal_rcc.o
    0x08002570   0x00000040   Code   RO         2720    i.HAL_RCC_GetClockConfig  stm32f4xx_hal_rcc.o
    0x080025b0   0x0000000c   Code   RO         2721    i.HAL_RCC_GetHCLKFreq  stm32f4xx_hal_rcc.o
    0x080025bc   0x00000020   Code   RO         2723    i.HAL_RCC_GetPCLK1Freq  stm32f4xx_hal_rcc.o
    0x080025dc   0x00000020   Code   RO         2724    i.HAL_RCC_GetPCLK2Freq  stm32f4xx_hal_rcc.o
    0x080025fc   0x00000064   Code   RO         2725    i.HAL_RCC_GetSysClockFreq  stm32f4xx_hal_rcc.o
    0x08002660   0x0000031c   Code   RO         2728    i.HAL_RCC_OscConfig  stm32f4xx_hal_rcc.o
    0x0800297c   0x00000018   Code   RO         3468    i.HAL_SYSTICK_CLKSourceConfig  stm32f4xx_hal_cortex.o
    0x08002994   0x00000028   Code   RO         3470    i.HAL_SYSTICK_Config  stm32f4xx_hal_cortex.o
    0x080029bc   0x00000002   Code   RO         2138    i.HAL_TIMEx_BreakCallback  stm32f4xx_hal_tim_ex.o
    0x080029be   0x00000002   Code   RO         2139    i.HAL_TIMEx_CommutCallback  stm32f4xx_hal_tim_ex.o
    0x080029c0   0x00000042   Code   RO         2156    i.HAL_TIMEx_MasterConfigSynchronization  stm32f4xx_hal_tim_ex.o
    0x08002a02   0x00000036   Code   RO         1463    i.HAL_TIM_Base_Init  stm32f4xx_hal_tim.o
    0x08002a38   0x0000008c   Code   RO          545    i.HAL_TIM_Base_MspInit  tim.o
    0x08002ac4   0x00000022   Code   RO         1468    i.HAL_TIM_Base_Start_IT  stm32f4xx_hal_tim.o
    0x08002ae6   0x000000d6   Code   RO         1472    i.HAL_TIM_ConfigClockSource  stm32f4xx_hal_tim.o
    0x08002bbc   0x00000002   Code   RO         1492    i.HAL_TIM_IC_CaptureCallback  stm32f4xx_hal_tim.o
    0x08002bbe   0x00000166   Code   RO         1506    i.HAL_TIM_IRQHandler  stm32f4xx_hal_tim.o
    0x08002d24   0x00000002   Code   RO         1509    i.HAL_TIM_OC_DelayElapsedCallback  stm32f4xx_hal_tim.o
    0x08002d26   0x00000002   Code   RO         1536    i.HAL_TIM_PWM_PulseFinishedCallback  stm32f4xx_hal_tim.o
    0x08002d28   0x00000020   Code   RO          700    i.HAL_TIM_PeriodElapsedCallback  stm32f4xx_it.o
    0x08002d48   0x00000002   Code   RO         1549    i.HAL_TIM_TriggerCallback  stm32f4xx_hal_tim.o
    0x08002d4a   0x00000002   Code   RO         2410    i.HAL_UART_ErrorCallback  stm32f4xx_hal_uart.o
    0x08002d4c   0x00000110   Code   RO         2413    i.HAL_UART_IRQHandler  stm32f4xx_hal_uart.o
    0x08002e5c   0x00000062   Code   RO         2414    i.HAL_UART_Init     stm32f4xx_hal_uart.o
    0x08002ebe   0x00000002   PAD
    0x08002ec0   0x000001cc   Code   RO          601    i.HAL_UART_MspInit  usart.o
    0x0800308c   0x00000002   Code   RO         2420    i.HAL_UART_RxCpltCallback  stm32f4xx_hal_uart.o
    0x0800308e   0x000000ba   Code   RO         2422    i.HAL_UART_Transmit  stm32f4xx_hal_uart.o
    0x08003148   0x00000002   Code   RO         2425    i.HAL_UART_TxCpltCallback  stm32f4xx_hal_uart.o
    0x0800314a   0x00000002   Code   RO          701    i.HardFault_Handler  stm32f4xx_it.o
    0x0800314c   0x00000012   Code   RO         5416    i.LPF_1st           power_restriction.o
    0x0800315e   0x00000002   PAD
    0x08003160   0x00000064   Code   RO          329    i.MX_ADC1_Init      adc.o
    0x080031c4   0x00000064   Code   RO          330    i.MX_ADC2_Init      adc.o
    0x08003228   0x00000064   Code   RO          331    i.MX_ADC3_Init      adc.o
    0x0800328c   0x00000044   Code   RO          384    i.MX_CAN1_Init      can.o
    0x080032d0   0x00000044   Code   RO          385    i.MX_CAN2_Init      can.o
    0x08003314   0x0000004c   Code   RO          436    i.MX_DMA_Init       dma.o
    0x08003360   0x00000068   Code   RO          460    i.MX_FREERTOS_Init  freertos.o
    0x080033c8   0x0000011c   Code   RO          303    i.MX_GPIO_Init      gpio.o
    0x080034e4   0x00000038   Code   RO          546    i.MX_TIM13_Init     tim.o
    0x0800351c   0x0000006c   Code   RO          547    i.MX_TIM3_Init      tim.o
    0x08003588   0x0000006c   Code   RO          548    i.MX_TIM4_Init      tim.o
    0x080035f4   0x00000038   Code   RO          602    i.MX_USART1_UART_Init  usart.o
    0x0800362c   0x00000038   Code   RO          603    i.MX_USART2_UART_Init  usart.o
    0x08003664   0x00000038   Code   RO          604    i.MX_USART3_UART_Init  usart.o
    0x0800369c   0x00000038   Code   RO          605    i.MX_USART6_UART_Init  usart.o
    0x080036d4   0x00000002   Code   RO          702    i.MemManage_Handler  stm32f4xx_it.o
    0x080036d6   0x00000012   Code   RO         6000    i.MiniPC_Data_task  data_processing.o
    0x080036e8   0x00000174   Code   RO         6001    i.MouseKeyControlProcess  data_processing.o
    0x0800385c   0x00000002   Code   RO          703    i.NMI_Handler       stm32f4xx_it.o
    0x0800385e   0x00000002   PAD
    0x08003860   0x00000018   Code   RO         5359    i.PID_struct_init   pid.o
    0x08003878   0x00000018   Code   RO         5609    i.RefreshDeviceOutLineTime  systemstate.o
    0x08003890   0x00000010   Code   RO         5610    i.RefreshSysTime    systemstate.o
    0x080038a0   0x00000018   Code   RO         5611    i.RefreshTaskOutLineTime  systemstate.o
    0x080038b8   0x0000003c   Code   RO         6002    i.RemoteControlProcess  data_processing.o
    0x080038f4   0x00000044   Code   RO         6003    i.Remote_Data_Task  data_processing.o
    0x08003938   0x00000004   Code   RO          704    i.SysTick_Handler   stm32f4xx_it.o
    0x0800393c   0x000000a8   Code   RO           14    i.SystemClock_Config  main.o
    0x080039e4   0x00000054   Code   RO         3845    i.SystemInit        system_stm32f4xx.o
    0x08003a38   0x0000001c   Code   RO         5612    i.SystemState_Inite  systemstate.o
    0x08003a54   0x0000000c   Code   RO          705    i.TIM1_UP_TIM10_IRQHandler  stm32f4xx_it.o
    0x08003a60   0x0000000c   Code   RO          706    i.TIM3_IRQHandler   stm32f4xx_it.o
    0x08003a6c   0x0000000c   Code   RO          707    i.TIM4_IRQHandler   stm32f4xx_it.o
    0x08003a78   0x0000000c   Code   RO          708    i.TIM8_UP_TIM13_IRQHandler  stm32f4xx_it.o
    0x08003a84   0x000000c8   Code   RO         1551    i.TIM_Base_SetConfig  stm32f4xx_hal_tim.o
    0x08003b4c   0x00000014   Code   RO         1562    i.TIM_ETR_SetConfig  stm32f4xx_hal_tim.o
    0x08003b60   0x00000010   Code   RO         1563    i.TIM_ITRx_SetConfig  stm32f4xx_hal_tim.o
    0x08003b70   0x00000022   Code   RO         1569    i.TIM_TI1_ConfigInputStage  stm32f4xx_hal_tim.o
    0x08003b92   0x00000024   Code   RO         1571    i.TIM_TI2_ConfigInputStage  stm32f4xx_hal_tim.o
    0x08003bb6   0x00000010   Code   RO         2427    i.UART_DMAAbortOnError  stm32f4xx_hal_uart.o
    0x08003bc6   0x0000001c   Code   RO         2437    i.UART_EndRxTransfer  stm32f4xx_hal_uart.o
    0x08003be2   0x00000096   Code   RO         2439    i.UART_Receive_IT   stm32f4xx_hal_uart.o
    0x08003c78   0x000002ac   Code   RO         2440    i.UART_SetConfig    stm32f4xx_hal_uart.o
    0x08003f24   0x00000062   Code   RO         2441    i.UART_Transmit_IT  stm32f4xx_hal_uart.o
    0x08003f86   0x00000064   Code   RO         2442    i.UART_WaitOnFlagUntilTimeout  stm32f4xx_hal_uart.o
    0x08003fea   0x00000002   PAD
    0x08003fec   0x0000000c   Code   RO          709    i.USART1_IRQHandler  stm32f4xx_it.o
    0x08003ff8   0x0000000c   Code   RO          710    i.USART2_IRQHandler  stm32f4xx_it.o
    0x08004004   0x00000002   Code   RO          711    i.UsageFault_Handler  stm32f4xx_it.o
    0x08004006   0x00000022   Code   RO          606    i.Usart_SendArray   usart.o
    0x08004028   0x0000000e   Code   RO          607    i.Usart_SendByte    usart.o
    0x08004036   0x00000020   Code   RO         3472    i.__NVIC_SetPriority  stm32f4xx_hal_cortex.o
    0x08004056   0x0000000e   Code   RO         6414    i.__scatterload_copy  mc_w.l(handlers.o)
    0x08004064   0x00000002   Code   RO         6415    i.__scatterload_null  mc_w.l(handlers.o)
    0x08004066   0x0000000e   Code   RO         6416    i.__scatterload_zeroinit  mc_w.l(handlers.o)
    0x08004074   0x00000040   Code   RO         5191    i.get_moto_measure_3508  motor_use_can.o
    0x080040b4   0x0000000a   Code   RO         5193    i.get_moto_offset   motor_use_can.o
    0x080040be   0x0000001e   Code   RO           15    i.main              main.o
    0x080040dc   0x0000000c   Code   RO         4638    i.makeFreeRtosPriority  cmsis_os.o
    0x080040e8   0x0000002a   Code   RO         5315    i.motor_move_setvmmps  mecanum_calc.o
    0x08004112   0x0000000e   Code   RO         4640    i.osDelay           cmsis_os.o
    0x08004120   0x0000000e   Code   RO         4641    i.osDelayUntil      cmsis_os.o
    0x0800412e   0x0000000a   Code   RO         4643    i.osKernelStart     cmsis_os.o
    0x08004138   0x00000014   Code   RO         4676    i.osSystickHandler  cmsis_os.o
    0x0800414c   0x00000054   Code   RO         4677    i.osThreadCreate    cmsis_os.o
    0x080041a0   0x000001e0   Code   RO         5360    i.pid_calc          pid.o
    0x08004380   0x0000000e   Code   RO         5361    i.pid_param_init    pid.o
    0x0800438e   0x00000006   Code   RO         5362    i.pid_reset         pid.o
    0x08004394   0x00000070   Code   RO         4329    i.prvAddCurrentTaskToDelayedList  tasks.o
    0x08004404   0x000000d0   Code   RO         4330    i.prvAddNewTaskToReadyList  tasks.o
    0x080044d4   0x00000034   Code   RO         4331    i.prvDeleteTCB      tasks.o
    0x08004508   0x0000004c   Code   RO         5005    i.prvHeapInit       heap_4.o
    0x08004554   0x00000060   Code   RO         4332    i.prvIdleTask       tasks.o
    0x080045b4   0x0000008e   Code   RO         4333    i.prvInitialiseNewTask  tasks.o
    0x08004642   0x00000002   PAD
    0x08004644   0x0000004c   Code   RO         5006    i.prvInsertBlockIntoFreeList  heap_4.o
    0x08004690   0x00000020   Code   RO         4334    i.prvResetNextTaskUnblockTime  tasks.o
    0x080046b0   0x00000028   Code   RO         5067    i.prvTaskExitError  port.o
    0x080046d8   0x000000d8   Code   RO         5007    i.pvPortMalloc      heap_4.o
    0x080047b0   0x0000002c   Code   RO         5068    i.pxPortInitialiseStack  port.o
    0x080047dc   0x00000210   Code   RO         6122    i.testTask          other_tasks.o
    0x080049ec   0x00000068   Code   RO         4337    i.ulTaskNotifyTake  tasks.o
    0x08004a54   0x00000026   Code   RO         3983    i.uxListRemove      list.o
    0x08004a7a   0x00000002   PAD
    0x08004a7c   0x00000014   Code   RO          462    i.vApplicationGetIdleTaskMemory  freertos.o
    0x08004a90   0x00000016   Code   RO         3984    i.vListInitialise   list.o
    0x08004aa6   0x00000006   Code   RO         3985    i.vListInitialiseItem  list.o
    0x08004aac   0x00000030   Code   RO         3986    i.vListInsert       list.o
    0x08004adc   0x00000018   Code   RO         3987    i.vListInsertEnd    list.o
    0x08004af4   0x00000040   Code   RO         5070    i.vPortEnterCritical  port.o
    0x08004b34   0x00000028   Code   RO         5071    i.vPortExitCritical  port.o
    0x08004b5c   0x0000005c   Code   RO         5008    i.vPortFree         heap_4.o
    0x08004bb8   0x00000024   Code   RO         5072    i.vPortSetupTimerInterrupt  port.o
    0x08004bdc   0x00000054   Code   RO         5073    i.vPortValidateInterruptPriority  port.o
    0x08004c30   0x0000004c   Code   RO         4342    i.vTaskDelay        tasks.o
    0x08004c7c   0x0000008c   Code   RO         4343    i.vTaskDelayUntil   tasks.o
    0x08004d08   0x000000b8   Code   RO         4348    i.vTaskNotifyGiveFromISR  tasks.o
    0x08004dc0   0x0000006c   Code   RO         4356    i.vTaskStartScheduler  tasks.o
    0x08004e2c   0x00000010   Code   RO         4358    i.vTaskSuspendAll   tasks.o
    0x08004e3c   0x0000005c   Code   RO         4359    i.vTaskSwitchContext  tasks.o
    0x08004e98   0x00000040   Code   RO          609    i.vcan_sendware     usart.o
    0x08004ed8   0x000000f4   Code   RO         5074    i.xPortStartScheduler  port.o
    0x08004fcc   0x0000002c   Code   RO         5075    i.xPortSysTickHandler  port.o
    0x08004ff8   0x0000005a   Code   RO         4361    i.xTaskCreate       tasks.o
    0x08005052   0x00000056   Code   RO         4362    i.xTaskCreateStatic  tasks.o
    0x080050a8   0x0000001c   Code   RO         4366    i.xTaskGetSchedulerState  tasks.o
    0x080050c4   0x0000000c   Code   RO         4367    i.xTaskGetTickCount  tasks.o
    0x080050d0   0x000000c8   Code   RO         4369    i.xTaskIncrementTick  tasks.o
    0x08005198   0x000000c4   Code   RO         4375    i.xTaskResumeAll    tasks.o
    0x0800525c   0x00000070   Data   RO          464    .constdata          freertos.o
    0x080052cc   0x00000008   Data   RO         3189    .constdata          stm32f4xx_hal_dma.o
    0x080052d4   0x00000010   Data   RO         3846    .constdata          system_stm32f4xx.o
    0x080052e4   0x00000008   Data   RO         3847    .constdata          system_stm32f4xx.o
    0x080052ec   0x00000804   Data   RO         6264    .constdata          arm_cortexM4lf_math.lib(arm_common_tables.o)
    0x08005af0   0x00000034   Data   RO          465    .conststring        freertos.o
    0x08005b24   0x00000020   Data   RO         6412    Region$$Table       anon$$obj.o


    Execution Region RW_IRAM1 (Base: 0x20000000, Size: 0x00004fb8, Max: 0x00020000, ABSOLUTE)

    Base Addr    Size         Type   Attr      Idx    E Section Name        Object

    0x20000000   0x00000004   Data   RW          387    .data               can.o
    0x20000004   0x0000000c   Data   RW          468    .data               freertos.o
    0x20000010   0x00000014   Data   RW          713    .data               stm32f4xx_it.o
    0x20000024   0x0000000c   Data   RW         3616    .data               stm32f4xx_hal.o
    0x20000030   0x00000004   Data   RW         3848    .data               system_stm32f4xx.o
    0x20000034   0x0000003c   Data   RW         4378    .data               tasks.o
    0x20000070   0x00000018   Data   RW         5013    .data               heap_4.o
    0x20000088   0x0000000c   Data   RW         5076    .data               port.o
    0x20000094   0x00000004   Data   RW         5853    .data               communication.o
    0x20000098   0x00000014   Data   RW         5951    .data               chassis_control.o
    0x200000ac   0x00000008   Data   RW         6008    .data               data_processing.o
    0x200000b4   0x00000014   Data   RW         6124    .data               other_tasks.o
    0x200000c8   0x00000138   Zero   RW          332    .bss                adc.o
    0x20000200   0x00000050   Zero   RW          386    .bss                can.o
    0x20000250   0x00000254   Zero   RW          463    .bss                freertos.o
    0x200004a4   0x000000c0   Zero   RW          549    .bss                tim.o
    0x20000564   0x000001c0   Zero   RW          610    .bss                usart.o
    0x20000724   0x00000038   Zero   RW          712    .bss                stm32f4xx_it.o
    0x2000075c   0x00000040   Zero   RW          860    .bss                stm32f4xx_hal_timebase_tim.o
    0x2000079c   0x00000028   Zero   RW          900    .bss                bsp.o
    0x200007c4   0x000000f0   Zero   RW         4377    .bss                tasks.o
    0x200008b4   0x00003c00   Zero   RW         5012    .bss                heap_4.o
    0x200044b4   0x000000f0   Zero   RW         5194    .bss                motor_use_can.o
    0x200045a4   0x00000098   Zero   RW         5195    .bss                motor_use_can.o
    0x2000463c   0x0000003c   Zero   RW         5614    .bss                systemstate.o
    0x20004678   0x00000520   Zero   RW         5950    .bss                chassis_control.o
    0x20004b98   0x00000020   Zero   RW         6123    .bss                other_tasks.o
    0x20004bb8   0x00000400   Zero   RW            1    STACK               startup_stm32f407xx.o


==============================================================================

Image component sizes


      Code (inc. data)   RO Data    RW Data    ZI Data      Debug   Object Name

       556         66          0          0        312       3185   adc.o
       132         16          0          0         40       1263   bsp.o
       448         44          0          4         80       3119   can.o
       912         82          0         20       1312       6235   chassis_control.o
       154          0          0          0          0      23915   cmsis_os.o
         0          0          0          4          0       4783   communication.o
       518         34          0          8          0       6233   data_processing.o
        76          4          0          0          0        826   dma.o
         0          0          0          0          0      18196   event_groups.o
       124         12        164         12        596      16515   freertos.o
       284         26          0          0          0       1111   gpio.o
       460         24          0         24      15360       7423   heap_4.o
       138          0          0          0          0       3630   list.o
       200         10          0          0          0     746908   main.o
        42          0          0          0          0        682   mecanum_calc.o
       230         20          0          0        392       8610   motor_use_can.o
       528         82          0         20         32       1864   other_tasks.o
       566         16          0          0          0       5766   pid.o
       786         82          0         12          0      12113   port.o
        18          0          0          0          0        630   power_restriction.o
        36          8        392          0       1024        844   startup_stm32f407xx.o
        80         14          0         12          0       3318   stm32f4xx_hal.o
      1164         64          0          0          0       7557   stm32f4xx_hal_adc.o
      1638          6          0          0          0      14563   stm32f4xx_hal_can.o
       222         14          0          0          0      34681   stm32f4xx_hal_cortex.o
       948         16          8          0          0       6582   stm32f4xx_hal_dma.o
       442         44          0          0          0       2468   stm32f4xx_hal_gpio.o
        56          4          0          0          0        866   stm32f4xx_hal_msp.o
      1340         96          0          0          0       6405   stm32f4xx_hal_rcc.o
       974         44          0          0          0      10225   stm32f4xx_hal_tim.o
        70          0          0          0          0       2493   stm32f4xx_hal_tim_ex.o
       116         16          0          0         64       1439   stm32f4xx_hal_timebase_tim.o
      1638         14          0          0          0       9715   stm32f4xx_hal_uart.o
       484         98          0         20         56      10714   stm32f4xx_it.o
        84         18         24          4          0       1203   system_stm32f4xx.o
       168         38          0          0         60       4741   systemstate.o
      1974        148          0         60        240      21305   tasks.o
       412         42          0          0        192       3050   tim.o
       796         92          0          0        448       6072   usart.o

    ----------------------------------------------------------------------
     18842       1294        620        200      20208    1021248   Object Totals
         0          0         32          0          0          0   (incl. Generated)
        28          0          0          0          0          0   (incl. Padding)

    ----------------------------------------------------------------------

      Code (inc. data)   RO Data    RW Data    ZI Data      Debug   Library Member Name

         0          0       2052          0          0       4636   arm_common_tables.o
       260         18          0          0          0      17142   arm_sin_cos_f32.o
         0          0          0          0          0          0   entry.o
         0          0          0          0          0          0   entry10a.o
         0          0          0          0          0          0   entry11a.o
         8          4          0          0          0          0   entry2.o
         4          0          0          0          0          0   entry5.o
         0          0          0          0          0          0   entry7b.o
         0          0          0          0          0          0   entry8b.o
         8          4          0          0          0          0   entry9a.o
        30          0          0          0          0          0   handlers.o
        36          8          0          0          0         68   init.o
         0          0          0          0          0          0   iusefp.o
        30          0          0          0          0         68   llshl.o
        36          0          0          0          0         68   llsshr.o
        32          0          0          0          0         68   llushr.o
        36          0          0          0          0         68   memcpya.o
        36          0          0          0          0        108   memseta.o
        98          0          0          0          0         92   uldiv.o
        56          0          0          0          0         88   d2f.o
       334          0          0          0          0        148   dadd.o
       222          0          0          0          0        100   ddiv.o
       186          0          0          0          0        176   depilogue.o
        34          0          0          0          0         76   dflti.o
        26          0          0          0          0         76   dfltui.o
       228          0          0          0          0         96   dmul.o
        38          0          0          0          0         68   f2d.o
       110          0          0          0          0        168   fepilogue.o

    ----------------------------------------------------------------------
      1850         34       2052          0          0      23314   Library Totals
         2          0          0          0          0          0   (incl. Padding)

    ----------------------------------------------------------------------

      Code (inc. data)   RO Data    RW Data    ZI Data      Debug   Library Name

       260         18       2052          0          0      21778   arm_cortexM4lf_math.lib
       354         16          0          0          0        540   mc_w.l
      1234          0          0          0          0        996   mf_w.l

    ----------------------------------------------------------------------
      1850         34       2052          0          0      23314   Library Totals

    ----------------------------------------------------------------------

==============================================================================


      Code (inc. data)   RO Data    RW Data    ZI Data      Debug   

     20692       1328       2672        200      20208    1025490   Grand Totals
     20692       1328       2672        200      20208    1025490   ELF Image Totals
     20692       1328       2672        200          0          0   ROM Totals

==============================================================================

    Total RO  Size (Code + RO Data)                23364 (  22.82kB)
    Total RW  Size (RW Data + ZI Data)             20408 (  19.93kB)
    Total ROM Size (Code + RO Data + RW Data)      23564 (  23.01kB)

==============================================================================

