Component: ARM Compiler 5.06 update 3 (build 300) Tool: armlink [4d35c9]

==============================================================================

Section Cross References

    startup_stm32f407xx.o(RESET) refers to startup_stm32f407xx.o(STACK) for __initial_sp
    startup_stm32f407xx.o(RESET) refers to startup_stm32f407xx.o(.text) for Reset_Handler
    startup_stm32f407xx.o(RESET) refers to stm32f4xx_it.o(i.NMI_Handler) for NMI_Handler
    startup_stm32f407xx.o(RESET) refers to stm32f4xx_it.o(i.HardFault_Handler) for HardFault_Handler
    startup_stm32f407xx.o(RESET) refers to stm32f4xx_it.o(i.MemManage_Handler) for MemManage_Handler
    startup_stm32f407xx.o(RESET) refers to stm32f4xx_it.o(i.BusFault_Handler) for BusFault_Handler
    startup_stm32f407xx.o(RESET) refers to stm32f4xx_it.o(i.UsageFault_Handler) for UsageFault_Handler
    startup_stm32f407xx.o(RESET) refers to port.o(.emb_text) for SVC_Handler
    startup_stm32f407xx.o(RESET) refers to stm32f4xx_it.o(i.DebugMon_Handler) for DebugMon_Handler
    startup_stm32f407xx.o(RESET) refers to stm32f4xx_it.o(i.SysTick_Handler) for SysTick_Handler
    startup_stm32f407xx.o(RESET) refers to stm32f4xx_it.o(i.DMA1_Stream5_IRQHandler) for DMA1_Stream5_IRQHandler
    startup_stm32f407xx.o(RESET) refers to stm32f4xx_it.o(i.CAN1_RX0_IRQHandler) for CAN1_RX0_IRQHandler
    startup_stm32f407xx.o(RESET) refers to stm32f4xx_it.o(i.TIM1_UP_TIM10_IRQHandler) for TIM1_UP_TIM10_IRQHandler
    startup_stm32f407xx.o(RESET) refers to stm32f4xx_it.o(i.TIM3_IRQHandler) for TIM3_IRQHandler
    startup_stm32f407xx.o(RESET) refers to stm32f4xx_it.o(i.TIM4_IRQHandler) for TIM4_IRQHandler
    startup_stm32f407xx.o(RESET) refers to stm32f4xx_it.o(i.USART1_IRQHandler) for USART1_IRQHandler
    startup_stm32f407xx.o(RESET) refers to stm32f4xx_it.o(i.USART2_IRQHandler) for USART2_IRQHandler
    startup_stm32f407xx.o(RESET) refers to stm32f4xx_it.o(i.TIM8_UP_TIM13_IRQHandler) for TIM8_UP_TIM13_IRQHandler
    startup_stm32f407xx.o(RESET) refers to stm32f4xx_it.o(i.DMA2_Stream2_IRQHandler) for DMA2_Stream2_IRQHandler
    startup_stm32f407xx.o(RESET) refers to stm32f4xx_it.o(i.CAN2_RX0_IRQHandler) for CAN2_RX0_IRQHandler
    startup_stm32f407xx.o(.text) refers to system_stm32f4xx.o(i.SystemInit) for SystemInit
    startup_stm32f407xx.o(.text) refers to entry.o(.ARM.Collect$$$$00000000) for __main
    main.o(i.SystemClock_Config) refers to memseta.o(.text) for __aeabi_memclr4
    main.o(i.SystemClock_Config) refers to stm32f4xx_hal_rcc.o(i.HAL_RCC_OscConfig) for HAL_RCC_OscConfig
    main.o(i.SystemClock_Config) refers to stm32f4xx_hal_rcc.o(i.HAL_RCC_ClockConfig) for HAL_RCC_ClockConfig
    main.o(i.SystemClock_Config) refers to stm32f4xx_hal_rcc.o(i.HAL_RCC_GetHCLKFreq) for HAL_RCC_GetHCLKFreq
    main.o(i.SystemClock_Config) refers to stm32f4xx_hal_cortex.o(i.HAL_SYSTICK_Config) for HAL_SYSTICK_Config
    main.o(i.SystemClock_Config) refers to stm32f4xx_hal_cortex.o(i.HAL_SYSTICK_CLKSourceConfig) for HAL_SYSTICK_CLKSourceConfig
    main.o(i.SystemClock_Config) refers to stm32f4xx_hal_cortex.o(i.HAL_NVIC_SetPriority) for HAL_NVIC_SetPriority
    main.o(i.main) refers to stm32f4xx_hal.o(i.HAL_Init) for HAL_Init
    main.o(i.main) refers to main.o(i.SystemClock_Config) for SystemClock_Config
    main.o(i.main) refers to port.o(i.vPortEnterCritical) for vPortEnterCritical
    main.o(i.main) refers to bsp.o(i.BSP_Init) for BSP_Init
    main.o(i.main) refers to freertos.o(i.MX_FREERTOS_Init) for MX_FREERTOS_Init
    main.o(i.main) refers to port.o(i.vPortExitCritical) for vPortExitCritical
    main.o(i.main) refers to cmsis_os.o(i.osKernelStart) for osKernelStart
    gpio.o(i.MX_GPIO_Init) refers to memseta.o(.text) for __aeabi_memclr4
    gpio.o(i.MX_GPIO_Init) refers to stm32f4xx_hal_gpio.o(i.HAL_GPIO_WritePin) for HAL_GPIO_WritePin
    gpio.o(i.MX_GPIO_Init) refers to stm32f4xx_hal_gpio.o(i.HAL_GPIO_Init) for HAL_GPIO_Init
    adc.o(i.HAL_ADC_MspDeInit) refers to stm32f4xx_hal_gpio.o(i.HAL_GPIO_DeInit) for HAL_GPIO_DeInit
    adc.o(i.HAL_ADC_MspInit) refers to memseta.o(.text) for __aeabi_memclr4
    adc.o(i.HAL_ADC_MspInit) refers to stm32f4xx_hal_gpio.o(i.HAL_GPIO_Init) for HAL_GPIO_Init
    adc.o(i.HAL_ADC_MspInit) refers to stm32f4xx_hal_dma.o(i.HAL_DMA_Init) for HAL_DMA_Init
    adc.o(i.HAL_ADC_MspInit) refers to main.o(i.Error_Handler) for Error_Handler
    adc.o(i.HAL_ADC_MspInit) refers to adc.o(.bss) for .bss
    adc.o(i.MX_ADC1_Init) refers to stm32f4xx_hal_adc.o(i.HAL_ADC_Init) for HAL_ADC_Init
    adc.o(i.MX_ADC1_Init) refers to main.o(i.Error_Handler) for Error_Handler
    adc.o(i.MX_ADC1_Init) refers to stm32f4xx_hal_adc.o(i.HAL_ADC_ConfigChannel) for HAL_ADC_ConfigChannel
    adc.o(i.MX_ADC1_Init) refers to adc.o(.bss) for .bss
    adc.o(i.MX_ADC2_Init) refers to stm32f4xx_hal_adc.o(i.HAL_ADC_Init) for HAL_ADC_Init
    adc.o(i.MX_ADC2_Init) refers to main.o(i.Error_Handler) for Error_Handler
[...]
    i.HAL_ADC_ErrorCallback                  0x08000ce8   Section        0  stm32f4xx_hal_adc.o(i.HAL_ADC_ErrorCallback)
    i.HAL_ADC_Init                           0x08000cea   Section        0  stm32f4xx_hal_adc.o(i.HAL_ADC_Init)
    i.HAL_ADC_MspInit                        0x08000d40   Section        0  adc.o(i.HAL_ADC_MspInit)
    i.HAL_ADC_Start                          0x08000e40   Section        0  stm32f4xx_hal_adc.o(i.HAL_ADC_Start)
    i.HAL_ADC_Start_DMA                      0x08000f2c   Section        0  stm32f4xx_hal_adc.o(i.HAL_ADC_Start_DMA)
    i.HAL_CAN_ActivateNotification           0x0800105c   Section        0  stm32f4xx_hal_can.o(i.HAL_CAN_ActivateNotification)
    i.HAL_CAN_ConfigFilter                   0x08001080   Section        0  stm32f4xx_hal_can.o(i.HAL_CAN_ConfigFilter)
    i.HAL_CAN_ErrorCallback                  0x0800118c   Section        0  stm32f4xx_hal_can.o(i.HAL_CAN_ErrorCallback)
    i.HAL_CAN_GetRxMessage                   0x0800118e   Section        0  stm32f4xx_hal_can.o(i.HAL_CAN_GetRxMessage)
    i.HAL_CAN_IRQHandler                     0x08001276   Section        0  stm32f4xx_hal_can.o(i.HAL_CAN_IRQHandler)
    i.HAL_CAN_Init                           0x08001472   Section        0  stm32f4xx_hal_can.o(i.HAL_CAN_Init)
    i.HAL_CAN_MspInit                        0x0800158c   Section        0  can.o(i.HAL_CAN_MspInit)
    i.HAL_CAN_RxFifo0FullCallback            0x08001688   Section        0  stm32f4xx_hal_can.o(i.HAL_CAN_RxFifo0FullCallback)
    i.HAL_CAN_RxFifo0MsgPendingCallback      0x0800168c   Section        0  stm32f4xx_it.o(i.HAL_CAN_RxFifo0MsgPendingCallback)
    i.HAL_CAN_RxFifo1FullCallback            0x08001780   Section        0  stm32f4xx_hal_can.o(i.HAL_CAN_RxFifo1FullCallback)
    i.HAL_CAN_RxFifo1MsgPendingCallback      0x08001782   Section        0  stm32f4xx_hal_can.o(i.HAL_CAN_RxFifo1MsgPendingCallback)
    i.HAL_CAN_SleepCallback                  0x08001784   Section        0  stm32f4xx_hal_can.o(i.HAL_CAN_SleepCallback)
    i.HAL_CAN_Start                          0x08001788   Section        0  stm32f4xx_hal_can.o(i.HAL_CAN_Start)
    i.HAL_CAN_TxMailbox0AbortCallback        0x080017e0   Section        0  stm32f4xx_hal_can.o(i.HAL_CAN_TxMailbox0AbortCallback)
    i.HAL_CAN_TxMailbox0CompleteCallback     0x080017e2   Section        0  stm32f4xx_hal_can.o(i.HAL_CAN_TxMailbox0CompleteCallback)
    i.HAL_CAN_TxMailbox1AbortCallback        0x080017e4   Section        0  stm32f4xx_hal_can.o(i.HAL_CAN_TxMailbox1AbortCallback)
    i.HAL_CAN_TxMailbox1CompleteCallback     0x080017e6   Section        0  stm32f4xx_hal_can.o(i.HAL_CAN_TxMailbox1CompleteCallback)
    i.HAL_CAN_TxMailbox2AbortCallback        0x080017e8   Section        0  stm32f4xx_hal_can.o(i.HAL_CAN_TxMailbox2AbortCallback)
    i.HAL_CAN_TxMailbox2CompleteCallback     0x080017ea   Section        0  stm32f4xx_hal_can.o(i.HAL_CAN_TxMailbox2CompleteCallback)
    i.HAL_CAN_WakeUpFromRxMsgCallback        0x080017ec   Section        0  stm32f4xx_hal_can.o(i.HAL_CAN_WakeUpFromRxMsgCallback)
    i.HAL_DMA_Abort_IT                       0x080017ee   Section        0  stm32f4xx_hal_dma.o(i.HAL_DMA_Abort_IT)
    i.HAL_DMA_IRQHandler                     0x08001814   Section        0  stm32f4xx_hal_dma.o(i.HAL_DMA_IRQHandler)
    i.HAL_DMA_Init                           0x080019b4   Section        0  stm32f4xx_hal_dma.o(i.HAL_DMA_Init)
    i.HAL_DMA_Start_IT                       0x08001a88   Section        0  stm32f4xx_hal_dma.o(i.HAL_DMA_Start_IT)
    i.HAL_GPIO_Init                          0x08001b00   Section        0  stm32f4xx_hal_gpio.o(i.HAL_GPIO_Init)
    i.HAL_GPIO_TogglePin                     0x08001cb0   Section        0  stm32f4xx_hal_gpio.o(i.HAL_GPIO_TogglePin)
    i.HAL_GPIO_WritePin                      0x08001cbe   Section        0  stm32f4xx_hal_gpio.o(i.HAL_GPIO_WritePin)
    i.HAL_GetTick                            0x08001cc8   Section        0  stm32f4xx_hal.o(i.HAL_GetTick)
    i.HAL_IncTick                            0x08001cd4   Section        0  stm32f4xx_hal.o(i.HAL_IncTick)
    i.HAL_Init                               0x08001ce4   Section        0  stm32f4xx_hal.o(i.HAL_Init)
    i.HAL_InitTick                           0x08001d18   Section        0  stm32f4xx_hal_timebase_tim.o(i.HAL_InitTick)
    i.HAL_MspInit                            0x08001d8c   Section        0  stm32f4xx_hal_msp.o(i.HAL_MspInit)
    i.HAL_NVIC_EnableIRQ                     0x08001dc4   Section        0  stm32f4xx_hal_cortex.o(i.HAL_NVIC_EnableIRQ)
    i.HAL_NVIC_SetPriority                   0x08001de0   Section        0  stm32f4xx_hal_cortex.o(i.HAL_NVIC_SetPriority)
    i.HAL_NVIC_SetPriorityGrouping           0x08001e20   Section        0  stm32f4xx_hal_cortex.o(i.HAL_NVIC_SetPriorityGrouping)
    i.HAL_RCC_ClockConfig                    0x08001e44   Section        0  stm32f4xx_hal_rcc.o(i.HAL_RCC_ClockConfig)
    i.HAL_RCC_GetClockConfig                 0x08001f74   Section        0  stm32f4xx_hal_rcc.o(i.HAL_RCC_GetClockConfig)
    i.HAL_RCC_GetHCLKFreq                    0x08001fb4   Section        0  stm32f4xx_hal_rcc.o(i.HAL_RCC_GetHCLKFreq)
    i.HAL_RCC_GetPCLK1Freq                   0x08001fc0   Section        0  stm32f4xx_hal_rcc.o(i.HAL_RCC_GetPCLK1Freq)
    i.HAL_RCC_GetPCLK2Freq                   0x08001fe0   Section        0  stm32f4xx_hal_rcc.o(i.HAL_RCC_GetPCLK2Freq)
    i.HAL_RCC_GetSysClockFreq                0x08002000   Section        0  stm32f4xx_hal_rcc.o(i.HAL_RCC_GetSysClockFreq)
    i.HAL_RCC_OscConfig                      0x08002064   Section        0  stm32f4xx_hal_rcc.o(i.HAL_RCC_OscConfig)
    i.HAL_SYSTICK_CLKSourceConfig            0x08002380   Section        0  stm32f4xx_hal_cortex.o(i.HAL_SYSTICK_CLKSourceConfig)
    i.HAL_SYSTICK_Config                     0x08002398   Section        0  stm32f4xx_hal_cortex.o(i.HAL_SYSTICK_Config)
    i.HAL_TIMEx_BreakCallback                0x080023c0   Section        0  stm32f4xx_hal_tim_ex.o(i.HAL_TIMEx_BreakCallback)
    i.HAL_TIMEx_CommutCallback               0x080023c2   Section        0  stm32f4xx_hal_tim_ex.o(i.HAL_TIMEx_CommutCallback)
    i.HAL_TIMEx_MasterConfigSynchronization  0x080023c4   Section        0  stm32f4xx_hal_tim_ex.o(i.HAL_TIMEx_MasterConfigSynchronization)
    i.HAL_TIM_Base_Init                      0x08002406   Section        0  stm32f4xx_hal_tim.o(i.HAL_TIM_Base_Init)
    i.HAL_TIM_Base_MspInit                   0x0800243c   Section        0  tim.o(i.HAL_TIM_Base_MspInit)
    i.HAL_TIM_Base_Start_IT                  0x080024c8   Section        0  stm32f4xx_hal_tim.o(i.HAL_TIM_Base_Start_IT)
    i.HAL_TIM_ConfigClockSource              0x080024ea   Section        0  stm32f4xx_hal_tim.o(i.HAL_TIM_ConfigClockSource)
    i.HAL_TIM_IC_CaptureCallback             0x080025c0   Section        0  stm32f4xx_hal_tim.o(i.HAL_TIM_IC_CaptureCallback)
    i.HAL_TIM_IRQHandler                     0x080025c2   Section        0  stm32f4xx_hal_tim.o(i.HAL_TIM_IRQHandler)
    i.HAL_TIM_OC_DelayElapsedCallback        0x08002728   Section        0  stm32f4xx_hal_tim.o(i.HAL_TIM_OC_DelayElapsedCallback)
    i.HAL_TIM_PWM_PulseFinishedCallback      0x0800272a   Section        0  stm32f4xx_hal_tim.o(i.HAL_TIM_PWM_PulseFinishedCallback)
    i.HAL_TIM_PeriodElapsedCallback          0x0800272c   Section        0  stm32f4xx_it.o(i.HAL_TIM_PeriodElapsedCallback)
    i.HAL_TIM_TriggerCallback                0x0800274c   Section        0  stm32f4xx_hal_tim.o(i.HAL_TIM_TriggerCallback)
    i.HAL_UART_ErrorCallback                 0x0800274e   Section        0  stm32f4xx_hal_uart.o(i.HAL_UART_ErrorCallback)
    i.HAL_UART_IRQHandler                    0x08002750   Section        0  stm32f4xx_hal_uart.o(i.HAL_UART_IRQHandler)
    i.HAL_UART_Init                          0x08002860   Section        0  stm32f4xx_hal_uart.o(i.HAL_UART_Init)
    i.HAL_UART_MspInit                       0x080028c4   Section        0  usart.o(i.HAL_UART_MspInit)
    i.HAL_UART_RxCpltCallback                0x08002a90   Section        0  stm32f4xx_hal_uart.o(i.HAL_UART_RxCpltCallback)
    i.HAL_UART_TxCpltCallback                0x08002a92   Section        0  stm32f4xx_hal_uart.o(i.HAL_UART_TxCpltCallback)
    i.HardFault_Handler                      0x08002a94   Section        0  stm32f4xx_it.o(i.HardFault_Handler)
    i.Led_Task                               0x08002a98   Section        0  offline_check.o(i.Led_Task)
    i.MX_ADC1_Init                           0x08002bac   Section        0  adc.o(i.MX_ADC1_Init)
    i.MX_ADC2_Init                           0x08002c10   Section        0  adc.o(i.MX_ADC2_Init)
    i.MX_ADC3_Init                           0x08002c74   Section        0  adc.o(i.MX_ADC3_Init)
    i.MX_CAN1_Init                           0x08002cd8   Section        0  can.o(i.MX_CAN1_Init)
    i.MX_CAN2_Init                           0x08002d1c   Section        0  can.o(i.MX_CAN2_Init)
    i.MX_DMA_Init                            0x08002d60   Section        0  dma.o(i.MX_DMA_Init)
    i.MX_FREERTOS_Init                       0x08002dac   Section        0  freertos.o(i.MX_FREERTOS_Init)
    i.MX_GPIO_Init                           0x08002e40   Section        0  gpio.o(i.MX_GPIO_Init)
    i.MX_TIM13_Init                          0x08002f5c   Section        0  tim.o(i.MX_TIM13_Init)
    i.MX_TIM3_Init                           0x08002f94   Section        0  tim.o(i.MX_TIM3_Init)
    i.MX_TIM4_Init                           0x08003000   Section        0  tim.o(i.MX_TIM4_Init)
    i.MX_USART1_UART_Init                    0x0800306c   Section        0  usart.o(i.MX_USART1_UART_Init)
    i.MX_USART2_UART_Init                    0x080030a4   Section        0  usart.o(i.MX_USART2_UART_Init)
    i.MX_USART3_UART_Init                    0x080030dc   Section        0  usart.o(i.MX_USART3_UART_Init)
    i.MX_USART6_UART_Init                    0x08003114   Section        0  usart.o(i.MX_USART6_UART_Init)
    i.MemManage_Handler                      0x0800314c   Section        0  stm32f4xx_it.o(i.MemManage_Handler)
    i.MiniPC_Data_task                       0x0800314e   Section        0  data_processing.o(i.MiniPC_Data_task)
    i.NMI_Handler                            0x08003160   Section        0  stm32f4xx_it.o(i.NMI_Handler)
    i.OutLine_Check                          0x08003164   Section        0  systemstate.o(i.OutLine_Check)
    i.RefreshDeviceOutLineTime               0x080031ac   Section        0  systemstate.o(i.RefreshDeviceOutLineTime)
    i.RefreshSysTime                         0x080031c4   Section        0  systemstate.o(i.RefreshSysTime)
    i.RefreshTaskOutLineTime                 0x080031d4   Section        0  systemstate.o(i.RefreshTaskOutLineTime)
    i.Remote_Ctrl                            0x080031ec   Section        0  communication.o(i.Remote_Ctrl)
    i.Remote_Data_Task                       0x08003258   Section        0  data_processing.o(i.Remote_Data_Task)
    i.Remote_Disable                         0x08003284   Section        0  communication.o(i.Remote_Disable)
    i.SysTick_Handler                        0x080032a8   Section        0  stm32f4xx_it.o(i.SysTick_Handler)
    i.SystemClock_Config                     0x080032ac   Section        0  main.o(i.SystemClock_Config)
    i.SystemInit                             0x08003354   Section        0  system_stm32f4xx.o(i.SystemInit)
    i.SystemState_Inite                      0x080033a8   Section        0  systemstate.o(i.SystemState_Inite)
    i.TASK_Check                             0x080033c4   Section        0  systemstate.o(i.TASK_Check)
    i.TIM1_UP_TIM10_IRQHandler               0x0800340c   Section        0  stm32f4xx_it.o(i.TIM1_UP_TIM10_IRQHandler)
    i.TIM3_IRQHandler                        0x08003418   Section        0  stm32f4xx_it.o(i.TIM3_IRQHandler)
    i.TIM4_IRQHandler                        0x08003424   Section        0  stm32f4xx_it.o(i.TIM4_IRQHandler)
    i.TIM8_UP_TIM13_IRQHandler               0x08003430   Section        0  stm32f4xx_it.o(i.TIM8_UP_TIM13_IRQHandler)
    i.TIM_Base_SetConfig                     0x0800343c   Section        0  stm32f4xx_hal_tim.o(i.TIM_Base_SetConfig)
    i.TIM_ETR_SetConfig                      0x08003504   Section        0  stm32f4xx_hal_tim.o(i.TIM_ETR_SetConfig)
    i.TIM_ITRx_SetConfig                     0x08003518   Section        0  stm32f4xx_hal_tim.o(i.TIM_ITRx_SetConfig)
    TIM_ITRx_SetConfig                       0x08003519   Thumb Code    16  stm32f4xx_hal_tim.o(i.TIM_ITRx_SetConfig)
    i.TIM_TI1_ConfigInputStage               0x08003528   Section        0  stm32f4xx_hal_tim.o(i.TIM_TI1_ConfigInputStage)
    TIM_TI1_ConfigInputStage                 0x08003529   Thumb Code    34  stm32f4xx_hal_tim.o(i.TIM_TI1_ConfigInputStage)
    i.TIM_TI2_ConfigInputStage               0x0800354a   Section        0  stm32f4xx_hal_tim.o(i.TIM_TI2_ConfigInputStage)
    TIM_TI2_ConfigInputStage                 0x0800354b   Thumb Code    36  stm32f4xx_hal_tim.o(i.TIM_TI2_ConfigInputStage)
    i.UART_DMAAbortOnError                   0x0800356e   Section        0  stm32f4xx_hal_uart.o(i.UART_DMAAbortOnError)
    UART_DMAAbortOnError                     0x0800356f   Thumb Code    16  stm32f4xx_hal_uart.o(i.UART_DMAAbortOnError)
    i.UART_EndRxTransfer                     0x0800357e   Section        0  stm32f4xx_hal_uart.o(i.UART_EndRxTransfer)
    UART_EndRxTransfer                       0x0800357f   Thumb Code    28  stm32f4xx_hal_uart.o(i.UART_EndRxTransfer)
    i.UART_Receive_IT                        0x0800359a   Section        0  stm32f4xx_hal_uart.o(i.UART_Receive_IT)
    UART_Receive_IT                          0x0800359b   Thumb Code   150  stm32f4xx_hal_uart.o(i.UART_Receive_IT)
    i.UART_SetConfig                         0x08003630   Section        0  stm32f4xx_hal_uart.o(i.UART_SetConfig)
    UART_SetConfig                           0x08003631   Thumb Code   676  stm32f4xx_hal_uart.o(i.UART_SetConfig)
    i.UART_Transmit_IT                       0x080038dc   Section        0  stm32f4xx_hal_uart.o(i.UART_Transmit_IT)
    UART_Transmit_IT                         0x080038dd   Thumb Code    98  stm32f4xx_hal_uart.o(i.UART_Transmit_IT)
    i.USART1_IRQHandler                      0x08003940   Section        0  stm32f4xx_it.o(i.USART1_IRQHandler)
    i.USART2_IRQHandler                      0x0800394c   Section        0  stm32f4xx_it.o(i.USART2_IRQHandler)
    i.UsageFault_Handler                     0x08003958   Section        0  stm32f4xx_it.o(i.UsageFault_Handler)
    i.__NVIC_SetPriority                     0x0800395a   Section        0  stm32f4xx_hal_cortex.o(i.__NVIC_SetPriority)
    __NVIC_SetPriority                       0x0800395b   Thumb Code    32  stm32f4xx_hal_cortex.o(i.__NVIC_SetPriority)
    i.__scatterload_copy                     0x0800397a   Section       14  handlers.o(i.__scatterload_copy)
    i.__scatterload_null                     0x08003988   Section        2  handlers.o(i.__scatterload_null)
    i.__scatterload_zeroinit                 0x0800398a   Section       14  handlers.o(i.__scatterload_zeroinit)
    i.get_moto_measure_3508                  0x08003998   Section        0  motor_use_can.o(i.get_moto_measure_3508)
    i.get_moto_offset                        0x080039d8   Section        0  motor_use_can.o(i.get_moto_offset)
    i.main                                   0x080039e2   Section        0  main.o(i.main)
    i.makeFreeRtosPriority                   0x08003a00   Section        0  cmsis_os.o(i.makeFreeRtosPriority)
    makeFreeRtosPriority                     0x08003a01   Thumb Code    12  cmsis_os.o(i.makeFreeRtosPriority)
    i.osDelay                                0x08003a0c   Section        0  cmsis_os.o(i.osDelay)
    i.osDelayUntil                           0x08003a1a   Section        0  cmsis_os.o(i.osDelayUntil)
    i.osKernelStart                          0x08003a28   Section        0  cmsis_os.o(i.osKernelStart)
    i.osSystickHandler                       0x08003a32   Section        0  cmsis_os.o(i.osSystickHandler)
    i.osThreadCreate                         0x08003a46   Section        0  cmsis_os.o(i.osThreadCreate)
    i.prvAddCurrentTaskToDelayedList         0x08003a9c   Section        0  tasks.o(i.prvAddCurrentTaskToDelayedList)
    prvAddCurrentTaskToDelayedList           0x08003a9d   Thumb Code   102  tasks.o(i.prvAddCurrentTaskToDelayedList)
    i.prvAddNewTaskToReadyList               0x08003b0c   Section        0  tasks.o(i.prvAddNewTaskToReadyList)
    prvAddNewTaskToReadyList                 0x08003b0d   Thumb Code   194  tasks.o(i.prvAddNewTaskToReadyList)
    i.prvDeleteTCB                           0x08003bdc   Section        0  tasks.o(i.prvDeleteTCB)
    prvDeleteTCB                             0x08003bdd   Thumb Code    52  tasks.o(i.prvDeleteTCB)
    i.prvHeapInit                            0x08003c10   Section        0  heap_4.o(i.prvHeapInit)
    prvHeapInit                              0x08003c11   Thumb Code    66  heap_4.o(i.prvHeapInit)
    i.prvIdleTask                            0x08003c5c   Section        0  tasks.o(i.prvIdleTask)
    prvIdleTask                              0x08003c5d   Thumb Code    82  tasks.o(i.prvIdleTask)
    i.prvInitialiseNewTask                   0x08003cbc   Section        0  tasks.o(i.prvInitialiseNewTask)
    prvInitialiseNewTask                     0x08003cbd   Thumb Code   142  tasks.o(i.prvInitialiseNewTask)
    i.prvInsertBlockIntoFreeList             0x08003d4c   Section        0  heap_4.o(i.prvInsertBlockIntoFreeList)
    prvInsertBlockIntoFreeList               0x08003d4d   Thumb Code    72  heap_4.o(i.prvInsertBlockIntoFreeList)
    i.prvResetNextTaskUnblockTime            0x08003d98   Section        0  tasks.o(i.prvResetNextTaskUnblockTime)
    prvResetNextTaskUnblockTime              0x08003d99   Thumb Code    26  tasks.o(i.prvResetNextTaskUnblockTime)
    i.prvTaskExitError                       0x08003db8   Section        0  port.o(i.prvTaskExitError)
    prvTaskExitError                         0x08003db9   Thumb Code    36  port.o(i.prvTaskExitError)
    i.pvPortMalloc                           0x08003de0   Section        0  heap_4.o(i.pvPortMalloc)
    i.pxPortInitialiseStack                  0x08003eb8   Section        0  port.o(i.pxPortInitialiseStack)
    i.testTask                               0x08003ee4   Section        0  other_tasks.o(i.testTask)
    i.ulTaskNotifyTake                       0x08003f58   Section        0  tasks.o(i.ulTaskNotifyTake)
    i.uxListRemove                           0x08003fc0   Section        0  list.o(i.uxListRemove)
    i.vApplicationGetIdleTaskMemory          0x08003fe8   Section        0  freertos.o(i.vApplicationGetIdleTaskMemory)
    i.vListInitialise                        0x08003ffc   Section        0  list.o(i.vListInitialise)
    i.vListInitialiseItem                    0x08004012   Section        0  list.o(i.vListInitialiseItem)
    i.vListInsert                            0x08004018   Section        0  list.o(i.vListInsert)
    i.vListInsertEnd                         0x08004048   Section        0  list.o(i.vListInsertEnd)
    i.vOutLineCheck_Task                     0x08004060   Section        0  offline_check.o(i.vOutLineCheck_Task)
    i.vPortEnterCritical                     0x08004080   Section        0  port.o(i.vPortEnterCritical)
    i.vPortExitCritical                      0x080040c0   Section        0  port.o(i.vPortExitCritical)
    i.vPortFree                              0x080040e8   Section        0  heap_4.o(i.vPortFree)
    i.vPortSetupTimerInterrupt               0x08004144   Section        0  port.o(i.vPortSetupTimerInterrupt)
    i.vTaskDelay                             0x08004168   Section        0  tasks.o(i.vTaskDelay)
    i.vTaskDelayUntil                        0x080041b4   Section        0  tasks.o(i.vTaskDelayUntil)
    i.vTaskStartScheduler                    0x08004240   Section        0  tasks.o(i.vTaskStartScheduler)
    i.vTaskSuspendAll                        0x080042ac   Section        0  tasks.o(i.vTaskSuspendAll)
    i.vTaskSwitchContext                     0x080042bc   Section        0  tasks.o(i.vTaskSwitchContext)
    i.xPortStartScheduler                    0x08004318   Section        0  port.o(i.xPortStartScheduler)
    i.xPortSysTickHandler                    0x0800440c   Section        0  port.o(i.xPortSysTickHandler)
    i.xTaskCreate                            0x08004438   Section        0  tasks.o(i.xTaskCreate)
    i.xTaskCreateStatic                      0x08004492   Section        0  tasks.o(i.xTaskCreateStatic)
    i.xTaskGetSchedulerState                 0x080044e8   Section        0  tasks.o(i.xTaskGetSchedulerState)
    i.xTaskGetTickCount                      0x08004504   Section        0  tasks.o(i.xTaskGetTickCount)
    i.xTaskIncrementTick                     0x08004510   Section        0  tasks.o(i.xTaskIncrementTick)
    i.xTaskResumeAll                         0x080045d8   Section        0  tasks.o(i.xTaskResumeAll)
    .constdata                               0x0800469c   Section      168  freertos.o(.constdata)
    .constdata                               0x08004744   Section        8  stm32f4xx_hal_dma.o(.constdata)
    flagBitshiftOffset                       0x08004744   Data           8  stm32f4xx_hal_dma.o(.constdata)
    .constdata                               0x0800474c   Section       16  system_stm32f4xx.o(.constdata)
    .constdata                               0x0800475c   Section        8  system_stm32f4xx.o(.constdata)
    .conststring                             0x08004764   Section       66  freertos.o(.conststring)
    .data                                    0x20000000   Section        4  can.o(.data)
    HAL_RCC_CAN1_CLK_ENABLED                 0x20000000   Data           4  can.o(.data)
    .data                                    0x20000004   Section       24  freertos.o(.data)
    .data                                    0x2000001c   Section       16  stm32f4xx_it.o(.data)
    .data                                    0x2000002c   Section       12  stm32f4xx_hal.o(.data)
    .data                                    0x20000038   Section        4  system_stm32f4xx.o(.data)
    .data                                    0x2000003c   Section       60  tasks.o(.data)
    pxDelayedTaskList                        0x20000040   Data           4  tasks.o(.data)
    pxOverflowDelayedTaskList                0x20000044   Data           4  tasks.o(.data)
    uxDeletedTasksWaitingCleanUp             0x20000048   Data           4  tasks.o(.data)
    uxCurrentNumberOfTasks                   0x2000004c   Data           4  tasks.o(.data)
    xTickCount                               0x20000050   Data           4  tasks.o(.data)
    uxTopReadyPriority                       0x20000054   Data           4  tasks.o(.data)
    xSchedulerRunning                        0x20000058   Data           4  tasks.o(.data)
    uxPendedTicks                            0x2000005c   Data           4  tasks.o(.data)
    xYieldPending                            0x20000060   Data           4  tasks.o(.data)
    xNumOfOverflows                          0x20000064   Data           4  tasks.o(.data)
    uxTaskNumber                             0x20000068   Data           4  tasks.o(.data)
    xNextTaskUnblockTime                     0x2000006c   Data           4  tasks.o(.data)
    xIdleTaskHandle                          0x20000070   Data           4  tasks.o(.data)
    uxSchedulerSuspended                     0x20000074   Data           4  tasks.o(.data)
    .data                                    0x20000078   Section       24  heap_4.o(.data)
    pxEnd                                    0x20000078   Data           4  heap_4.o(.data)
    xFreeBytesRemaining                      0x2000007c   Data           4  heap_4.o(.data)
    xMinimumEverFreeBytesRemaining           0x20000080   Data           4  heap_4.o(.data)
    xBlockAllocatedBit                       0x20000084   Data           4  heap_4.o(.data)
    xStart                                   0x20000088   Data           8  heap_4.o(.data)
    .data                                    0x20000090   Section       12  port.o(.data)
    ucMaxSysCallPriority                     0x20000090   Data           1  port.o(.data)
    uxCriticalNesting                        0x20000094   Data           4  port.o(.data)
    ulMaxPRIGROUPValue                       0x20000098   Data           4  port.o(.data)
    .data                                    0x2000009c   Section        4  other_tasks.o(.data)
    .bss                                     0x200000a0   Section      312  adc.o(.bss)
    .bss                                     0x200001d8   Section       80  can.o(.bss)
    .bss                                     0x20000228   Section      596  freertos.o(.bss)
    xIdleTaskTCBBuffer                       0x20000228   Data          84  freertos.o(.bss)
    xIdleStack                               0x2000027c   Data         512  freertos.o(.bss)
    .bss                                     0x2000047c   Section      192  tim.o(.bss)
    .bss                                     0x2000053c   Section      448  usart.o(.bss)
    .bss                                     0x200006fc   Section       56  stm32f4xx_it.o(.bss)
    .bss                                     0x20000734   Section       64  stm32f4xx_hal_timebase_tim.o(.bss)
    .bss                                     0x20000774   Section       40  bsp.o(.bss)
    .bss                                     0x2000079c   Section      240  tasks.o(.bss)
    pxReadyTasksLists                        0x2000079c   Data         140  tasks.o(.bss)
    xDelayedTaskList1                        0x20000828   Data          20  tasks.o(.bss)
    xDelayedTaskList2                        0x2000083c   Data          20  tasks.o(.bss)
    xPendingReadyList                        0x20000850   Data          20  tasks.o(.bss)
    xTasksWaitingTermination                 0x20000864   Data          20  tasks.o(.bss)
    xSuspendedTaskList                       0x20000878   Data          20  tasks.o(.bss)
    .bss                                     0x2000088c   Section    15360  heap_4.o(.bss)
    ucHeap                                   0x2000088c   Data       15360  heap_4.o(.bss)
    .bss                                     0x2000448c   Section      240  motor_use_can.o(.bss)
    .bss                                     0x2000457c   Section       92  motor_use_can.o(.bss)
    Chassis_Motor_Data                       0x20004590   Data          24  motor_use_can.o(.bss)
    CANSend_status_Data                      0x200045a8   Data          24  motor_use_can.o(.bss)
    CANSend_Minipc_Data                      0x200045c0   Data          24  motor_use_can.o(.bss)
    .bss                                     0x200045d8   Section       60  systemstate.o(.bss)
    .bss                                     0x20004614   Section      228  communication.o(.bss)
    .bss                                     0x200046f8   Section       60  offline_check.o(.bss)
    STACK                                    0x20004738   Section     1024  startup_stm32f407xx.o(STACK)

    Global Symbols

    Symbol Name                              Value     Ov Type        Size  Object(Section)

    BuildAttributes$$THM_ISAv4$E$P$D$K$B$S$7EM$VFPi3$EXTD16$VFPS$VFMA$PE$A:L22UL41UL21$X:L11$S22US41US21$IEEE1$IW$USESV6$~STKCKD$USESV7$~SHL$OTIME$ROPI$IEEEX$EBA8$MICROLIB$REQ8$PRES8$EABIv2 0x00000000   Number         0  anon$$obj.o ABSOLUTE
    __ARM_use_no_argv                        0x00000000   Number         0  main.o ABSOLUTE
    __cpp_initialize__aeabi_                  - Undefined Weak Reference
    __cxa_finalize                            - Undefined Weak Reference
    __decompress                              - Undefined Weak Reference
    _clock_init                               - Undefined Weak Reference
    _microlib_exit                            - Undefined Weak Reference
    __Vectors_Size                           0x00000188   Number         0  startup_stm32f407xx.o ABSOLUTE
    __Vectors                                0x08000000   Data           4  startup_stm32f407xx.o(RESET)
    __Vectors_End                            0x08000188   Data           0  startup_stm32f407xx.o(RESET)
    __main                                   0x08000189   Thumb Code     0  entry.o(.ARM.Collect$$$$00000000)
    _main_stk                                0x08000189   Thumb Code     0  entry2.o(.ARM.Collect$$$$00000001)
    _main_scatterload                        0x0800018d   Thumb Code     0  entry5.o(.ARM.Collect$$$$00000004)
    __main_after_scatterload                 0x08000191   Thumb Code     0  entry5.o(.ARM.Collect$$$$00000004)
    _main_clock                              0x08000191   Thumb Code     0  entry7b.o(.ARM.Collect$$$$00000008)
    _main_cpp_init                           0x08000191   Thumb Code     0  entry8b.o(.ARM.Collect$$$$0000000A)
    _main_init                               0x08000191   Thumb Code     0  entry9a.o(.ARM.Collect$$$$0000000B)
    __rt_final_cpp                           0x08000199   Thumb Code     0  entry10a.o(.ARM.Collect$$$$0000000D)
    __rt_final_exit                          0x08000199   Thumb Code     0  entry11a.o(.ARM.Collect$$$$0000000F)
    SVC_Handler                              0x0800019d   Thumb Code    28  port.o(.emb_text)
    __asm___6_port_c_39a90d8d__prvStartFirstTask 0x080001bd   Thumb Code    36  port.o(.emb_text)
    __asm___6_port_c_39a90d8d__prvEnableVFP  0x080001e5   Thumb Code    16  port.o(.emb_text)
    PendSV_Handler                           0x080001f9   Thumb Code    88  port.o(.emb_text)
    vPortGetIPSR                             0x08000255   Thumb Code     6  port.o(.emb_text)
    Reset_Handler                            0x0800025d   Thumb Code     8  startup_stm32f407xx.o(.text)
    ADC_IRQHandler                           0x08000277   Thumb Code     0  startup_stm32f407xx.o(.text)
    CAN1_RX1_IRQHandler                      0x08000277   Thumb Code     0  startup_stm32f407xx.o(.text)
    CAN1_SCE_IRQHandler                      0x08000277   Thumb Code     0  startup_stm32f407xx.o(.text)
    CAN1_TX_IRQHandler                       0x08000277   Thumb Code     0  startup_stm32f407xx.o(.text)
    CAN2_RX1_IRQHandler                      0x08000277   Thumb Code     0  startup_stm32f407xx.o(.text)
    CAN2_SCE_IRQHandler                      0x08000277   Thumb Code     0  startup_stm32f407xx.o(.text)
    CAN2_TX_IRQHandler                       0x08000277   Thumb Code     0  startup_stm32f407xx.o(.text)
    DCMI_IRQHandler                          0x08000277   Thumb Code     0  startup_stm32f407xx.o(.text)
    DMA1_Stream0_IRQHandler                  0x08000277   Thumb Code     0  startup_stm32f407xx.o(.text)
    DMA1_Stream1_IRQHandler                  0x08000277   Thumb Code     0  startup_stm32f407xx.o(.text)
    DMA1_Stream2_IRQHandler                  0x08000277   Thumb Code     0  startup_stm32f407xx.o(.text)
    DMA1_Stream3_IRQHandler                  0x08000277   Thumb Code     0  startup_stm32f407xx.o(.text)
    DMA1_Stream4_IRQHandler                  0x08000277   Thumb Code     0  startup_stm32f407xx.o(.text)
    DMA1_Stream6_IRQHandler                  0x08000277   Thumb Code     0  startup_stm32f407xx.o(.text)
    DMA1_Stream7_IRQHandler                  0x08000277   Thumb Code     0  startup_stm32f407xx.o(.text)
    DMA2_Stream0_IRQHandler                  0x08000277   Thumb Code     0  startup_stm32f407xx.o(.text)
    DMA2_Stream1_IRQHandler                  0x08000277   Thumb Code     0  startup_stm32f407xx.o(.text)
    DMA2_Stream3_IRQHandler                  0x08000277   Thumb Code     0  startup_stm32f407xx.o(.text)
    DMA2_Stream4_IRQHandler                  0x08000277   Thumb Code     0  startup_stm32f407xx.o(.text)
    DMA2_Stream5_IRQHandler                  0x08000277   Thumb Code     0  startup_stm32f407xx.o(.text)
    DMA2_Stream6_IRQHandler                  0x08000277   Thumb Code     0  startup_stm32f407xx.o(.text)
    DMA2_Stream7_IRQHandler                  0x08000277   Thumb Code     0  startup_stm32f407xx.o(.text)
    ETH_IRQHandler                           0x08000277   Thumb Code     0  startup_stm32f407xx.o(.text)
    ETH_WKUP_IRQHandler                      0x08000277   Thumb Code     0  startup_stm32f407xx.o(.text)
    EXTI0_IRQHandler                         0x08000277   Thumb Code     0  startup_stm32f407xx.o(.text)
    EXTI15_10_IRQHandler                     0x08000277   Thumb Code     0  startup_stm32f407xx.o(.text)
    EXTI1_IRQHandler                         0x08000277   Thumb Code     0  startup_stm32f407xx.o(.text)
    EXTI2_IRQHandler                         0x08000277   Thumb Code     0  startup_stm32f407xx.o(.text)
    EXTI3_IRQHandler                         0x08000277   Thumb Code     0  startup_stm32f407xx.o(.text)
    EXTI4_IRQHandler                         0x08000277   Thumb Code     0  startup_stm32f407xx.o(.text)
    EXTI9_5_IRQHandler                       0x08000277   Thumb Code     0  startup_stm32f407xx.o(.text)
    FLASH_IRQHandler                         0x08000277   Thumb Code     0  startup_stm32f407xx.o(.text)
    FMC_IRQHandler                           0x08000277   Thumb Code     0  startup_stm32f407xx.o(.text)
    FPU_IRQHandler                           0x08000277   Thumb Code     0  startup_stm32f407xx.o(.text)
    HASH_RNG_IRQHandler                      0x08000277   Thumb Code     0  startup_stm32f407xx.o(.text)
    I2C1_ER_IRQHandler                       0x08000277   Thumb Code     0  startup_stm32f407xx.o(.text)
    I2C1_EV_IRQHandler                       0x08000277   Thumb Code     0  startup_stm32f407xx.o(.text)
    I2C2_ER_IRQHandler                       0x08000277   Thumb Code     0  startup_stm32f407xx.o(.text)
    I2C2_EV_IRQHandler                       0x08000277   Thumb Code     0  startup_stm32f407xx.o(.text)
    I2C3_ER_IRQHandler                       0x08000277   Thumb Code     0  startup_stm32f407xx.o(.text)
    I2C3_EV_IRQHandler                       0x08000277   Thumb Code     0  startup_stm32f407xx.o(.text)
    OTG_FS_IRQHandler                        0x08000277   Thumb Code     0  startup_stm32f407xx.o(.text)
    OTG_FS_WKUP_IRQHandler                   0x08000277   Thumb Code     0  startup_stm32f407xx.o(.text)
    OTG_HS_EP1_IN_IRQHandler                 0x08000277   Thumb Code     0  startup_stm32f407xx.o(.text)
    OTG_HS_EP1_OUT_IRQHandler                0x08000277   Thumb Code     0  startup_stm32f407xx.o(.text)
    OTG_HS_IRQHandler                        0x08000277   Thumb Code     0  startup_stm32f407xx.o(.text)
    OTG_HS_WKUP_IRQHandler                   0x08000277   Thumb Code     0  startup_stm32f407xx.o(.text)
    PVD_IRQHandler                           0x08000277   Thumb Code     0  startup_stm32f407xx.o(.text)
    RCC_IRQHandler                           0x08000277   Thumb Code     0  startup_stm32f407xx.o(.text)
    RTC_Alarm_IRQHandler                     0x08000277   Thumb Code     0  startup_stm32f407xx.o(.text)
    RTC_WKUP_IRQHandler                      0x08000277   Thumb Code     0  startup_stm32f407xx.o(.text)
    SDIO_IRQHandler                          0x08000277   Thumb Code     0  startup_stm32f407xx.o(.text)
    SPI1_IRQHandler                          0x08000277   Thumb Code     0  startup_stm32f407xx.o(.text)
    SPI2_IRQHandler                          0x08000277   Thumb Code     0  startup_stm32f407xx.o(.text)
    SPI3_IRQHandler                          0x08000277   Thumb Code     0  startup_stm32f407xx.o(.text)
    TAMP_STAMP_IRQHandler                    0x08000277   Thumb Code     0  startup_stm32f407xx.o(.text)
    TIM1_BRK_TIM9_IRQHandler                 0x08000277   Thumb Code     0  startup_stm32f407xx.o(.text)
    TIM1_CC_IRQHandler                       0x08000277   Thumb Code     0  startup_stm32f407xx.o(.text)
    TIM1_TRG_COM_TIM11_IRQHandler            0x08000277   Thumb Code     0  startup_stm32f407xx.o(.text)
    TIM2_IRQHandler                          0x08000277   Thumb Code     0  startup_stm32f407xx.o(.text)
    TIM5_IRQHandler                          0x08000277   Thumb Code     0  startup_stm32f407xx.o(.text)
    TIM6_DAC_IRQHandler                      0x08000277   Thumb Code     0  startup_stm32f407xx.o(.text)
    TIM7_IRQHandler                          0x08000277   Thumb Code     0  startup_stm32f407xx.o(.text)
    TIM8_BRK_TIM12_IRQHandler                0x08000277   Thumb Code     0  startup_stm32f407xx.o(.text)
    TIM8_CC_IRQHandler                       0x08000277   Thumb Code     0  startup_stm32f407xx.o(.text)
    TIM8_TRG_COM_TIM14_IRQHandler            0x08000277   Thumb Code     0  startup_stm32f407xx.o(.text)
    UART4_IRQHandler                         0x08000277   Thumb Code     0  startup_stm32f407xx.o(.text)
    UART5_IRQHandler                         0x08000277   Thumb Code     0  startup_stm32f407xx.o(.text)
    USART3_IRQHandler                        0x08000277   Thumb Code     0  startup_stm32f407xx.o(.text)
    USART6_IRQHandler                        0x08000277   Thumb Code     0  startup_stm32f407xx.o(.text)
    WWDG_IRQHandler                          0x08000277   Thumb Code     0  startup_stm32f407xx.o(.text)
    __aeabi_uldivmod                         0x08000281   Thumb Code    98  uldiv.o(.text)
    __aeabi_memcpy                           0x080002e3   Thumb Code    36  memcpya.o(.text)
    __aeabi_memcpy4                          0x080002e3   Thumb Code     0  memcpya.o(.text)
    __aeabi_memcpy8                          0x080002e3   Thumb Code     0  memcpya.o(.text)
    __aeabi_memset                           0x08000307   Thumb Code    14  memseta.o(.text)
    __aeabi_memset4                          0x08000307   Thumb Code     0  memseta.o(.text)
    __aeabi_memset8                          0x08000307   Thumb Code     0  memseta.o(.text)
    __aeabi_memclr                           0x08000315   Thumb Code     4  memseta.o(.text)
    __aeabi_memclr4                          0x08000315   Thumb Code     0  memseta.o(.text)
    __aeabi_memclr8                          0x08000315   Thumb Code     0  memseta.o(.text)
    memset                                   0x08000319   Thumb Code    18  memseta.o(.text)
    __aeabi_dadd                             0x0800032b   Thumb Code   322  dadd.o(.text)
    __aeabi_dsub                             0x0800046d   Thumb Code     6  dadd.o(.text)
    __aeabi_drsub                            0x08000473   Thumb Code     6  dadd.o(.text)
    __aeabi_ddiv                             0x08000479   Thumb Code   222  ddiv.o(.text)
    __aeabi_i2d                              0x08000557   Thumb Code    34  dflti.o(.text)
    __aeabi_ui2d                             0x08000579   Thumb Code    26  dfltui.o(.text)
    __aeabi_d2f                              0x08000593   Thumb Code    56  d2f.o(.text)
    __aeabi_llsl                             0x080005cb   Thumb Code    30  llshl.o(.text)
    _ll_shift_l                              0x080005cb   Thumb Code     0  llshl.o(.text)
    __aeabi_llsr                             0x080005e9   Thumb Code    32  llushr.o(.text)
    _ll_ushift_r                             0x080005e9   Thumb Code     0  llushr.o(.text)
    __aeabi_lasr                             0x08000609   Thumb Code    36  llsshr.o(.text)
    _ll_sshift_r                             0x08000609   Thumb Code     0  llsshr.o(.text)
    __I$use$fp                               0x0800062d   Thumb Code     0  iusefp.o(.text)
    _float_round                             0x0800062d   Thumb Code    18  fepilogue.o(.text)
    _float_epilogue                          0x0800063f   Thumb Code    92  fepilogue.o(.text)
    _double_round                            0x0800069b   Thumb Code    30  depilogue.o(.text)
    _double_epilogue                         0x080006b9   Thumb Code   156  depilogue.o(.text)
    __scatterload                            0x08000755   Thumb Code    28  init.o(.text)
    __scatterload_rt2                        0x08000755   Thumb Code     0  init.o(.text)
    BSP_Init                                 0x08000931   Thumb Code   122  bsp.o(i.BSP_Init)
    BusFault_Handler                         0x080009bd   Thumb Code     2  stm32f4xx_it.o(i.BusFault_Handler)
    CAN1_RX0_IRQHandler                      0x080009c1   Thumb Code     6  stm32f4xx_it.o(i.CAN1_RX0_IRQHandler)
    CAN2_RX0_IRQHandler                      0x080009cd   Thumb Code     6  stm32f4xx_it.o(i.CAN2_RX0_IRQHandler)
    CanFilter_Init                           0x080009d9   Thumb Code    56  can.o(i.CanFilter_Init)
    Check_Task                               0x08000a15   Thumb Code   114  offline_check.o(i.Check_Task)
    DMA1_Stream5_IRQHandler                  0x08000a8d   Thumb Code     6  stm32f4xx_it.o(i.DMA1_Stream5_IRQHandler)
    DMA2_Stream2_IRQHandler                  0x08000a99   Thumb Code     6  stm32f4xx_it.o(i.DMA2_Stream2_IRQHandler)
    DebugMon_Handler                         0x08000b49   Thumb Code     2  stm32f4xx_it.o(i.DebugMon_Handler)
    Error_Handler                            0x08000b4b   Thumb Code     2  main.o(i.Error_Handler)
    GetSystemTimer                           0x08000b4d   Thumb Code    62  systemstate.o(i.GetSystemTimer)
    HAL_ADC_ConfigChannel                    0x08000b99   Thumb Code   316  stm32f4xx_hal_adc.o(i.HAL_ADC_ConfigChannel)
    HAL_ADC_ConvCpltCallback                 0x08000ce5   Thumb Code     2  stm32f4xx_hal_adc.o(i.HAL_ADC_ConvCpltCallback)
    HAL_ADC_ConvHalfCpltCallback             0x08000ce7   Thumb Code     2  stm32f4xx_hal_adc.o(i.HAL_ADC_ConvHalfCpltCallback)
    HAL_ADC_ErrorCallback                    0x08000ce9   Thumb Code     2  stm32f4xx_hal_adc.o(i.HAL_ADC_ErrorCallback)
    HAL_ADC_Init                             0x08000ceb   Thumb Code    84  stm32f4xx_hal_adc.o(i.HAL_ADC_Init)
    HAL_ADC_MspInit                          0x08000d41   Thumb Code   228  adc.o(i.HAL_ADC_MspInit)
    HAL_ADC_Start                            0x08000e41   Thumb Code   210  stm32f4xx_hal_adc.o(i.HAL_ADC_Start)
    HAL_ADC_Start_DMA                        0x08000f2d   Thumb Code   268  stm32f4xx_hal_adc.o(i.HAL_ADC_Start_DMA)
    HAL_CAN_ActivateNotification             0x0800105d   Thumb Code    36  stm32f4xx_hal_can.o(i.HAL_CAN_ActivateNotification)
    HAL_CAN_ConfigFilter                     0x08001081   Thumb Code   262  stm32f4xx_hal_can.o(i.HAL_CAN_ConfigFilter)
    HAL_CAN_ErrorCallback                    0x0800118d   Thumb Code     2  stm32f4xx_hal_can.o(i.HAL_CAN_ErrorCallback)
    HAL_CAN_GetRxMessage                     0x0800118f   Thumb Code   232  stm32f4xx_hal_can.o(i.HAL_CAN_GetRxMessage)
    HAL_CAN_IRQHandler                       0x08001277   Thumb Code   508  stm32f4xx_hal_can.o(i.HAL_CAN_IRQHandler)
    HAL_CAN_Init                             0x08001473   Thumb Code   282  stm32f4xx_hal_can.o(i.HAL_CAN_Init)
    HAL_CAN_MspInit                          0x0800158d   Thumb Code   228  can.o(i.HAL_CAN_MspInit)
    HAL_CAN_RxFifo0FullCallback              0x08001689   Thumb Code     2  stm32f4xx_hal_can.o(i.HAL_CAN_RxFifo0FullCallback)
    HAL_CAN_RxFifo0MsgPendingCallback        0x0800168d   Thumb Code   222  stm32f4xx_it.o(i.HAL_CAN_RxFifo0MsgPendingCallback)
    HAL_CAN_RxFifo1FullCallback              0x08001781   Thumb Code     2  stm32f4xx_hal_can.o(i.HAL_CAN_RxFifo1FullCallback)
    HAL_CAN_RxFifo1MsgPendingCallback        0x08001783   Thumb Code     2  stm32f4xx_hal_can.o(i.HAL_CAN_RxFifo1MsgPendingCallback)
    HAL_CAN_SleepCallback                    0x08001785   Thumb Code     2  stm32f4xx_hal_can.o(i.HAL_CAN_SleepCallback)
    HAL_CAN_Start                            0x08001789   Thumb Code    88  stm32f4xx_hal_can.o(i.HAL_CAN_Start)
    HAL_CAN_TxMailbox0AbortCallback          0x080017e1   Thumb Code     2  stm32f4xx_hal_can.o(i.HAL_CAN_TxMailbox0AbortCallback)
    HAL_CAN_TxMailbox0CompleteCallback       0x080017e3   Thumb Code     2  stm32f4xx_hal_can.o(i.HAL_CAN_TxMailbox0CompleteCallback)
    HAL_CAN_TxMailbox1AbortCallback          0x080017e5   Thumb Code     2  stm32f4xx_hal_can.o(i.HAL_CAN_TxMailbox1AbortCallback)
    HAL_CAN_TxMailbox1CompleteCallback       0x080017e7   Thumb Code     2  stm32f4xx_hal_can.o(i.HAL_CAN_TxMailbox1CompleteCallback)
    HAL_CAN_TxMailbox2AbortCallback          0x080017e9   Thumb Code     2  stm32f4xx_hal_can.o(i.HAL_CAN_TxMailbox2AbortCallback)
    HAL_CAN_TxMailbox2CompleteCallback       0x080017eb   Thumb Code     2  stm32f4xx_hal_can.o(i.HAL_CAN_TxMailbox2CompleteCallback)
    HAL_CAN_WakeUpFromRxMsgCallback          0x080017ed   Thumb Code     2  stm32f4xx_hal_can.o(i.HAL_CAN_WakeUpFromRxMsgCallback)
    HAL_DMA_Abort_IT                         0x080017ef   Thumb Code    36  stm32f4xx_hal_dma.o(i.HAL_DMA_Abort_IT)
    HAL_DMA_IRQHandler                       0x08001815   Thumb Code   412  stm32f4xx_hal_dma.o(i.HAL_DMA_IRQHandler)
    HAL_DMA_Init                             0x080019b5   Thumb Code   206  stm32f4xx_hal_dma.o(i.HAL_DMA_Init)
    HAL_DMA_Start_IT                         0x08001a89   Thumb Code   120  stm32f4xx_hal_dma.o(i.HAL_DMA_Start_IT)
    HAL_GPIO_Init                            0x08001b01   Thumb Code   388  stm32f4xx_hal_gpio.o(i.HAL_GPIO_Init)
    HAL_GPIO_TogglePin                       0x08001cb1   Thumb Code    14  stm32f4xx_hal_gpio.o(i.HAL_GPIO_TogglePin)
    HAL_GPIO_WritePin                        0x08001cbf   Thumb Code    10  stm32f4xx_hal_gpio.o(i.HAL_GPIO_WritePin)
    HAL_GetTick                              0x08001cc9   Thumb Code     6  stm32f4xx_hal.o(i.HAL_GetTick)
    HAL_IncTick                              0x08001cd5   Thumb Code    12  stm32f4xx_hal.o(i.HAL_IncTick)
    HAL_Init                                 0x08001ce5   Thumb Code    48  stm32f4xx_hal.o(i.HAL_Init)
    HAL_InitTick                             0x08001d19   Thumb Code   100  stm32f4xx_hal_timebase_tim.o(i.HAL_InitTick)
    HAL_MspInit                              0x08001d8d   Thumb Code    52  stm32f4xx_hal_msp.o(i.HAL_MspInit)
    HAL_NVIC_EnableIRQ                       0x08001dc5   Thumb Code    26  stm32f4xx_hal_cortex.o(i.HAL_NVIC_EnableIRQ)
    HAL_NVIC_SetPriority                     0x08001de1   Thumb Code    60  stm32f4xx_hal_cortex.o(i.HAL_NVIC_SetPriority)
    HAL_NVIC_SetPriorityGrouping             0x08001e21   Thumb Code    26  stm32f4xx_hal_cortex.o(i.HAL_NVIC_SetPriorityGrouping)
    HAL_RCC_ClockConfig                      0x08001e45   Thumb Code   286  stm32f4xx_hal_rcc.o(i.HAL_RCC_ClockConfig)
    HAL_RCC_GetClockConfig                   0x08001f75   Thumb Code    54  stm32f4xx_hal_rcc.o(i.HAL_RCC_GetClockConfig)
    HAL_RCC_GetHCLKFreq                      0x08001fb5   Thumb Code     6  stm32f4xx_hal_rcc.o(i.HAL_RCC_GetHCLKFreq)
    HAL_RCC_GetPCLK1Freq                     0x08001fc1   Thumb Code    20  stm32f4xx_hal_rcc.o(i.HAL_RCC_GetPCLK1Freq)
    HAL_RCC_GetPCLK2Freq                     0x08001fe1   Thumb Code    20  stm32f4xx_hal_rcc.o(i.HAL_RCC_GetPCLK2Freq)
    HAL_RCC_GetSysClockFreq                  0x08002001   Thumb Code    88  stm32f4xx_hal_rcc.o(i.HAL_RCC_GetSysClockFreq)
    HAL_RCC_OscConfig                        0x08002065   Thumb Code   770  stm32f4xx_hal_rcc.o(i.HAL_RCC_OscConfig)
    HAL_SYSTICK_CLKSourceConfig              0x08002381   Thumb Code    24  stm32f4xx_hal_cortex.o(i.HAL_SYSTICK_CLKSourceConfig)
    HAL_SYSTICK_Config                       0x08002399   Thumb Code    40  stm32f4xx_hal_cortex.o(i.HAL_SYSTICK_Config)
    HAL_TIMEx_BreakCallback                  0x080023c1   Thumb Code     2  stm32f4xx_hal_tim_ex.o(i.HAL_TIMEx_BreakCallback)
    HAL_TIMEx_CommutCallback                 0x080023c3   Thumb Code     2  stm32f4xx_hal_tim_ex.o(i.HAL_TIMEx_CommutCallback)
    HAL_TIMEx_MasterConfigSynchronization    0x080023c5   Thumb Code    66  stm32f4xx_hal_tim_ex.o(i.HAL_TIMEx_MasterConfigSynchronization)
    HAL_TIM_Base_Init                        0x08002407   Thumb Code    54  stm32f4xx_hal_tim.o(i.HAL_TIM_Base_Init)
    HAL_TIM_Base_MspInit                     0x0800243d   Thumb Code   122  tim.o(i.HAL_TIM_Base_MspInit)
    HAL_TIM_Base_Start_IT                    0x080024c9   Thumb Code    34  stm32f4xx_hal_tim.o(i.HAL_TIM_Base_Start_IT)
    HAL_TIM_ConfigClockSource                0x080024eb   Thumb Code   214  stm32f4xx_hal_tim.o(i.HAL_TIM_ConfigClockSource)
    HAL_TIM_IC_CaptureCallback               0x080025c1   Thumb Code     2  stm32f4xx_hal_tim.o(i.HAL_TIM_IC_CaptureCallback)
    HAL_TIM_IRQHandler                       0x080025c3   Thumb Code   358  stm32f4xx_hal_tim.o(i.HAL_TIM_IRQHandler)
    HAL_TIM_OC_DelayElapsedCallback          0x08002729   Thumb Code     2  stm32f4xx_hal_tim.o(i.HAL_TIM_OC_DelayElapsedCallback)
    HAL_TIM_PWM_PulseFinishedCallback        0x0800272b   Thumb Code     2  stm32f4xx_hal_tim.o(i.HAL_TIM_PWM_PulseFinishedCallback)
    HAL_TIM_PeriodElapsedCallback            0x0800272d   Thumb Code    24  stm32f4xx_it.o(i.HAL_TIM_PeriodElapsedCallback)
    HAL_TIM_TriggerCallback                  0x0800274d   Thumb Code     2  stm32f4xx_hal_tim.o(i.HAL_TIM_TriggerCallback)
    HAL_UART_ErrorCallback                   0x0800274f   Thumb Code     2  stm32f4xx_hal_uart.o(i.HAL_UART_ErrorCallback)
    HAL_UART_IRQHandler                      0x08002751   Thumb Code   266  stm32f4xx_hal_uart.o(i.HAL_UART_IRQHandler)
    HAL_UART_Init                            0x08002861   Thumb Code    98  stm32f4xx_hal_uart.o(i.HAL_UART_Init)
    HAL_UART_MspInit                         0x080028c5   Thumb Code   414  usart.o(i.HAL_UART_MspInit)
    HAL_UART_RxCpltCallback                  0x08002a91   Thumb Code     2  stm32f4xx_hal_uart.o(i.HAL_UART_RxCpltCallback)
    HAL_UART_TxCpltCallback                  0x08002a93   Thumb Code     2  stm32f4xx_hal_uart.o(i.HAL_UART_TxCpltCallback)
    HardFault_Handler                        0x08002a95   Thumb Code     2  stm32f4xx_it.o(i.HardFault_Handler)
    Led_Task                                 0x08002a99   Thumb Code   264  offline_check.o(i.Led_Task)
    MX_ADC1_Init                             0x08002bad   Thumb Code    86  adc.o(i.MX_ADC1_Init)
    MX_ADC2_Init                             0x08002c11   Thumb Code    88  adc.o(i.MX_ADC2_Init)
    MX_ADC3_Init                             0x08002c75   Thumb Code    88  adc.o(i.MX_ADC3_Init)
    MX_CAN1_Init                             0x08002cd9   Thumb Code    60  can.o(i.MX_CAN1_Init)
    MX_CAN2_Init                             0x08002d1d   Thumb Code    60  can.o(i.MX_CAN2_Init)
    MX_DMA_Init                              0x08002d61   Thumb Code    72  dma.o(i.MX_DMA_Init)
    MX_FREERTOS_Init                         0x08002dad   Thumb Code   140  freertos.o(i.MX_FREERTOS_Init)
    MX_GPIO_Init                             0x08002e41   Thumb Code   258  gpio.o(i.MX_GPIO_Init)
    MX_TIM13_Init                            0x08002f5d   Thumb Code    48  tim.o(i.MX_TIM13_Init)
    MX_TIM3_Init                             0x08002f95   Thumb Code   100  tim.o(i.MX_TIM3_Init)
    MX_TIM4_Init                             0x08003001   Thumb Code   100  tim.o(i.MX_TIM4_Init)
    MX_USART1_UART_Init                      0x0800306d   Thumb Code    48  usart.o(i.MX_USART1_UART_Init)
    MX_USART2_UART_Init                      0x080030a5   Thumb Code    48  usart.o(i.MX_USART2_UART_Init)
    MX_USART3_UART_Init                      0x080030dd   Thumb Code    48  usart.o(i.MX_USART3_UART_Init)
    MX_USART6_UART_Init                      0x08003115   Thumb Code    48  usart.o(i.MX_USART6_UART_Init)
    MemManage_Handler                        0x0800314d   Thumb Code     2  stm32f4xx_it.o(i.MemManage_Handler)
    MiniPC_Data_task                         0x0800314f   Thumb Code    18  data_processing.o(i.MiniPC_Data_task)
    NMI_Handler                              0x08003161   Thumb Code     2  stm32f4xx_it.o(i.NMI_Handler)
    OutLine_Check                            0x08003165   Thumb Code    64  systemstate.o(i.OutLine_Check)
    RefreshDeviceOutLineTime                 0x080031ad   Thumb Code    20  systemstate.o(i.RefreshDeviceOutLineTime)
    RefreshSysTime                           0x080031c5   Thumb Code    10  systemstate.o(i.RefreshSysTime)
    RefreshTaskOutLineTime                   0x080031d5   Thumb Code    20  systemstate.o(i.RefreshTaskOutLineTime)
    Remote_Ctrl                              0x080031ed   Thumb Code    98  communication.o(i.Remote_Ctrl)
    Remote_Data_Task                         0x08003259   Thumb Code    42  data_processing.o(i.Remote_Data_Task)
    Remote_Disable                           0x08003285   Thumb Code    30  communication.o(i.Remote_Disable)
    SysTick_Handler                          0x080032a9   Thumb Code     4  stm32f4xx_it.o(i.SysTick_Handler)
    SystemClock_Config                       0x080032ad   Thumb Code   158  main.o(i.SystemClock_Config)
    SystemInit                               0x08003355   Thumb Code    66  system_stm32f4xx.o(i.SystemInit)
    SystemState_Inite                        0x080033a9   Thumb Code    18  systemstate.o(i.SystemState_Inite)
    TASK_Check                               0x080033c5   Thumb Code    64  systemstate.o(i.TASK_Check)
    TIM1_UP_TIM10_IRQHandler                 0x0800340d   Thumb Code     6  stm32f4xx_it.o(i.TIM1_UP_TIM10_IRQHandler)
    TIM3_IRQHandler                          0x08003419   Thumb Code     6  stm32f4xx_it.o(i.TIM3_IRQHandler)
    TIM4_IRQHandler                          0x08003425   Thumb Code     6  stm32f4xx_it.o(i.TIM4_IRQHandler)
    TIM8_UP_TIM13_IRQHandler                 0x08003431   Thumb Code     6  stm32f4xx_it.o(i.TIM8_UP_TIM13_IRQHandler)
    TIM_Base_SetConfig                       0x0800343d   Thumb Code   156  stm32f4xx_hal_tim.o(i.TIM_Base_SetConfig)
    TIM_ETR_SetConfig                        0x08003505   Thumb Code    20  stm32f4xx_hal_tim.o(i.TIM_ETR_SetConfig)
    USART1_IRQHandler                        0x08003941   Thumb Code     6  stm32f4xx_it.o(i.USART1_IRQHandler)
    USART2_IRQHandler                        0x0800394d   Thumb Code     6  stm32f4xx_it.o(i.USART2_IRQHandler)
    UsageFault_Handler                       0x08003959   Thumb Code     2  stm32f4xx_it.o(i.UsageFault_Handler)
    __scatterload_copy                       0x0800397b   Thumb Code    14  handlers.o(i.__scatterload_copy)
    __scatterload_null                       0x08003989   Thumb Code     2  handlers.o(i.__scatterload_null)
    __scatterload_zeroinit                   0x0800398b   Thumb Code    14  handlers.o(i.__scatterload_zeroinit)
    get_moto_measure_3508                    0x08003999   Thumb Code    64  motor_use_can.o(i.get_moto_measure_3508)
    get_moto_offset                          0x080039d9   Thumb Code    10  motor_use_can.o(i.get_moto_offset)
    main                                     0x080039e3   Thumb Code    30  main.o(i.main)
    osDelay                                  0x08003a0d   Thumb Code    14  cmsis_os.o(i.osDelay)
    osDelayUntil                             0x08003a1b   Thumb Code    14  cmsis_os.o(i.osDelayUntil)
    osKernelStart                            0x08003a29   Thumb Code    10  cmsis_os.o(i.osKernelStart)
    osSystickHandler                         0x08003a33   Thumb Code    20  cmsis_os.o(i.osSystickHandler)
    osThreadCreate                           0x08003a47   Thumb Code    84  cmsis_os.o(i.osThreadCreate)
    pvPortMalloc                             0x08003de1   Thumb Code   210  heap_4.o(i.pvPortMalloc)
    pxPortInitialiseStack                    0x08003eb9   Thumb Code    40  port.o(i.pxPortInitialiseStack)
    testTask                                 0x08003ee5   Thumb Code    98  other_tasks.o(i.testTask)
    ulTaskNotifyTake                         0x08003f59   Thumb Code    96  tasks.o(i.ulTaskNotifyTake)
    uxListRemove                             0x08003fc1   Thumb Code    38  list.o(i.uxListRemove)
    vApplicationGetIdleTaskMemory            0x08003fe9   Thumb Code    16  freertos.o(i.vApplicationGetIdleTaskMemory)
    vListInitialise                          0x08003ffd   Thumb Code    22  list.o(i.vListInitialise)
    vListInitialiseItem                      0x08004013   Thumb Code     6  list.o(i.vListInitialiseItem)
    vListInsert                              0x08004019   Thumb Code    48  list.o(i.vListInsert)
    vListInsertEnd                           0x08004049   Thumb Code    24  list.o(i.vListInsertEnd)
    vOutLineCheck_Task                       0x08004061   Thumb Code    32  offline_check.o(i.vOutLineCheck_Task)
    vPortEnterCritical                       0x08004081   Thumb Code    54  port.o(i.vPortEnterCritical)
    vPortExitCritical                        0x080040c1   Thumb Code    34  port.o(i.vPortExitCritical)
    vPortFree                                0x080040e9   Thumb Code    88  heap_4.o(i.vPortFree)
    vPortSetupTimerInterrupt                 0x08004145   Thumb Code    32  port.o(i.vPortSetupTimerInterrupt)
    vTaskDelay                               0x08004169   Thumb Code    66  tasks.o(i.vTaskDelay)
    vTaskDelayUntil                          0x080041b5   Thumb Code   132  tasks.o(i.vTaskDelayUntil)
    vTaskStartScheduler                      0x08004241   Thumb Code    90  tasks.o(i.vTaskStartScheduler)
    vTaskSuspendAll                          0x080042ad   Thumb Code    10  tasks.o(i.vTaskSuspendAll)
    vTaskSwitchContext                       0x080042bd   Thumb Code    82  tasks.o(i.vTaskSwitchContext)
    xPortStartScheduler                      0x08004319   Thumb Code   222  port.o(i.xPortStartScheduler)
    xPortSysTickHandler                      0x0800440d   Thumb Code    38  port.o(i.xPortSysTickHandler)
    xTaskCreate                              0x08004439   Thumb Code    90  tasks.o(i.xTaskCreate)
    xTaskCreateStatic                        0x08004493   Thumb Code    86  tasks.o(i.xTaskCreateStatic)
    xTaskGetSchedulerState                   0x080044e9   Thumb Code    22  tasks.o(i.xTaskGetSchedulerState)
    xTaskGetTickCount                        0x08004505   Thumb Code     6  tasks.o(i.xTaskGetTickCount)
    xTaskIncrementTick                       0x08004511   Thumb Code   192  tasks.o(i.xTaskIncrementTick)
    xTaskResumeAll                           0x080045d9   Thumb Code   182  tasks.o(i.xTaskResumeAll)
    AHBPrescTable                            0x0800474c   Data          16  system_stm32f4xx.o(.constdata)
    APBPrescTable                            0x0800475c   Data           8  system_stm32f4xx.o(.constdata)
    Region$$Table$$Base                      0x080047a8   Number         0  anon$$obj.o(Region$$Table)
    Region$$Table$$Limit                     0x080047c8   Number         0  anon$$obj.o(Region$$Table)
    testTaskHandle                           0x20000004   Data           4  freertos.o(.data)
    RemoteDataTaskHandle                     0x20000008   Data           4  freertos.o(.data)
    MiniPCDataTaskHandle                     0x2000000c   Data           4  freertos.o(.data)
    LedTaskHandle                            0x20000010   Data           4  freertos.o(.data)
    vOutLineCheckTaskHandle                  0x20000014   Data           4  freertos.o(.data)
    CheckTaskHandle                          0x20000018   Data           4  freertos.o(.data)
    CAN1_RX_date                             0x2000001c   Data           8  stm32f4xx_it.o(.data)
    CAN2_RX_date                             0x20000024   Data           8  stm32f4xx_it.o(.data)
    uwTickFreq                               0x2000002c   Data           1  stm32f4xx_hal.o(.data)
    uwTickPrio                               0x20000030   Data           4  stm32f4xx_hal.o(.data)
    uwTick                                   0x20000034   Data           4  stm32f4xx_hal.o(.data)
    SystemCoreClock                          0x20000038   Data           4  system_stm32f4xx.o(.data)
    pxCurrentTCB                             0x2000003c   Data           4  tasks.o(.data)
    test_i                                   0x2000009c   Data           4  other_tasks.o(.data)
    hadc1                                    0x200000a0   Data          72  adc.o(.bss)
    hadc2                                    0x200000e8   Data          72  adc.o(.bss)
    hadc3                                    0x20000130   Data          72  adc.o(.bss)
    hdma_adc1                                0x20000178   Data          96  adc.o(.bss)
    hcan1                                    0x200001d8   Data          40  can.o(.bss)
    hcan2                                    0x20000200   Data          40  can.o(.bss)
    htim3                                    0x2000047c   Data          64  tim.o(.bss)
    htim4                                    0x200004bc   Data          64  tim.o(.bss)
    htim13                                   0x200004fc   Data          64  tim.o(.bss)
    huart1                                   0x2000053c   Data          64  usart.o(.bss)
    huart2                                   0x2000057c   Data          64  usart.o(.bss)
    huart3                                   0x200005bc   Data          64  usart.o(.bss)
    huart6                                   0x200005fc   Data          64  usart.o(.bss)
    hdma_usart1_rx                           0x2000063c   Data          96  usart.o(.bss)
    hdma_usart2_rx                           0x2000069c   Data          96  usart.o(.bss)
    CAN1_Rx_Header                           0x200006fc   Data          28  stm32f4xx_it.o(.bss)
    CAN2_Rx_Header                           0x20000718   Data          28  stm32f4xx_it.o(.bss)
    htim1                                    0x20000734   Data          64  stm32f4xx_hal_timebase_tim.o(.bss)
    uhADCxConvertedValue                     0x20000774   Data          40  bsp.o(.bss)
    moto_chassis_get                         0x2000448c   Data         240  motor_use_can.o(.bss)
    RC_Ctl                                   0x2000457c   Data          20  motor_use_can.o(.bss)
    SystemState                              0x200045d8   Data          20  systemstate.o(.bss)
    g_Time_DeviceOutLine                     0x200045ec   Data          16  systemstate.o(.bss)
    g_Time_TASKOutLine                       0x200045fc   Data          24  systemstate.o(.bss)
    ptr_jy901_t_yaw                          0x20004614   Data          56  communication.o(.bss)
    ptr_jy901_t_pit                          0x2000464c   Data          56  communication.o(.bss)
    ptr_jy901_t_angular_velocity             0x20004684   Data          56  communication.o(.bss)
    USART1_RX_DATA                           0x200046bc   Data          18  communication.o(.bss)
    UART8_RX_DATA                            0x200046ce   Data          11  communication.o(.bss)
    tly                                      0x200046dc   Data          28  communication.o(.bss)
    Remote                                   0x200046f8   Data          20  offline_check.o(.bss)
    Gimbal_Motor                             0x2000470c   Data          20  offline_check.o(.bss)
    JY61                                     0x20004720   Data          20  offline_check.o(.bss)
    __initial_sp                             0x20004b38   Data           0  startup_stm32f407xx.o(STACK)



==============================================================================

Memory Map of the image

  Image Entry point : 0x08000189

  Load Region LR_IROM1 (Base: 0x08000000, Size: 0x00004868, Max: 0x00100000, ABSOLUTE)

    Execution Region ER_IROM1 (Base: 0x08000000, Size: 0x000047c8, Max: 0x00100000, ABSOLUTE)

    Base Addr    Size         Type   Attr      Idx    E Section Name        Object

    0x08000000   0x00000188   Data   RO            3    RESET               startup_stm32f407xx.o
    0x08000188   0x00000000   Code   RO         6189  * .ARM.Collect$$$$00000000  mc_w.l(entry.o)
    0x08000188   0x00000004   Code   RO         6260    .ARM.Collect$$$$00000001  mc_w.l(entry2.o)
    0x0800018c   0x00000004   Code   RO         6263    .ARM.Collect$$$$00000004  mc_w.l(entry5.o)
    0x08000190   0x00000000   Code   RO         6265    .ARM.Collect$$$$00000008  mc_w.l(entry7b.o)
    0x08000190   0x00000000   Code   RO         6267    .ARM.Collect$$$$0000000A  mc_w.l(entry8b.o)
    0x08000190   0x00000008   Code   RO         6268    .ARM.Collect$$$$0000000B  mc_w.l(entry9a.o)
    0x08000198   0x00000000   Code   RO         6270    .ARM.Collect$$$$0000000D  mc_w.l(entry10a.o)
    0x08000198   0x00000000   Code   RO         6272    .ARM.Collect$$$$0000000F  mc_w.l(entry11a.o)
    0x08000198   0x00000004   Code   RO         6261    .ARM.Collect$$$$00002712  mc_w.l(entry2.o)
    0x0800019c   0x000000be   Code   RO         5045    .emb_text           port.o
    0x0800025a   0x00000002   PAD
    0x0800025c   0x00000024   Code   RO            4    .text               startup_stm32f407xx.o
    0x08000280   0x00000062   Code   RO         6192    .text               mc_w.l(uldiv.o)
    0x080002e2   0x00000024   Code   RO         6194    .text               mc_w.l(memcpya.o)
    0x08000306   0x00000024   Code   RO         6198    .text               mc_w.l(memseta.o)
    0x0800032a   0x0000014e   Code   RO         6232    .text               mf_w.l(dadd.o)
    0x08000478   0x000000de   Code   RO         6234    .text               mf_w.l(ddiv.o)
    0x08000556   0x00000022   Code   RO         6236    .text               mf_w.l(dflti.o)
    0x08000578   0x0000001a   Code   RO         6238    .text               mf_w.l(dfltui.o)
    0x08000592   0x00000038   Code   RO         6242    .text               mf_w.l(d2f.o)
    0x080005ca   0x0000001e   Code   RO         6274    .text               mc_w.l(llshl.o)
    0x080005e8   0x00000020   Code   RO         6276    .text               mc_w.l(llushr.o)
    0x08000608   0x00000024   Code   RO         6278    .text               mc_w.l(llsshr.o)
    0x0800062c   0x00000000   Code   RO         6289    .text               mc_w.l(iusefp.o)
    0x0800062c   0x0000006e   Code   RO         6290    .text               mf_w.l(fepilogue.o)
    0x0800069a   0x000000ba   Code   RO         6292    .text               mf_w.l(depilogue.o)
    0x08000754   0x00000024   Code   RO         6296    .text               mc_w.l(init.o)
    0x08000778   0x0000006e   Code   RO          931    i.ADC_DMAConvCplt   stm32f4xx_hal_adc.o
    0x080007e6   0x00000016   Code   RO          932    i.ADC_DMAError      stm32f4xx_hal_adc.o
    0x080007fc   0x0000000a   Code   RO          933    i.ADC_DMAHalfConvCplt  stm32f4xx_hal_adc.o
    0x08000806   0x00000002   PAD
    0x08000808   0x00000128   Code   RO          934    i.ADC_Init          stm32f4xx_hal_adc.o
    0x08000930   0x0000008c   Code   RO          875    i.BSP_Init          bsp.o
    0x080009bc   0x00000002   Code   RO          669    i.BusFault_Handler  stm32f4xx_it.o
    0x080009be   0x00000002   PAD
    0x080009c0   0x0000000c   Code   RO          670    i.CAN1_RX0_IRQHandler  stm32f4xx_it.o
    0x080009cc   0x0000000c   Code   RO          671    i.CAN2_RX0_IRQHandler  stm32f4xx_it.o
    0x080009d8   0x0000003c   Code   RO          377    i.CanFilter_Init    can.o
    0x08000a14   0x00000078   Code   RO         6096    i.Check_Task        offline_check.o
    0x08000a8c   0x0000000c   Code   RO          672    i.DMA1_Stream5_IRQHandler  stm32f4xx_it.o
    0x08000a98   0x0000000c   Code   RO          673    i.DMA2_Stream2_IRQHandler  stm32f4xx_it.o
    0x08000aa4   0x00000028   Code   RO         3153    i.DMA_CalcBaseAndBitshift  stm32f4xx_hal_dma.o
    0x08000acc   0x00000054   Code   RO         3154    i.DMA_CheckFifoParam  stm32f4xx_hal_dma.o
    0x08000b20   0x00000028   Code   RO         3155    i.DMA_SetConfig     stm32f4xx_hal_dma.o
    0x08000b48   0x00000002   Code   RO          674    i.DebugMon_Handler  stm32f4xx_it.o
    0x08000b4a   0x00000002   Code   RO           13    i.Error_Handler     main.o
    0x08000b4c   0x0000004c   Code   RO         5639    i.GetSystemTimer    systemstate.o
    0x08000b98   0x0000014c   Code   RO          936    i.HAL_ADC_ConfigChannel  stm32f4xx_hal_adc.o
    0x08000ce4   0x00000002   Code   RO          937    i.HAL_ADC_ConvCpltCallback  stm32f4xx_hal_adc.o
    0x08000ce6   0x00000002   Code   RO          938    i.HAL_ADC_ConvHalfCpltCallback  stm32f4xx_hal_adc.o
    0x08000ce8   0x00000002   Code   RO          940    i.HAL_ADC_ErrorCallback  stm32f4xx_hal_adc.o
    0x08000cea   0x00000054   Code   RO          945    i.HAL_ADC_Init      stm32f4xx_hal_adc.o
    0x08000d3e   0x00000002   PAD
    0x08000d40   0x00000100   Code   RO          324    i.HAL_ADC_MspInit   adc.o
    0x08000e40   0x000000ec   Code   RO          951    i.HAL_ADC_Start     stm32f4xx_hal_adc.o
    0x08000f2c   0x00000130   Code   RO          952    i.HAL_ADC_Start_DMA  stm32f4xx_hal_adc.o
    0x0800105c   0x00000024   Code   RO         1207    i.HAL_CAN_ActivateNotification  stm32f4xx_hal_can.o
    0x08001080   0x0000010c   Code   RO         1209    i.HAL_CAN_ConfigFilter  stm32f4xx_hal_can.o
    0x0800118c   0x00000002   Code   RO         1212    i.HAL_CAN_ErrorCallback  stm32f4xx_hal_can.o
    0x0800118e   0x000000e8   Code   RO         1215    i.HAL_CAN_GetRxMessage  stm32f4xx_hal_can.o
    0x08001276   0x000001fc   Code   RO         1219    i.HAL_CAN_IRQHandler  stm32f4xx_hal_can.o
    0x08001472   0x0000011a   Code   RO         1220    i.HAL_CAN_Init      stm32f4xx_hal_can.o
    0x0800158c   0x000000fc   Code   RO          379    i.HAL_CAN_MspInit   can.o
    0x08001688   0x00000002   Code   RO         1227    i.HAL_CAN_RxFifo0FullCallback  stm32f4xx_hal_can.o
    0x0800168a   0x00000002   PAD
    0x0800168c   0x000000f4   Code   RO          675    i.HAL_CAN_RxFifo0MsgPendingCallback  stm32f4xx_it.o
    0x08001780   0x00000002   Code   RO         1229    i.HAL_CAN_RxFifo1FullCallback  stm32f4xx_hal_can.o
    0x08001782   0x00000002   Code   RO         1230    i.HAL_CAN_RxFifo1MsgPendingCallback  stm32f4xx_hal_can.o
    0x08001784   0x00000002   Code   RO         1231    i.HAL_CAN_SleepCallback  stm32f4xx_hal_can.o
    0x08001786   0x00000002   PAD
    0x08001788   0x00000058   Code   RO         1232    i.HAL_CAN_Start     stm32f4xx_hal_can.o
    0x080017e0   0x00000002   Code   RO         1234    i.HAL_CAN_TxMailbox0AbortCallback  stm32f4xx_hal_can.o
    0x080017e2   0x00000002   Code   RO         1235    i.HAL_CAN_TxMailbox0CompleteCallback  stm32f4xx_hal_can.o
    0x080017e4   0x00000002   Code   RO         1236    i.HAL_CAN_TxMailbox1AbortCallback  stm32f4xx_hal_can.o
    0x080017e6   0x00000002   Code   RO         1237    i.HAL_CAN_TxMailbox1CompleteCallback  stm32f4xx_hal_can.o
    0x080017e8   0x00000002   Code   RO         1238    i.HAL_CAN_TxMailbox2AbortCallback  stm32f4xx_hal_can.o
    0x080017ea   0x00000002   Code   RO         1239    i.HAL_CAN_TxMailbox2CompleteCallback  stm32f4xx_hal_can.o
    0x080017ec   0x00000002   Code   RO         1241    i.HAL_CAN_WakeUpFromRxMsgCallback  stm32f4xx_hal_can.o
    0x080017ee   0x00000024   Code   RO         3157    i.HAL_DMA_Abort_IT  stm32f4xx_hal_dma.o
    0x08001812   0x00000002   PAD
    0x08001814   0x000001a0   Code   RO         3161    i.HAL_DMA_IRQHandler  stm32f4xx_hal_dma.o
    0x080019b4   0x000000d4   Code   RO         3162    i.HAL_DMA_Init      stm32f4xx_hal_dma.o
    0x08001a88   0x00000078   Code   RO         3166    i.HAL_DMA_Start_IT  stm32f4xx_hal_dma.o
    0x08001b00   0x000001b0   Code   RO         3049    i.HAL_GPIO_Init     stm32f4xx_hal_gpio.o
    0x08001cb0   0x0000000e   Code   RO         3052    i.HAL_GPIO_TogglePin  stm32f4xx_hal_gpio.o
    0x08001cbe   0x0000000a   Code   RO         3053    i.HAL_GPIO_WritePin  stm32f4xx_hal_gpio.o
    0x08001cc8   0x0000000c   Code   RO         3581    i.HAL_GetTick       stm32f4xx_hal.o
    0x08001cd4   0x00000010   Code   RO         3587    i.HAL_IncTick       stm32f4xx_hal.o
    0x08001ce4   0x00000034   Code   RO         3588    i.HAL_Init          stm32f4xx_hal.o
    0x08001d18   0x00000074   Code   RO          836    i.HAL_InitTick      stm32f4xx_hal_timebase_tim.o
    0x08001d8c   0x00000038   Code   RO          812    i.HAL_MspInit       stm32f4xx_hal_msp.o
    0x08001dc4   0x0000001a   Code   RO         3438    i.HAL_NVIC_EnableIRQ  stm32f4xx_hal_cortex.o
    0x08001dde   0x00000002   PAD
    0x08001de0   0x00000040   Code   RO         3444    i.HAL_NVIC_SetPriority  stm32f4xx_hal_cortex.o
    0x08001e20   0x00000024   Code   RO         3445    i.HAL_NVIC_SetPriorityGrouping  stm32f4xx_hal_cortex.o
    0x08001e44   0x00000130   Code   RO         2695    i.HAL_RCC_ClockConfig  stm32f4xx_hal_rcc.o
    0x08001f74   0x00000040   Code   RO         2699    i.HAL_RCC_GetClockConfig  stm32f4xx_hal_rcc.o
    0x08001fb4   0x0000000c   Code   RO         2700    i.HAL_RCC_GetHCLKFreq  stm32f4xx_hal_rcc.o
    0x08001fc0   0x00000020   Code   RO         2702    i.HAL_RCC_GetPCLK1Freq  stm32f4xx_hal_rcc.o
    0x08001fe0   0x00000020   Code   RO         2703    i.HAL_RCC_GetPCLK2Freq  stm32f4xx_hal_rcc.o
    0x08002000   0x00000064   Code   RO         2704    i.HAL_RCC_GetSysClockFreq  stm32f4xx_hal_rcc.o
    0x08002064   0x0000031c   Code   RO         2707    i.HAL_RCC_OscConfig  stm32f4xx_hal_rcc.o
    0x08002380   0x00000018   Code   RO         3447    i.HAL_SYSTICK_CLKSourceConfig  stm32f4xx_hal_cortex.o
    0x08002398   0x00000028   Code   RO         3449    i.HAL_SYSTICK_Config  stm32f4xx_hal_cortex.o
    0x080023c0   0x00000002   Code   RO         2117    i.HAL_TIMEx_BreakCallback  stm32f4xx_hal_tim_ex.o
    0x080023c2   0x00000002   Code   RO         2118    i.HAL_TIMEx_CommutCallback  stm32f4xx_hal_tim_ex.o
    0x080023c4   0x00000042   Code   RO         2135    i.HAL_TIMEx_MasterConfigSynchronization  stm32f4xx_hal_tim_ex.o
    0x08002406   0x00000036   Code   RO         1442    i.HAL_TIM_Base_Init  stm32f4xx_hal_tim.o
    0x0800243c   0x0000008c   Code   RO          550    i.HAL_TIM_Base_MspInit  tim.o
    0x080024c8   0x00000022   Code   RO         1447    i.HAL_TIM_Base_Start_IT  stm32f4xx_hal_tim.o
    0x080024ea   0x000000d6   Code   RO         1451    i.HAL_TIM_ConfigClockSource  stm32f4xx_hal_tim.o
    0x080025c0   0x00000002   Code   RO         1471    i.HAL_TIM_IC_CaptureCallback  stm32f4xx_hal_tim.o
    0x080025c2   0x00000166   Code   RO         1485    i.HAL_TIM_IRQHandler  stm32f4xx_hal_tim.o
    0x08002728   0x00000002   Code   RO         1488    i.HAL_TIM_OC_DelayElapsedCallback  stm32f4xx_hal_tim.o
    0x0800272a   0x00000002   Code   RO         1515    i.HAL_TIM_PWM_PulseFinishedCallback  stm32f4xx_hal_tim.o
    0x0800272c   0x00000020   Code   RO          676    i.HAL_TIM_PeriodElapsedCallback  stm32f4xx_it.o
    0x0800274c   0x00000002   Code   RO         1528    i.HAL_TIM_TriggerCallback  stm32f4xx_hal_tim.o
    0x0800274e   0x00000002   Code   RO         2389    i.HAL_UART_ErrorCallback  stm32f4xx_hal_uart.o
    0x08002750   0x00000110   Code   RO         2392    i.HAL_UART_IRQHandler  stm32f4xx_hal_uart.o
    0x08002860   0x00000062   Code   RO         2393    i.HAL_UART_Init     stm32f4xx_hal_uart.o
    0x080028c2   0x00000002   PAD
    0x080028c4   0x000001cc   Code   RO          604    i.HAL_UART_MspInit  usart.o
    0x08002a90   0x00000002   Code   RO         2399    i.HAL_UART_RxCpltCallback  stm32f4xx_hal_uart.o
    0x08002a92   0x00000002   Code   RO         2404    i.HAL_UART_TxCpltCallback  stm32f4xx_hal_uart.o
    0x08002a94   0x00000002   Code   RO          677    i.HardFault_Handler  stm32f4xx_it.o
    0x08002a96   0x00000002   PAD
    0x08002a98   0x00000114   Code   RO         6097    i.Led_Task          offline_check.o
    0x08002bac   0x00000064   Code   RO          325    i.MX_ADC1_Init      adc.o
    0x08002c10   0x00000064   Code   RO          326    i.MX_ADC2_Init      adc.o
    0x08002c74   0x00000064   Code   RO          327    i.MX_ADC3_Init      adc.o
    0x08002cd8   0x00000044   Code   RO          380    i.MX_CAN1_Init      can.o
    0x08002d1c   0x00000044   Code   RO          381    i.MX_CAN2_Init      can.o
    0x08002d60   0x0000004c   Code   RO          432    i.MX_DMA_Init       dma.o
    0x08002dac   0x00000094   Code   RO          456    i.MX_FREERTOS_Init  freertos.o
    0x08002e40   0x0000011c   Code   RO          299    i.MX_GPIO_Init      gpio.o
    0x08002f5c   0x00000038   Code   RO          551    i.MX_TIM13_Init     tim.o
    0x08002f94   0x0000006c   Code   RO          552    i.MX_TIM3_Init      tim.o
    0x08003000   0x0000006c   Code   RO          553    i.MX_TIM4_Init      tim.o
    0x0800306c   0x00000038   Code   RO          605    i.MX_USART1_UART_Init  usart.o
    0x080030a4   0x00000038   Code   RO          606    i.MX_USART2_UART_Init  usart.o
    0x080030dc   0x00000038   Code   RO          607    i.MX_USART3_UART_Init  usart.o
    0x08003114   0x00000038   Code   RO          608    i.MX_USART6_UART_Init  usart.o
    0x0800314c   0x00000002   Code   RO          678    i.MemManage_Handler  stm32f4xx_it.o
    0x0800314e   0x00000012   Code   RO         5962    i.MiniPC_Data_task  data_processing.o
    0x08003160   0x00000002   Code   RO          679    i.NMI_Handler       stm32f4xx_it.o
    0x08003162   0x00000002   PAD
    0x08003164   0x00000048   Code   RO         5587    i.OutLine_Check     systemstate.o
    0x080031ac   0x00000018   Code   RO         5588    i.RefreshDeviceOutLineTime  systemstate.o
    0x080031c4   0x00000010   Code   RO         5589    i.RefreshSysTime    systemstate.o
    0x080031d4   0x00000018   Code   RO         5590    i.RefreshTaskOutLineTime  systemstate.o
    0x080031ec   0x0000006c   Code   RO         5801    i.Remote_Ctrl       communication.o
    0x08003258   0x0000002a   Code   RO         5965    i.Remote_Data_Task  data_processing.o
    0x08003282   0x00000002   PAD
    0x08003284   0x00000024   Code   RO         5802    i.Remote_Disable    communication.o
    0x080032a8   0x00000004   Code   RO          680    i.SysTick_Handler   stm32f4xx_it.o
    0x080032ac   0x000000a8   Code   RO           14    i.SystemClock_Config  main.o
    0x08003354   0x00000054   Code   RO         3824    i.SystemInit        system_stm32f4xx.o
    0x080033a8   0x0000001c   Code   RO         5591    i.SystemState_Inite  systemstate.o
    0x080033c4   0x00000048   Code   RO         5592    i.TASK_Check        systemstate.o
    0x0800340c   0x0000000c   Code   RO          681    i.TIM1_UP_TIM10_IRQHandler  stm32f4xx_it.o
    0x08003418   0x0000000c   Code   RO          682    i.TIM3_IRQHandler   stm32f4xx_it.o
    0x08003424   0x0000000c   Code   RO          683    i.TIM4_IRQHandler   stm32f4xx_it.o
    0x08003430   0x0000000c   Code   RO          684    i.TIM8_UP_TIM13_IRQHandler  stm32f4xx_it.o
    0x0800343c   0x000000c8   Code   RO         1530    i.TIM_Base_SetConfig  stm32f4xx_hal_tim.o
    0x08003504   0x00000014   Code   RO         1541    i.TIM_ETR_SetConfig  stm32f4xx_hal_tim.o
    0x08003518   0x00000010   Code   RO         1542    i.TIM_ITRx_SetConfig  stm32f4xx_hal_tim.o
    0x08003528   0x00000022   Code   RO         1548    i.TIM_TI1_ConfigInputStage  stm32f4xx_hal_tim.o
    0x0800354a   0x00000024   Code   RO         1550    i.TIM_TI2_ConfigInputStage  stm32f4xx_hal_tim.o
    0x0800356e   0x00000010   Code   RO         2406    i.UART_DMAAbortOnError  stm32f4xx_hal_uart.o
    0x0800357e   0x0000001c   Code   RO         2416    i.UART_EndRxTransfer  stm32f4xx_hal_uart.o
    0x0800359a   0x00000096   Code   RO         2418    i.UART_Receive_IT   stm32f4xx_hal_uart.o
    0x08003630   0x000002ac   Code   RO         2419    i.UART_SetConfig    stm32f4xx_hal_uart.o
    0x080038dc   0x00000062   Code   RO         2420    i.UART_Transmit_IT  stm32f4xx_hal_uart.o
    0x0800393e   0x00000002   PAD
    0x08003940   0x0000000c   Code   RO          685    i.USART1_IRQHandler  stm32f4xx_it.o
    0x0800394c   0x0000000c   Code   RO          686    i.USART2_IRQHandler  stm32f4xx_it.o
    0x08003958   0x00000002   Code   RO          687    i.UsageFault_Handler  stm32f4xx_it.o
    0x0800395a   0x00000020   Code   RO         3451    i.__NVIC_SetPriority  stm32f4xx_hal_cortex.o
    0x0800397a   0x0000000e   Code   RO         6300    i.__scatterload_copy  mc_w.l(handlers.o)
    0x08003988   0x00000002   Code   RO         6301    i.__scatterload_null  mc_w.l(handlers.o)
    0x0800398a   0x0000000e   Code   RO         6302    i.__scatterload_zeroinit  mc_w.l(handlers.o)
    0x08003998   0x00000040   Code   RO         5170    i.get_moto_measure_3508  motor_use_can.o
    0x080039d8   0x0000000a   Code   RO         5172    i.get_moto_offset   motor_use_can.o
    0x080039e2   0x0000001e   Code   RO           15    i.main              main.o
    0x08003a00   0x0000000c   Code   RO         4617    i.makeFreeRtosPriority  cmsis_os.o
    0x08003a0c   0x0000000e   Code   RO         4619    i.osDelay           cmsis_os.o
    0x08003a1a   0x0000000e   Code   RO         4620    i.osDelayUntil      cmsis_os.o
    0x08003a28   0x0000000a   Code   RO         4622    i.osKernelStart     cmsis_os.o
    0x08003a32   0x00000014   Code   RO         4655    i.osSystickHandler  cmsis_os.o
    0x08003a46   0x00000054   Code   RO         4656    i.osThreadCreate    cmsis_os.o
    0x08003a9a   0x00000002   PAD
    0x08003a9c   0x00000070   Code   RO         4308    i.prvAddCurrentTaskToDelayedList  tasks.o
    0x08003b0c   0x000000d0   Code   RO         4309    i.prvAddNewTaskToReadyList  tasks.o
    0x08003bdc   0x00000034   Code   RO         4310    i.prvDeleteTCB      tasks.o
    0x08003c10   0x0000004c   Code   RO         4984    i.prvHeapInit       heap_4.o
    0x08003c5c   0x00000060   Code   RO         4311    i.prvIdleTask       tasks.o
    0x08003cbc   0x0000008e   Code   RO         4312    i.prvInitialiseNewTask  tasks.o
    0x08003d4a   0x00000002   PAD
    0x08003d4c   0x0000004c   Code   RO         4985    i.prvInsertBlockIntoFreeList  heap_4.o
    0x08003d98   0x00000020   Code   RO         4313    i.prvResetNextTaskUnblockTime  tasks.o
    0x08003db8   0x00000028   Code   RO         5046    i.prvTaskExitError  port.o
    0x08003de0   0x000000d8   Code   RO         4986    i.pvPortMalloc      heap_4.o
    0x08003eb8   0x0000002c   Code   RO         5047    i.pxPortInitialiseStack  port.o
    0x08003ee4   0x00000074   Code   RO         6145    i.testTask          other_tasks.o
    0x08003f58   0x00000068   Code   RO         4316    i.ulTaskNotifyTake  tasks.o
    0x08003fc0   0x00000026   Code   RO         3962    i.uxListRemove      list.o
    0x08003fe6   0x00000002   PAD
    0x08003fe8   0x00000014   Code   RO          458    i.vApplicationGetIdleTaskMemory  freertos.o
    0x08003ffc   0x00000016   Code   RO         3963    i.vListInitialise   list.o
    0x08004012   0x00000006   Code   RO         3964    i.vListInitialiseItem  list.o
    0x08004018   0x00000030   Code   RO         3965    i.vListInsert       list.o
    0x08004048   0x00000018   Code   RO         3966    i.vListInsertEnd    list.o
    0x08004060   0x00000020   Code   RO         6098    i.vOutLineCheck_Task  offline_check.o
    0x08004080   0x00000040   Code   RO         5049    i.vPortEnterCritical  port.o
    0x080040c0   0x00000028   Code   RO         5050    i.vPortExitCritical  port.o
    0x080040e8   0x0000005c   Code   RO         4987    i.vPortFree         heap_4.o
    0x08004144   0x00000024   Code   RO         5051    i.vPortSetupTimerInterrupt  port.o
    0x08004168   0x0000004c   Code   RO         4321    i.vTaskDelay        tasks.o
    0x080041b4   0x0000008c   Code   RO         4322    i.vTaskDelayUntil   tasks.o
    0x08004240   0x0000006c   Code   RO         4335    i.vTaskStartScheduler  tasks.o
    0x080042ac   0x00000010   Code   RO         4337    i.vTaskSuspendAll   tasks.o
    0x080042bc   0x0000005c   Code   RO         4338    i.vTaskSwitchContext  tasks.o
    0x08004318   0x000000f4   Code   RO         5053    i.xPortStartScheduler  port.o
    0x0800440c   0x0000002c   Code   RO         5054    i.xPortSysTickHandler  port.o
    0x08004438   0x0000005a   Code   RO         4340    i.xTaskCreate       tasks.o
    0x08004492   0x00000056   Code   RO         4341    i.xTaskCreateStatic  tasks.o
    0x080044e8   0x0000001c   Code   RO         4345    i.xTaskGetSchedulerState  tasks.o
    0x08004504   0x0000000c   Code   RO         4346    i.xTaskGetTickCount  tasks.o
    0x08004510   0x000000c8   Code   RO         4348    i.xTaskIncrementTick  tasks.o
    0x080045d8   0x000000c4   Code   RO         4354    i.xTaskResumeAll    tasks.o
    0x0800469c   0x000000a8   Data   RO          460    .constdata          freertos.o
    0x08004744   0x00000008   Data   RO         3168    .constdata          stm32f4xx_hal_dma.o
    0x0800474c   0x00000010   Data   RO         3825    .constdata          system_stm32f4xx.o
    0x0800475c   0x00000008   Data   RO         3826    .constdata          system_stm32f4xx.o
    0x08004764   0x00000042   Data   RO          461    .conststring        freertos.o
    0x080047a6   0x00000002   PAD
    0x080047a8   0x00000020   Data   RO         6298    Region$$Table       anon$$obj.o


    Execution Region RW_IRAM1 (Base: 0x20000000, Size: 0x00004b38, Max: 0x00020000, ABSOLUTE)

    Base Addr    Size         Type   Attr      Idx    E Section Name        Object

    0x20000000   0x00000004   Data   RW          383    .data               can.o
    0x20000004   0x00000018   Data   RW          464    .data               freertos.o
    0x2000001c   0x00000010   Data   RW          689    .data               stm32f4xx_it.o
    0x2000002c   0x0000000c   Data   RW         3595    .data               stm32f4xx_hal.o
    0x20000038   0x00000004   Data   RW         3827    .data               system_stm32f4xx.o
    0x2000003c   0x0000003c   Data   RW         4357    .data               tasks.o
    0x20000078   0x00000018   Data   RW         4992    .data               heap_4.o
    0x20000090   0x0000000c   Data   RW         5055    .data               port.o
    0x2000009c   0x00000004   Data   RW         6146    .data               other_tasks.o
    0x200000a0   0x00000138   Zero   RW          328    .bss                adc.o
    0x200001d8   0x00000050   Zero   RW          382    .bss                can.o
    0x20000228   0x00000254   Zero   RW          459    .bss                freertos.o
    0x2000047c   0x000000c0   Zero   RW          554    .bss                tim.o
    0x2000053c   0x000001c0   Zero   RW          610    .bss                usart.o
    0x200006fc   0x00000038   Zero   RW          688    .bss                stm32f4xx_it.o
    0x20000734   0x00000040   Zero   RW          839    .bss                stm32f4xx_hal_timebase_tim.o
    0x20000774   0x00000028   Zero   RW          879    .bss                bsp.o
    0x2000079c   0x000000f0   Zero   RW         4356    .bss                tasks.o
    0x2000088c   0x00003c00   Zero   RW         4991    .bss                heap_4.o
    0x2000448c   0x000000f0   Zero   RW         5173    .bss                motor_use_can.o
    0x2000457c   0x0000005c   Zero   RW         5175    .bss                motor_use_can.o
    0x200045d8   0x0000003c   Zero   RW         5593    .bss                systemstate.o
    0x20004614   0x000000e4   Zero   RW         5805    .bss                communication.o
    0x200046f8   0x0000003c   Zero   RW         6099    .bss                offline_check.o
    0x20004734   0x00000004   PAD
    0x20004738   0x00000400   Zero   RW            1    STACK               startup_stm32f407xx.o


==============================================================================

Image component sizes


      Code (inc. data)   RO Data    RW Data    ZI Data      Debug   Object Name

       556         66          0          0        312       3185   adc.o
       140         18          0          0         40       1267   bsp.o
       448         44          0          4         80       3119   can.o
       154          0          0          0          0      23915   cmsis_os.o
       144         16          0          0        228       5808   communication.o
        60          0          0          0          0       1194   data_processing.o
        76          4          0          0          0        826   dma.o
         0          0          0          0          0      18196   event_groups.o
       168         12        234         24        596      16599   freertos.o
       284         26          0          0          0       1111   gpio.o
       460         24          0         24      15360       7423   heap_4.o
       138          0          0          0          0       3630   list.o
       200         10          0          0          0     733648   main.o
        74          0          0          0        332       6748   motor_use_can.o
       428         18          0          0         60       3490   offline_check.o
       116         18          0          4          0        860   other_tasks.o
       702         72          0         12          0      11240   port.o
        36          8        392          0       1024        844   startup_stm32f407xx.o
        80         14          0         12          0       3318   stm32f4xx_hal.o
      1400         90          0          0          0       8425   stm32f4xx_hal_adc.o
      1438          6          0          0          0      13416   stm32f4xx_hal_can.o
       222         14          0          0          0      34681   stm32f4xx_hal_cortex.o
       948         16          8          0          0       6582   stm32f4xx_hal_dma.o
       456         44          0          0          0       3105   stm32f4xx_hal_gpio.o
        56          4          0          0          0        866   stm32f4xx_hal_msp.o
      1340         96          0          0          0       6405   stm32f4xx_hal_rcc.o
       974         44          0          0          0      10225   stm32f4xx_hal_tim.o
        70          0          0          0          0       2493   stm32f4xx_hal_tim_ex.o
       116         16          0          0         64       1439   stm32f4xx_hal_timebase_tim.o
      1352         14          0          0          0       7615   stm32f4xx_hal_uart.o
       412         90          0         16         56      10654   stm32f4xx_it.o
        84         18         24          4          0       1203   system_stm32f4xx.o
       312         54          0          0         60       5942   systemstate.o
      1790        138          0         60        240      19988   tasks.o
       412         42          0          0        192       3050   tim.o
       684         78          0          0        448       4139   usart.o

    ----------------------------------------------------------------------
     16362       1114        692        160      19096     986649   Object Totals
         0          0         32          0          0          0   (incl. Generated)
        32          0          2          0          4          0   (incl. Padding)

    ----------------------------------------------------------------------

      Code (inc. data)   RO Data    RW Data    ZI Data      Debug   Library Member Name

         0          0          0          0          0          0   entry.o
         0          0          0          0          0          0   entry10a.o
         0          0          0          0          0          0   entry11a.o
         8          4          0          0          0          0   entry2.o
         4          0          0          0          0          0   entry5.o
         0          0          0          0          0          0   entry7b.o
         0          0          0          0          0          0   entry8b.o
         8          4          0          0          0          0   entry9a.o
        30          0          0          0          0          0   handlers.o
        36          8          0          0          0         68   init.o
         0          0          0          0          0          0   iusefp.o
        30          0          0          0          0         68   llshl.o
        36          0          0          0          0         68   llsshr.o
        32          0          0          0          0         68   llushr.o
        36          0          0          0          0         68   memcpya.o
        36          0          0          0          0        108   memseta.o
        98          0          0          0          0         92   uldiv.o
        56          0          0          0          0         88   d2f.o
       334          0          0          0          0        148   dadd.o
       222          0          0          0          0        100   ddiv.o
       186          0          0          0          0        176   depilogue.o
        34          0          0          0          0         76   dflti.o
        26          0          0          0          0         76   dfltui.o
       110          0          0          0          0        168   fepilogue.o

    ----------------------------------------------------------------------
      1322         16          0          0          0       1372   Library Totals
         0          0          0          0          0          0   (incl. Padding)

    ----------------------------------------------------------------------

      Code (inc. data)   RO Data    RW Data    ZI Data      Debug   Library Name

       354         16          0          0          0        540   mc_w.l
       968          0          0          0          0        832   mf_w.l

    ----------------------------------------------------------------------
      1322         16          0          0          0       1372   Library Totals

    ----------------------------------------------------------------------

==============================================================================


      Code (inc. data)   RO Data    RW Data    ZI Data      Debug   

     17684       1130        692        160      19096     969801   Grand Totals
     17684       1130        692        160      19096     969801   ELF Image Totals
     17684       1130        692        160          0          0   ROM Totals

==============================================================================

    Total RO  Size (Code + RO Data)                18376 (  17.95kB)
    Total RW  Size (RW Data + ZI Data)             19256 (  18.80kB)
    Total ROM Size (Code + RO Data + RW Data)      18536 (  18.10kB)

==============================================================================

