Component: ARM Compiler 5.06 update 3 (build 300) Tool: armlink [4d35c9]

==============================================================================

Section Cross References

    startup_stm32f407xx.o(RESET) refers to startup_stm32f407xx.o(STACK) for __initial_sp
    startup_stm32f407xx.o(RESET) refers to startup_stm32f407xx.o(.text) for Reset_Handler
    startup_stm32f407xx.o(RESET) refers to stm32f4xx_it.o(i.NMI_Handler) for NMI_Handler
    startup_stm32f407xx.o(RESET) refers to stm32f4xx_it.o(i.HardFault_Handler) for HardFault_Handler
    startup_stm32f407xx.o(RESET) refers to stm32f4xx_it.o(i.MemManage_Handler) for MemManage_Handler
    startup_stm32f407xx.o(RESET) refers to stm32f4xx_it.o(i.BusFault_Handler) for BusFault_Handler
    startup_stm32f407xx.o(RESET) refers to stm32f4xx_it.o(i.UsageFault_Handler) for UsageFault_Handler
    startup_stm32f407xx.o(RESET) refers to port.o(.emb_text) for SVC_Handler
    startup_stm32f407xx.o(RESET) refers to stm32f4xx_it.o(i.DebugMon_Handler) for DebugMon_Handler
    startup_stm32f407xx.o(RESET) refers to stm32f4xx_it.o(i.SysTick_Handler) for SysTick_Handler
    startup_stm32f407xx.o(RESET) refers to stm32f4xx_it.o(i.EXTI0_IRQHandler) for EXTI0_IRQHandler
    startup_stm32f407xx.o(RESET) refers to stm32f4xx_it.o(i.EXTI3_IRQHandler) for EXTI3_IRQHandler
    startup_stm32f407xx.o(RESET) refers to stm32f4xx_it.o(i.EXTI4_IRQHandler) for EXTI4_IRQHandler
    startup_stm32f407xx.o(RESET) refers to stm32f4xx_it.o(i.DMA1_Stream1_IRQHandler) for DMA1_Stream1_IRQHandler
    startup_stm32f407xx.o(RESET) refers to stm32f4xx_it.o(i.CAN1_RX0_IRQHandler) for CAN1_RX0_IRQHandler
    startup_stm32f407xx.o(RESET) refers to stm32f4xx_it.o(i.EXTI9_5_IRQHandler) for EXTI9_5_IRQHandler
    startup_stm32f407xx.o(RESET) refers to stm32f4xx_it.o(i.TIM2_IRQHandler) for TIM2_IRQHandler
    startup_stm32f407xx.o(RESET) refers to stm32f4xx_it.o(i.TIM3_IRQHandler) for TIM3_IRQHandler
    startup_stm32f407xx.o(RESET) refers to stm32f4xx_it.o(i.USART3_IRQHandler) for USART3_IRQHandler
    startup_stm32f407xx.o(RESET) refers to stm32f4xx_it.o(i.TIM8_BRK_TIM12_IRQHandler) for TIM8_BRK_TIM12_IRQHandler
    startup_stm32f407xx.o(RESET) refers to stm32f4xx_it.o(i.TIM6_DAC_IRQHandler) for TIM6_DAC_IRQHandler
    startup_stm32f407xx.o(RESET) refers to stm32f4xx_it.o(i.DMA2_Stream1_IRQHandler) for DMA2_Stream1_IRQHandler
    startup_stm32f407xx.o(RESET) refers to stm32f4xx_it.o(i.DMA2_Stream2_IRQHandler) for DMA2_Stream2_IRQHandler
    startup_stm32f407xx.o(RESET) refers to stm32f4xx_it.o(i.DMA2_Stream3_IRQHandler) for DMA2_Stream3_IRQHandler
    startup_stm32f407xx.o(RESET) refers to stm32f4xx_it.o(i.CAN2_RX0_IRQHandler) for CAN2_RX0_IRQHandler
    startup_stm32f407xx.o(RESET) refers to stm32f4xx_it.o(i.USART6_IRQHandler) for USART6_IRQHandler
    startup_stm32f407xx.o(.text) refers to system_stm32f4xx.o(i.SystemInit) for SystemInit
    startup_stm32f407xx.o(.text) refers to entry.o(.ARM.Collect$$$$00000000) for __main
    main.o(i.SystemClock_Config) refers to memseta.o(.text) for __aeabi_memclr4
    main.o(i.SystemClock_Config) refers to stm32f4xx_hal_rcc.o(i.HAL_RCC_OscConfig) for HAL_RCC_OscConfig
    main.o(i.SystemClock_Config) refers to stm32f4xx_hal_rcc.o(i.HAL_RCC_ClockConfig) for HAL_RCC_ClockConfig
    main.o(i.SystemClock_Config) refers to stm32f4xx_hal_rcc.o(i.HAL_RCC_GetHCLKFreq) for HAL_RCC_GetHCLKFreq
    main.o(i.SystemClock_Config) refers to stm32f4xx_hal_cortex.o(i.HAL_SYSTICK_Config) for HAL_SYSTICK_Config
    main.o(i.SystemClock_Config) refers to stm32f4xx_hal_cortex.o(i.HAL_SYSTICK_CLKSourceConfig) for HAL_SYSTICK_CLKSourceConfig
    main.o(i.SystemClock_Config) refers to stm32f4xx_hal_cortex.o(i.HAL_NVIC_SetPriority) for HAL_NVIC_SetPriority
    main.o(i.main) refers to stm32f4xx_hal.o(i.HAL_Init) for HAL_Init
    main.o(i.main) refers to main.o(i.SystemClock_Config) for SystemClock_Config
    main.o(i.main) refers to port.o(i.vPortEnterCritical) for vPortEnterCritical
    main.o(i.main) refers to bsp.o(i.BSP_Init) for BSP_Init
    main.o(i.main) refers to freertos.o(i.MX_FREERTOS_Init) for MX_FREERTOS_Init
    main.o(i.main) refers to port.o(i.vPortExitCritical) for vPortExitCritical
    main.o(i.main) refers to cmsis_os.o(i.osKernelStart) for osKernelStart
    gpio.o(i.MX_GPIO_Init) refers to memseta.o(.text) for __aeabi_memclr4
    gpio.o(i.MX_GPIO_Init) refers to stm32f4xx_hal_gpio.o(i.HAL_GPIO_WritePin) for HAL_GPIO_WritePin
    gpio.o(i.MX_GPIO_Init) refers to stm32f4xx_hal_gpio.o(i.HAL_GPIO_Init) for HAL_GPIO_Init
    gpio.o(i.MX_GPIO_Init) refers to stm32f4xx_hal_cortex.o(i.HAL_NVIC_SetPriority) for HAL_NVIC_SetPriority
    gpio.o(i.MX_GPIO_Init) refers to stm32f4xx_hal_cortex.o(i.HAL_NVIC_EnableIRQ) for HAL_NVIC_EnableIRQ
    can.o(i.CanFilter_Init) refers to stm32f4xx_hal_can.o(i.HAL_CAN_ConfigFilter) for HAL_CAN_ConfigFilter
    can.o(i.CanFilter_Init) refers to can.o(.bss) for .bss
[...]
    _printf_p                                0x00000000   Number         0  stubs.o ABSOLUTE
    _printf_percent                          0x00000000   Number         0  stubs.o ABSOLUTE
    _printf_pre_padding                      0x00000000   Number         0  stubs.o ABSOLUTE
    _printf_return_value                     0x00000000   Number         0  stubs.o ABSOLUTE
    _printf_s                                0x00000000   Number         0  stubs.o ABSOLUTE
    _printf_sizespec                         0x00000000   Number         0  stubs.o ABSOLUTE
    _printf_str                              0x00000000   Number         0  stubs.o ABSOLUTE
    _printf_truncate_signed                  0x00000000   Number         0  stubs.o ABSOLUTE
    _printf_truncate_unsigned                0x00000000   Number         0  stubs.o ABSOLUTE
    _printf_u                                0x00000000   Number         0  stubs.o ABSOLUTE
    _printf_wc                               0x00000000   Number         0  stubs.o ABSOLUTE
    _printf_wctomb                           0x00000000   Number         0  stubs.o ABSOLUTE
    _printf_widthprec                        0x00000000   Number         0  stubs.o ABSOLUTE
    _printf_x                                0x00000000   Number         0  stubs.o ABSOLUTE
    __cpp_initialize__aeabi_                  - Undefined Weak Reference
    __cxa_finalize                            - Undefined Weak Reference
    _clock_init                               - Undefined Weak Reference
    _microlib_exit                            - Undefined Weak Reference
    __Vectors_Size                           0x00000188   Number         0  startup_stm32f407xx.o ABSOLUTE
    __Vectors                                0x08000000   Data           4  startup_stm32f407xx.o(RESET)
    __Vectors_End                            0x08000188   Data           0  startup_stm32f407xx.o(RESET)
    __main                                   0x08000189   Thumb Code     0  entry.o(.ARM.Collect$$$$00000000)
    _main_stk                                0x08000189   Thumb Code     0  entry2.o(.ARM.Collect$$$$00000001)
    _main_scatterload                        0x0800018d   Thumb Code     0  entry5.o(.ARM.Collect$$$$00000004)
    __main_after_scatterload                 0x08000191   Thumb Code     0  entry5.o(.ARM.Collect$$$$00000004)
    _main_clock                              0x08000191   Thumb Code     0  entry7b.o(.ARM.Collect$$$$00000008)
    _main_cpp_init                           0x08000191   Thumb Code     0  entry8b.o(.ARM.Collect$$$$0000000A)
    _main_init                               0x08000191   Thumb Code     0  entry9a.o(.ARM.Collect$$$$0000000B)
    __rt_final_cpp                           0x08000199   Thumb Code     0  entry10a.o(.ARM.Collect$$$$0000000D)
    __rt_final_exit                          0x08000199   Thumb Code     0  entry11a.o(.ARM.Collect$$$$0000000F)
    SVC_Handler                              0x0800019d   Thumb Code    28  port.o(.emb_text)
    __asm___6_port_c_39a90d8d__prvStartFirstTask 0x080001bd   Thumb Code    36  port.o(.emb_text)
    __asm___6_port_c_39a90d8d__prvEnableVFP  0x080001e5   Thumb Code    16  port.o(.emb_text)
    PendSV_Handler                           0x080001f9   Thumb Code    88  port.o(.emb_text)
    vPortGetIPSR                             0x08000255   Thumb Code     6  port.o(.emb_text)
    Reset_Handler                            0x0800025d   Thumb Code     8  startup_stm32f407xx.o(.text)
    ADC_IRQHandler                           0x08000277   Thumb Code     0  startup_stm32f407xx.o(.text)
    CAN1_RX1_IRQHandler                      0x08000277   Thumb Code     0  startup_stm32f407xx.o(.text)
    CAN1_SCE_IRQHandler                      0x08000277   Thumb Code     0  startup_stm32f407xx.o(.text)
    CAN1_TX_IRQHandler                       0x08000277   Thumb Code     0  startup_stm32f407xx.o(.text)
    CAN2_RX1_IRQHandler                      0x08000277   Thumb Code     0  startup_stm32f407xx.o(.text)
    CAN2_SCE_IRQHandler                      0x08000277   Thumb Code     0  startup_stm32f407xx.o(.text)
    CAN2_TX_IRQHandler                       0x08000277   Thumb Code     0  startup_stm32f407xx.o(.text)
    DCMI_IRQHandler                          0x08000277   Thumb Code     0  startup_stm32f407xx.o(.text)
    DMA1_Stream0_IRQHandler                  0x08000277   Thumb Code     0  startup_stm32f407xx.o(.text)
    DMA1_Stream2_IRQHandler                  0x08000277   Thumb Code     0  startup_stm32f407xx.o(.text)
    DMA1_Stream3_IRQHandler                  0x08000277   Thumb Code     0  startup_stm32f407xx.o(.text)
    DMA1_Stream4_IRQHandler                  0x08000277   Thumb Code     0  startup_stm32f407xx.o(.text)
    DMA1_Stream5_IRQHandler                  0x08000277   Thumb Code     0  startup_stm32f407xx.o(.text)
    DMA1_Stream6_IRQHandler                  0x08000277   Thumb Code     0  startup_stm32f407xx.o(.text)
    DMA1_Stream7_IRQHandler                  0x08000277   Thumb Code     0  startup_stm32f407xx.o(.text)
    DMA2_Stream0_IRQHandler                  0x08000277   Thumb Code     0  startup_stm32f407xx.o(.text)
    DMA2_Stream4_IRQHandler                  0x08000277   Thumb Code     0  startup_stm32f407xx.o(.text)
    DMA2_Stream5_IRQHandler                  0x08000277   Thumb Code     0  startup_stm32f407xx.o(.text)
    DMA2_Stream6_IRQHandler                  0x08000277   Thumb Code     0  startup_stm32f407xx.o(.text)
    DMA2_Stream7_IRQHandler                  0x08000277   Thumb Code     0  startup_stm32f407xx.o(.text)
    ETH_IRQHandler                           0x08000277   Thumb Code     0  startup_stm32f407xx.o(.text)
    ETH_WKUP_IRQHandler                      0x08000277   Thumb Code     0  startup_stm32f407xx.o(.text)
    EXTI15_10_IRQHandler                     0x08000277   Thumb Code     0  startup_stm32f407xx.o(.text)
    EXTI1_IRQHandler                         0x08000277   Thumb Code     0  startup_stm32f407xx.o(.text)
    EXTI2_IRQHandler                         0x08000277   Thumb Code     0  startup_stm32f407xx.o(.text)
    FLASH_IRQHandler                         0x08000277   Thumb Code     0  startup_stm32f407xx.o(.text)
    FMC_IRQHandler                           0x08000277   Thumb Code     0  startup_stm32f407xx.o(.text)
    FPU_IRQHandler                           0x08000277   Thumb Code     0  startup_stm32f407xx.o(.text)
    HASH_RNG_IRQHandler                      0x08000277   Thumb Code     0  startup_stm32f407xx.o(.text)
    I2C1_ER_IRQHandler                       0x08000277   Thumb Code     0  startup_stm32f407xx.o(.text)
    I2C1_EV_IRQHandler                       0x08000277   Thumb Code     0  startup_stm32f407xx.o(.text)
    I2C2_ER_IRQHandler                       0x08000277   Thumb Code     0  startup_stm32f407xx.o(.text)
    I2C2_EV_IRQHandler                       0x08000277   Thumb Code     0  startup_stm32f407xx.o(.text)
    I2C3_ER_IRQHandler                       0x08000277   Thumb Code     0  startup_stm32f407xx.o(.text)
    I2C3_EV_IRQHandler                       0x08000277   Thumb Code     0  startup_stm32f407xx.o(.text)
    OTG_FS_IRQHandler                        0x08000277   Thumb Code     0  startup_stm32f407xx.o(.text)
    OTG_FS_WKUP_IRQHandler                   0x08000277   Thumb Code     0  startup_stm32f407xx.o(.text)
    OTG_HS_EP1_IN_IRQHandler                 0x08000277   Thumb Code     0  startup_stm32f407xx.o(.text)
    OTG_HS_EP1_OUT_IRQHandler                0x08000277   Thumb Code     0  startup_stm32f407xx.o(.text)
    OTG_HS_IRQHandler                        0x08000277   Thumb Code     0  startup_stm32f407xx.o(.text)
    OTG_HS_WKUP_IRQHandler                   0x08000277   Thumb Code     0  startup_stm32f407xx.o(.text)
    PVD_IRQHandler                           0x08000277   Thumb Code     0  startup_stm32f407xx.o(.text)
    RCC_IRQHandler                           0x08000277   Thumb Code     0  startup_stm32f407xx.o(.text)
    RTC_Alarm_IRQHandler                     0x08000277   Thumb Code     0  startup_stm32f407xx.o(.text)
    RTC_WKUP_IRQHandler                      0x08000277   Thumb Code     0  startup_stm32f407xx.o(.text)
    SDIO_IRQHandler                          0x08000277   Thumb Code     0  startup_stm32f407xx.o(.text)
    SPI1_IRQHandler                          0x08000277   Thumb Code     0  startup_stm32f407xx.o(.text)
    SPI2_IRQHandler                          0x08000277   Thumb Code     0  startup_stm32f407xx.o(.text)
    SPI3_IRQHandler                          0x08000277   Thumb Code     0  startup_stm32f407xx.o(.text)
    TAMP_STAMP_IRQHandler                    0x08000277   Thumb Code     0  startup_stm32f407xx.o(.text)
    TIM1_BRK_TIM9_IRQHandler                 0x08000277   Thumb Code     0  startup_stm32f407xx.o(.text)
    TIM1_CC_IRQHandler                       0x08000277   Thumb Code     0  startup_stm32f407xx.o(.text)
    TIM1_TRG_COM_TIM11_IRQHandler            0x08000277   Thumb Code     0  startup_stm32f407xx.o(.text)
    TIM1_UP_TIM10_IRQHandler                 0x08000277   Thumb Code     0  startup_stm32f407xx.o(.text)
    TIM4_IRQHandler                          0x08000277   Thumb Code     0  startup_stm32f407xx.o(.text)
    TIM5_IRQHandler                          0x08000277   Thumb Code     0  startup_stm32f407xx.o(.text)
    TIM7_IRQHandler                          0x08000277   Thumb Code     0  startup_stm32f407xx.o(.text)
    TIM8_CC_IRQHandler                       0x08000277   Thumb Code     0  startup_stm32f407xx.o(.text)
    TIM8_TRG_COM_TIM14_IRQHandler            0x08000277   Thumb Code     0  startup_stm32f407xx.o(.text)
    TIM8_UP_TIM13_IRQHandler                 0x08000277   Thumb Code     0  startup_stm32f407xx.o(.text)
    UART4_IRQHandler                         0x08000277   Thumb Code     0  startup_stm32f407xx.o(.text)
    UART5_IRQHandler                         0x08000277   Thumb Code     0  startup_stm32f407xx.o(.text)
    USART1_IRQHandler                        0x08000277   Thumb Code     0  startup_stm32f407xx.o(.text)
    USART2_IRQHandler                        0x08000277   Thumb Code     0  startup_stm32f407xx.o(.text)
    WWDG_IRQHandler                          0x08000277   Thumb Code     0  startup_stm32f407xx.o(.text)
    __aeabi_uldivmod                         0x08000281   Thumb Code    98  uldiv.o(.text)
    __aeabi_memcpy                           0x080002e3   Thumb Code    36  memcpya.o(.text)
    __aeabi_memcpy4                          0x080002e3   Thumb Code     0  memcpya.o(.text)
    __aeabi_memcpy8                          0x080002e3   Thumb Code     0  memcpya.o(.text)
    __aeabi_memset                           0x08000307   Thumb Code    14  memseta.o(.text)
    __aeabi_memset4                          0x08000307   Thumb Code     0  memseta.o(.text)
    __aeabi_memset8                          0x08000307   Thumb Code     0  memseta.o(.text)
    __aeabi_memclr                           0x08000315   Thumb Code     4  memseta.o(.text)
    __aeabi_memclr4                          0x08000315   Thumb Code     0  memseta.o(.text)
    __aeabi_memclr8                          0x08000315   Thumb Code     0  memseta.o(.text)
    memset                                   0x08000319   Thumb Code    18  memseta.o(.text)
    __aeabi_dadd                             0x0800032b   Thumb Code   322  dadd.o(.text)
    __aeabi_dsub                             0x0800046d   Thumb Code     6  dadd.o(.text)
    __aeabi_drsub                            0x08000473   Thumb Code     6  dadd.o(.text)
    __aeabi_dmul                             0x08000479   Thumb Code   228  dmul.o(.text)
    __aeabi_ddiv                             0x0800055d   Thumb Code   222  ddiv.o(.text)
    __aeabi_i2d                              0x0800063b   Thumb Code    34  dflti.o(.text)
    __aeabi_ui2d                             0x0800065d   Thumb Code    26  dfltui.o(.text)
    __aeabi_f2d                              0x08000677   Thumb Code    38  f2d.o(.text)
    __aeabi_d2f                              0x0800069d   Thumb Code    56  d2f.o(.text)
    __aeabi_llsl                             0x080006d5   Thumb Code    30  llshl.o(.text)
    _ll_shift_l                              0x080006d5   Thumb Code     0  llshl.o(.text)
    __aeabi_llsr                             0x080006f3   Thumb Code    32  llushr.o(.text)
    _ll_ushift_r                             0x080006f3   Thumb Code     0  llushr.o(.text)
    __aeabi_lasr                             0x08000713   Thumb Code    36  llsshr.o(.text)
    _ll_sshift_r                             0x08000713   Thumb Code     0  llsshr.o(.text)
    __I$use$fp                               0x08000737   Thumb Code     0  iusefp.o(.text)
    _float_round                             0x08000737   Thumb Code    18  fepilogue.o(.text)
    _float_epilogue                          0x08000749   Thumb Code    92  fepilogue.o(.text)
    _double_round                            0x080007a5   Thumb Code    30  depilogue.o(.text)
    _double_epilogue                         0x080007c3   Thumb Code   156  depilogue.o(.text)
    _dsqrt                                   0x0800085f   Thumb Code   162  dsqrt.o(.text)
    __scatterload                            0x08000901   Thumb Code    28  init.o(.text)
    __scatterload_rt2                        0x08000901   Thumb Code     0  init.o(.text)
    __decompress                             0x08000925   Thumb Code     0  __dczerorl2.o(.text)
    __decompress1                            0x08000925   Thumb Code    86  __dczerorl2.o(.text)
    ABS_limit                                0x0800097b   Thumb Code    42  pid.o(i.ABS_limit)
    AHRS_init                                0x080009a5   Thumb Code    26  ins_task.o(i.AHRS_init)
    AHRS_update                              0x080009c5   Thumb Code    24  ins_task.o(i.AHRS_update)
    Allocate_Motor                           0x080009e1   Thumb Code    52  motor_use_can.o(i.Allocate_Motor)
    BMI088_ACCEL_NS_H                        0x08000a19   Thumb Code    10  bmi088middleware.o(i.BMI088_ACCEL_NS_H)
    BMI088_ACCEL_NS_L                        0x08000a29   Thumb Code    10  bmi088middleware.o(i.BMI088_ACCEL_NS_L)
    BMI088_GPIO_init                         0x08000a39   Thumb Code     2  bmi088middleware.o(i.BMI088_GPIO_init)
    BMI088_GYRO_NS_H                         0x08000a3d   Thumb Code    10  bmi088middleware.o(i.BMI088_GYRO_NS_H)
    BMI088_GYRO_NS_L                         0x08000a4d   Thumb Code    10  bmi088middleware.o(i.BMI088_GYRO_NS_L)
    BMI088_accel_read_over                   0x08000a5d   Thumb Code   120  bmi088driver.o(i.BMI088_accel_read_over)
    BMI088_com_init                          0x08000add   Thumb Code     2  bmi088middleware.o(i.BMI088_com_init)
    BMI088_delay_ms                          0x08000adf   Thumb Code     4  bmi088middleware.o(i.BMI088_delay_ms)
    BMI088_delay_us                          0x08000ae3   Thumb Code     4  bmi088middleware.o(i.BMI088_delay_us)
    BMI088_gyro_read_over                    0x08000ae9   Thumb Code    92  bmi088driver.o(i.BMI088_gyro_read_over)
    BMI088_init                              0x08000b49   Thumb Code    46  bmi088driver.o(i.BMI088_init)
    BMI088_read                              0x08000b79   Thumb Code   340  bmi088driver.o(i.BMI088_read)
    BMI088_read_write_byte                   0x08000d0d   Thumb Code    28  bmi088middleware.o(i.BMI088_read_write_byte)
    BMI088_temperature_read_over             0x08000d2d   Thumb Code    46  bmi088driver.o(i.BMI088_temperature_read_over)
    BSP_Init                                 0x08000d6d   Thumb Code   150  bsp.o(i.BSP_Init)
    Bsp_UART_Receive_DMA                     0x08000e1d   Thumb Code   104  usart.o(i.Bsp_UART_Receive_DMA)
    Bsp_UART_Receive_IT                      0x08000e85   Thumb Code    22  usart.o(i.Bsp_UART_Receive_IT)
    BusFault_Handler                         0x08000e9b   Thumb Code     2  stm32f4xx_it.o(i.BusFault_Handler)
    CAN1_RX0_IRQHandler                      0x08000e9d   Thumb Code     6  stm32f4xx_it.o(i.CAN1_RX0_IRQHandler)
    CAN2_RX0_IRQHandler                      0x08000ea9   Thumb Code     6  stm32f4xx_it.o(i.CAN2_RX0_IRQHandler)
    CAN_GET_CP                               0x08000eb5   Thumb Code     2  motor_use_can.o(i.CAN_GET_CP)
    CAN_GET_ERROR                            0x08000eb7   Thumb Code     2  motor_use_can.o(i.CAN_GET_ERROR)
    CAN_Send_Gimbal                          0x08000eb9   Thumb Code    82  motor_use_can.o(i.CAN_Send_Gimbal)
    CAN_Send_Remote                          0x08000f11   Thumb Code    78  motor_use_can.o(i.CAN_Send_Remote)
    CanFilter_Init                           0x08000f65   Thumb Code    56  can.o(i.CanFilter_Init)
    Cloud_Platform_Motor                     0x08000fa1   Thumb Code    54  motor_use_can.o(i.Cloud_Platform_Motor)
    DMA1_Stream1_IRQHandler                  0x08000fdd   Thumb Code     6  stm32f4xx_it.o(i.DMA1_Stream1_IRQHandler)
    DMA2_Stream1_IRQHandler                  0x08000fe9   Thumb Code     6  stm32f4xx_it.o(i.DMA2_Stream1_IRQHandler)
    DMA2_Stream2_IRQHandler                  0x08000ff5   Thumb Code   678  stm32f4xx_it.o(i.DMA2_Stream2_IRQHandler)
    DMA2_Stream3_IRQHandler                  0x080012c5   Thumb Code     6  stm32f4xx_it.o(i.DMA2_Stream3_IRQHandler)
    DebugMon_Handler                         0x08001375   Thumb Code     2  stm32f4xx_it.o(i.DebugMon_Handler)
    EXTI0_IRQHandler                         0x08001377   Thumb Code     6  stm32f4xx_it.o(i.EXTI0_IRQHandler)
    EXTI3_IRQHandler                         0x0800137d   Thumb Code     6  stm32f4xx_it.o(i.EXTI3_IRQHandler)
    EXTI4_IRQHandler                         0x08001383   Thumb Code     6  stm32f4xx_it.o(i.EXTI4_IRQHandler)
    EXTI9_5_IRQHandler                       0x08001389   Thumb Code     6  stm32f4xx_it.o(i.EXTI9_5_IRQHandler)
    Error_Handler                            0x0800138f   Thumb Code     2  main.o(i.Error_Handler)
    Friction_Wheel_Motor                     0x08001391   Thumb Code     4  motor_use_tim.o(i.Friction_Wheel_Motor)
    GetSystemTimer                           0x08001395   Thumb Code    62  systemstate.o(i.GetSystemTimer)
    Get_MiniPC_Data                          0x080013e1   Thumb Code    48  minipc.o(i.Get_MiniPC_Data)
    Gimbal_Task                              0x08001419   Thumb Code   948  gimbal_control.o(i.Gimbal_Task)
    Gun_Pid_Init                             0x08001815   Thumb Code    76  gun_control.o(i.Gun_Pid_Init)
    Gun_Task                                 0x08001871   Thumb Code   506  gun_control.o(i.Gun_Task)
    HAL_CAN_ActivateNotification             0x08001aa5   Thumb Code    36  stm32f4xx_hal_can.o(i.HAL_CAN_ActivateNotification)
    HAL_CAN_AddTxMessage                     0x08001ac9   Thumb Code   200  stm32f4xx_hal_can.o(i.HAL_CAN_AddTxMessage)
    HAL_CAN_ConfigFilter                     0x08001b91   Thumb Code   262  stm32f4xx_hal_can.o(i.HAL_CAN_ConfigFilter)
    HAL_CAN_ErrorCallback                    0x08001c9d   Thumb Code     2  stm32f4xx_hal_can.o(i.HAL_CAN_ErrorCallback)
    HAL_CAN_GetRxMessage                     0x08001c9f   Thumb Code   232  stm32f4xx_hal_can.o(i.HAL_CAN_GetRxMessage)
    HAL_CAN_IRQHandler                       0x08001d87   Thumb Code   508  stm32f4xx_hal_can.o(i.HAL_CAN_IRQHandler)
    HAL_CAN_Init                             0x08001f83   Thumb Code   282  stm32f4xx_hal_can.o(i.HAL_CAN_Init)
    HAL_CAN_MspInit                          0x0800209d   Thumb Code   226  can.o(i.HAL_CAN_MspInit)
    HAL_CAN_RxFifo0FullCallback              0x08002199   Thumb Code     2  stm32f4xx_hal_can.o(i.HAL_CAN_RxFifo0FullCallback)
    HAL_CAN_RxFifo0MsgPendingCallback        0x0800219d   Thumb Code   220  stm32f4xx_it.o(i.HAL_CAN_RxFifo0MsgPendingCallback)
    HAL_CAN_RxFifo1FullCallback              0x08002295   Thumb Code     2  stm32f4xx_hal_can.o(i.HAL_CAN_RxFifo1FullCallback)
    HAL_CAN_RxFifo1MsgPendingCallback        0x08002297   Thumb Code     2  stm32f4xx_hal_can.o(i.HAL_CAN_RxFifo1MsgPendingCallback)
    HAL_CAN_SleepCallback                    0x08002299   Thumb Code     2  stm32f4xx_hal_can.o(i.HAL_CAN_SleepCallback)
    HAL_CAN_Start                            0x0800229d   Thumb Code    88  stm32f4xx_hal_can.o(i.HAL_CAN_Start)
    HAL_CAN_TxMailbox0AbortCallback          0x080022f5   Thumb Code     2  stm32f4xx_hal_can.o(i.HAL_CAN_TxMailbox0AbortCallback)
    HAL_CAN_TxMailbox0CompleteCallback       0x080022f7   Thumb Code     2  stm32f4xx_hal_can.o(i.HAL_CAN_TxMailbox0CompleteCallback)
    HAL_CAN_TxMailbox1AbortCallback          0x080022f9   Thumb Code     2  stm32f4xx_hal_can.o(i.HAL_CAN_TxMailbox1AbortCallback)
    HAL_CAN_TxMailbox1CompleteCallback       0x080022fb   Thumb Code     2  stm32f4xx_hal_can.o(i.HAL_CAN_TxMailbox1CompleteCallback)
    HAL_CAN_TxMailbox2AbortCallback          0x080022fd   Thumb Code     2  stm32f4xx_hal_can.o(i.HAL_CAN_TxMailbox2AbortCallback)
    HAL_CAN_TxMailbox2CompleteCallback       0x080022ff   Thumb Code     2  stm32f4xx_hal_can.o(i.HAL_CAN_TxMailbox2CompleteCallback)
    HAL_CAN_WakeUpFromRxMsgCallback          0x08002301   Thumb Code     2  stm32f4xx_hal_can.o(i.HAL_CAN_WakeUpFromRxMsgCallback)
    HAL_DMA_IRQHandler                       0x08002305   Thumb Code   412  stm32f4xx_hal_dma.o(i.HAL_DMA_IRQHandler)
    HAL_DMA_Init                             0x080024a5   Thumb Code   206  stm32f4xx_hal_dma.o(i.HAL_DMA_Init)
    HAL_DMA_Start                            0x08002579   Thumb Code    70  stm32f4xx_hal_dma.o(i.HAL_DMA_Start)
    HAL_GPIO_EXTI_Callback                   0x080025c1   Thumb Code   142  stm32f4xx_it.o(i.HAL_GPIO_EXTI_Callback)
    HAL_GPIO_EXTI_IRQHandler                 0x08002675   Thumb Code    18  stm32f4xx_hal_gpio.o(i.HAL_GPIO_EXTI_IRQHandler)
    HAL_GPIO_Init                            0x0800268d   Thumb Code   388  stm32f4xx_hal_gpio.o(i.HAL_GPIO_Init)
    HAL_GPIO_WritePin                        0x0800283d   Thumb Code    10  stm32f4xx_hal_gpio.o(i.HAL_GPIO_WritePin)
    HAL_GetTick                              0x08002849   Thumb Code     6  stm32f4xx_hal.o(i.HAL_GetTick)
    HAL_I2C_Init                             0x08002855   Thumb Code   356  stm32f4xx_hal_i2c.o(i.HAL_I2C_Init)
    HAL_I2C_Mem_Read                         0x080029c9   Thumb Code   490  stm32f4xx_hal_i2c.o(i.HAL_I2C_Mem_Read)
    HAL_I2C_Mem_Write                        0x08002bc1   Thumb Code   294  stm32f4xx_hal_i2c.o(i.HAL_I2C_Mem_Write)
    HAL_I2C_MspInit                          0x08002cf1   Thumb Code   118  i2c.o(i.HAL_I2C_MspInit)
    HAL_IncTick                              0x08002d79   Thumb Code    12  stm32f4xx_hal.o(i.HAL_IncTick)
    HAL_Init                                 0x08002d89   Thumb Code    48  stm32f4xx_hal.o(i.HAL_Init)
    HAL_InitTick                             0x08002dbd   Thumb Code   102  stm32f4xx_hal_timebase_tim.o(i.HAL_InitTick)
    HAL_MspInit                              0x08002e31   Thumb Code    52  stm32f4xx_hal_msp.o(i.HAL_MspInit)
    HAL_NVIC_EnableIRQ                       0x08002e69   Thumb Code    26  stm32f4xx_hal_cortex.o(i.HAL_NVIC_EnableIRQ)
    HAL_NVIC_SetPriority                     0x08002e85   Thumb Code    60  stm32f4xx_hal_cortex.o(i.HAL_NVIC_SetPriority)
    HAL_NVIC_SetPriorityGrouping             0x08002ec5   Thumb Code    26  stm32f4xx_hal_cortex.o(i.HAL_NVIC_SetPriorityGrouping)
    HAL_RCC_ClockConfig                      0x08002ee9   Thumb Code   286  stm32f4xx_hal_rcc.o(i.HAL_RCC_ClockConfig)
    HAL_RCC_GetClockConfig                   0x08003019   Thumb Code    54  stm32f4xx_hal_rcc.o(i.HAL_RCC_GetClockConfig)
    HAL_RCC_GetHCLKFreq                      0x08003059   Thumb Code     6  stm32f4xx_hal_rcc.o(i.HAL_RCC_GetHCLKFreq)
    HAL_RCC_GetPCLK1Freq                     0x08003065   Thumb Code    20  stm32f4xx_hal_rcc.o(i.HAL_RCC_GetPCLK1Freq)
    HAL_RCC_GetPCLK2Freq                     0x08003085   Thumb Code    20  stm32f4xx_hal_rcc.o(i.HAL_RCC_GetPCLK2Freq)
    HAL_RCC_GetSysClockFreq                  0x080030a5   Thumb Code    88  stm32f4xx_hal_rcc.o(i.HAL_RCC_GetSysClockFreq)
    HAL_RCC_OscConfig                        0x08003109   Thumb Code   770  stm32f4xx_hal_rcc.o(i.HAL_RCC_OscConfig)
    HAL_SPI_Init                             0x08003425   Thumb Code   128  stm32f4xx_hal_spi.o(i.HAL_SPI_Init)
    HAL_SPI_MspInit                          0x080034a5   Thumb Code   232  spi.o(i.HAL_SPI_MspInit)
    HAL_SPI_TransmitReceive                  0x080035a5   Thumb Code   482  stm32f4xx_hal_spi.o(i.HAL_SPI_TransmitReceive)
    HAL_SYSTICK_CLKSourceConfig              0x08003787   Thumb Code    24  stm32f4xx_hal_cortex.o(i.HAL_SYSTICK_CLKSourceConfig)
    HAL_SYSTICK_Config                       0x0800379f   Thumb Code    40  stm32f4xx_hal_cortex.o(i.HAL_SYSTICK_Config)
    HAL_TIMEx_BreakCallback                  0x080037c7   Thumb Code     2  stm32f4xx_hal_tim_ex.o(i.HAL_TIMEx_BreakCallback)
    HAL_TIMEx_CommutCallback                 0x080037c9   Thumb Code     2  stm32f4xx_hal_tim_ex.o(i.HAL_TIMEx_CommutCallback)
    HAL_TIMEx_ConfigBreakDeadTime            0x080037cb   Thumb Code    84  stm32f4xx_hal_tim_ex.o(i.HAL_TIMEx_ConfigBreakDeadTime)
    HAL_TIMEx_MasterConfigSynchronization    0x0800381f   Thumb Code    66  stm32f4xx_hal_tim_ex.o(i.HAL_TIMEx_MasterConfigSynchronization)
    HAL_TIM_Base_Init                        0x08003861   Thumb Code    54  stm32f4xx_hal_tim.o(i.HAL_TIM_Base_Init)
    HAL_TIM_Base_MspInit                     0x08003899   Thumb Code   170  tim.o(i.HAL_TIM_Base_MspInit)
    HAL_TIM_Base_Start_IT                    0x0800395d   Thumb Code    34  stm32f4xx_hal_tim.o(i.HAL_TIM_Base_Start_IT)
    HAL_TIM_ConfigClockSource                0x0800397f   Thumb Code   214  stm32f4xx_hal_tim.o(i.HAL_TIM_ConfigClockSource)
    HAL_TIM_IC_CaptureCallback               0x08003a55   Thumb Code     2  stm32f4xx_hal_tim.o(i.HAL_TIM_IC_CaptureCallback)
    HAL_TIM_IRQHandler                       0x08003a57   Thumb Code   358  stm32f4xx_hal_tim.o(i.HAL_TIM_IRQHandler)
    HAL_TIM_MspPostInit                      0x08003bbd   Thumb Code   152  tim.o(i.HAL_TIM_MspPostInit)
    HAL_TIM_OC_DelayElapsedCallback          0x08003c6d   Thumb Code     2  stm32f4xx_hal_tim.o(i.HAL_TIM_OC_DelayElapsedCallback)
    HAL_TIM_PWM_ConfigChannel                0x08003c6f   Thumb Code   208  stm32f4xx_hal_tim.o(i.HAL_TIM_PWM_ConfigChannel)
    HAL_TIM_PWM_Init                         0x08003d3f   Thumb Code    54  stm32f4xx_hal_tim.o(i.HAL_TIM_PWM_Init)
    HAL_TIM_PWM_MspInit                      0x08003d75   Thumb Code     2  stm32f4xx_hal_tim.o(i.HAL_TIM_PWM_MspInit)
    HAL_TIM_PWM_PulseFinishedCallback        0x08003d77   Thumb Code     2  stm32f4xx_hal_tim.o(i.HAL_TIM_PWM_PulseFinishedCallback)
    HAL_TIM_PeriodElapsedCallback            0x08003d79   Thumb Code    24  stm32f4xx_it.o(i.HAL_TIM_PeriodElapsedCallback)
    HAL_TIM_TriggerCallback                  0x08003d95   Thumb Code     2  stm32f4xx_hal_tim.o(i.HAL_TIM_TriggerCallback)
    HAL_UART_Init                            0x08003d97   Thumb Code    98  stm32f4xx_hal_uart.o(i.HAL_UART_Init)
    HAL_UART_MspInit                         0x08003df9   Thumb Code   370  usart.o(i.HAL_UART_MspInit)
    HardFault_Handler                        0x08003f99   Thumb Code     2  stm32f4xx_it.o(i.HardFault_Handler)
    INS_task                                 0x08004341   Thumb Code   262  ins_task.o(i.INS_task)
    LPF_1st                                  0x08004465   Thumb Code    18  power_restriction.o(i.LPF_1st)
    MX_CAN1_Init                             0x08004479   Thumb Code    60  can.o(i.MX_CAN1_Init)
    MX_CAN2_Init                             0x080044bd   Thumb Code    60  can.o(i.MX_CAN2_Init)
    MX_DMA_Init                              0x08004501   Thumb Code   104  dma.o(i.MX_DMA_Init)
    MX_FREERTOS_Init                         0x0800456d   Thumb Code   184  freertos.o(i.MX_FREERTOS_Init)
    MX_GPIO_Init                             0x0800462d   Thumb Code   428  gpio.o(i.MX_GPIO_Init)
    MX_I2C3_Init                             0x080047f9   Thumb Code    50  i2c.o(i.MX_I2C3_Init)
    MX_SPI1_Init                             0x08004839   Thumb Code    64  spi.o(i.MX_SPI1_Init)
    MX_TIM10_Init                            0x08004881   Thumb Code    92  tim.o(i.MX_TIM10_Init)
    MX_TIM12_Init                            0x080048e5   Thumb Code    66  tim.o(i.MX_TIM12_Init)
    MX_TIM1_Init                             0x08004931   Thumb Code   244  tim.o(i.MX_TIM1_Init)
    MX_TIM3_Init                             0x08004a2d   Thumb Code    92  tim.o(i.MX_TIM3_Init)
    MX_TIM6_Init                             0x08004a91   Thumb Code    60  tim.o(i.MX_TIM6_Init)
    MX_USART1_UART_Init                      0x08004ad5   Thumb Code    48  usart.o(i.MX_USART1_UART_Init)
    MX_USART3_UART_Init                      0x08004b0d   Thumb Code    46  usart.o(i.MX_USART3_UART_Init)
    MX_USART6_UART_Init                      0x08004b49   Thumb Code    48  usart.o(i.MX_USART6_UART_Init)
    MahonyAHRSupdate                         0x08004b81   Thumb Code   870  mahonyahrs.o(i.MahonyAHRSupdate)
    MahonyAHRSupdateIMU                      0x08004ef9   Thumb Code   490  mahonyahrs.o(i.MahonyAHRSupdateIMU)
    MemManage_Handler                        0x080050f5   Thumb Code     2  stm32f4xx_it.o(i.MemManage_Handler)
    MiniPC_Data_task                         0x080050f9   Thumb Code   168  data_processing.o(i.MiniPC_Data_task)
    Minipc_Pid_Init                          0x080051b9   Thumb Code    72  data_processing.o(i.Minipc_Pid_Init)
    Mocha_Task                               0x08005209   Thumb Code    90  gun_control.o(i.Mocha_Task)
    Moto_dial_Angle_Reset                    0x0800527d   Thumb Code    14  gun_control.o(i.Moto_dial_Angle_Reset)
    NMI_Handler                              0x08005291   Thumb Code     2  stm32f4xx_it.o(i.NMI_Handler)
    PID_struct_init                          0x08005295   Thumb Code    16  pid.o(i.PID_struct_init)
    RefreshDeviceOutLineTime                 0x080052ad   Thumb Code    20  systemstate.o(i.RefreshDeviceOutLineTime)
    RefreshSysTime                           0x080052c5   Thumb Code    10  systemstate.o(i.RefreshSysTime)
    RefreshTaskOutLineTime                   0x080052d5   Thumb Code    20  systemstate.o(i.RefreshTaskOutLineTime)
    RemoteControlProcess                     0x080052ed   Thumb Code   114  data_processing.o(i.RemoteControlProcess)
    Remote_Ctrl                              0x08005375   Thumb Code   100  communication.o(i.Remote_Ctrl)
    Remote_Data_Task                         0x080053dd   Thumb Code   110  data_processing.o(i.Remote_Data_Task)
    SPI1_DMA_enable                          0x08005459   Thumb Code  4706  bsp_spi.o(i.SPI1_DMA_enable)
    SPI1_DMA_init                            0x080066cd   Thumb Code   216  bsp_spi.o(i.SPI1_DMA_init)
    StartDefaultTask                         0x08006871   Thumb Code     8  freertos.o(i.StartDefaultTask)
    SysTick_Handler                          0x08006879   Thumb Code     4  stm32f4xx_it.o(i.SysTick_Handler)
    SystemClock_Config                       0x0800687d   Thumb Code   158  main.o(i.SystemClock_Config)
    SystemInit                               0x08006925   Thumb Code    66  system_stm32f4xx.o(i.SystemInit)
    TIM1_PWM_Init                            0x08006979   Thumb Code    10  motor_use_tim.o(i.TIM1_PWM_Init)
    TIM2_IRQHandler                          0x08006989   Thumb Code     6  stm32f4xx_it.o(i.TIM2_IRQHandler)
    TIM3_IRQHandler                          0x08006995   Thumb Code     6  stm32f4xx_it.o(i.TIM3_IRQHandler)
    TIM6_DAC_IRQHandler                      0x080069a1   Thumb Code     6  stm32f4xx_it.o(i.TIM6_DAC_IRQHandler)
    TIM8_BRK_TIM12_IRQHandler                0x080069ad   Thumb Code     6  stm32f4xx_it.o(i.TIM8_BRK_TIM12_IRQHandler)
    TIM_Base_SetConfig                       0x080069b9   Thumb Code   156  stm32f4xx_hal_tim.o(i.TIM_Base_SetConfig)
    TIM_ETR_SetConfig                        0x08006a81   Thumb Code    20  stm32f4xx_hal_tim.o(i.TIM_ETR_SetConfig)
    TIM_OC2_SetConfig                        0x08006b05   Thumb Code    98  stm32f4xx_hal_tim.o(i.TIM_OC2_SetConfig)
    USART3_IRQHandler                        0x08006f1d   Thumb Code   254  stm32f4xx_it.o(i.USART3_IRQHandler)
    USART6_IRQHandler                        0x08007039   Thumb Code   250  stm32f4xx_it.o(i.USART6_IRQHandler)
    UsageFault_Handler                       0x08007151   Thumb Code     2  stm32f4xx_it.o(i.UsageFault_Handler)
    __ARM_fpclassifyf                        0x08007153   Thumb Code    38  fpclassifyf.o(i.__ARM_fpclassifyf)
    __hardfp_asinf                           0x08007199   Thumb Code   258  asinf.o(i.__hardfp_asinf)
    __hardfp_atan2f                          0x080072c5   Thumb Code   502  atan2f.o(i.__hardfp_atan2f)
    __hardfp_sqrt                            0x08007515   Thumb Code   122  sqrt.o(i.__hardfp_sqrt)
    __mathlib_flt_infnan                     0x0800758f   Thumb Code     6  funder.o(i.__mathlib_flt_infnan)
    __mathlib_flt_infnan2                    0x08007595   Thumb Code     6  funder.o(i.__mathlib_flt_infnan2)
    __mathlib_flt_invalid                    0x0800759d   Thumb Code    10  funder.o(i.__mathlib_flt_invalid)
    __mathlib_flt_underflow                  0x080075ad   Thumb Code    10  funder.o(i.__mathlib_flt_underflow)
    __scatterload_copy                       0x080075bd   Thumb Code    14  handlers.o(i.__scatterload_copy)
    __scatterload_null                       0x080075cb   Thumb Code     2  handlers.o(i.__scatterload_null)
    __scatterload_zeroinit                   0x080075cd   Thumb Code    14  handlers.o(i.__scatterload_zeroinit)
    __set_errno                              0x080075dd   Thumb Code     6  errno.o(i.__set_errno)
    bmi088_accel_init                        0x080075e9   Thumb Code   292  bmi088driver.o(i.bmi088_accel_init)
    bmi088_accel_self_test                   0x08007711   Thumb Code   698  bmi088driver.o(i.bmi088_accel_self_test)
    bmi088_gyro_init                         0x080079d1   Thumb Code   214  bmi088driver.o(i.bmi088_gyro_init)
    bmi088_gyro_self_test                    0x08007aad   Thumb Code   202  bmi088driver.o(i.bmi088_gyro_self_test)
    bopan_check                              0x08007b79   Thumb Code   110  gun_control.o(i.bopan_check)
    delay_init                               0x08007bf5   Thumb Code    26  bsp_delay.o(i.delay_init)
    delay_us                                 0x08007c1d   Thumb Code    48  bsp_delay.o(i.delay_us)
    get_angle                                0x08007c51   Thumb Code   192  ins_task.o(i.get_angle)
    get_moto_measure_6020                    0x08007d15   Thumb Code    60  motor_use_can.o(i.get_moto_measure_6020)
    get_moto_measure_6623                    0x08007d51   Thumb Code    62  motor_use_can.o(i.get_moto_measure_6623)
    get_moto_offset                          0x08007d8f   Thumb Code    10  motor_use_can.o(i.get_moto_offset)
    gimbal_pid_init                          0x08007d99   Thumb Code   368  gimbal_control.o(i.gimbal_pid_init)
    imu_cmd_spi_dma                          0x08007f5d   Thumb Code   228  ins_task.o(i.imu_cmd_spi_dma)
    invSqrt                                  0x08008055   Thumb Code    40  user_lib.o(i.invSqrt)
    ist8310_GPIO_init                        0x08008081   Thumb Code     2  ist8310driver_middleware.o(i.ist8310_GPIO_init)
    ist8310_IIC_read_muli_reg                0x08008085   Thumb Code    22  ist8310driver_middleware.o(i.ist8310_IIC_read_muli_reg)
    ist8310_IIC_read_single_reg              0x080080a1   Thumb Code    32  ist8310driver_middleware.o(i.ist8310_IIC_read_single_reg)
    ist8310_IIC_write_single_reg             0x080080c5   Thumb Code    30  ist8310driver_middleware.o(i.ist8310_IIC_write_single_reg)
    ist8310_RST_H                            0x080080e9   Thumb Code    10  ist8310driver_middleware.o(i.ist8310_RST_H)
    ist8310_RST_L                            0x080080f9   Thumb Code    10  ist8310driver_middleware.o(i.ist8310_RST_L)
    ist8310_com_init                         0x08008109   Thumb Code     2  ist8310driver_middleware.o(i.ist8310_com_init)
    ist8310_delay_ms                         0x0800810b   Thumb Code     4  ist8310driver_middleware.o(i.ist8310_delay_ms)
    ist8310_init                             0x08008111   Thumb Code   122  ist8310driver.o(i.ist8310_init)
    ist8310_read_mag                         0x08008191   Thumb Code    80  ist8310driver.o(i.ist8310_read_mag)
    main                                     0x080081e5   Thumb Code    30  main.o(i.main)
    osDelay                                  0x0800820f   Thumb Code    14  cmsis_os.o(i.osDelay)
    osDelayUntil                             0x0800821d   Thumb Code    14  cmsis_os.o(i.osDelayUntil)
    osKernelStart                            0x0800822b   Thumb Code    10  cmsis_os.o(i.osKernelStart)
    osSystickHandler                         0x08008235   Thumb Code    20  cmsis_os.o(i.osSystickHandler)
    osThreadCreate                           0x08008249   Thumb Code    84  cmsis_os.o(i.osThreadCreate)
    pid_calc                                 0x0800829d   Thumb Code   472  pid.o(i.pid_calc)
    pvPortMalloc                             0x080087d5   Thumb Code   210  heap_4.o(i.pvPortMalloc)
    pxPortInitialiseStack                    0x080088ad   Thumb Code    40  port.o(i.pxPortInitialiseStack)
    ramp_calc                                0x080088d9   Thumb Code    80  user_lib.o(i.ramp_calc)
    ramp_init                                0x08008929   Thumb Code    26  user_lib.o(i.ramp_init)
    sqrtf                                    0x08008943   Thumb Code    62  sqrtf.o(i.sqrtf)
    testTask                                 0x08008981   Thumb Code    70  other_tasks.o(i.testTask)
    ulTaskNotifyTake                         0x080089cd   Thumb Code    96  tasks.o(i.ulTaskNotifyTake)
    uxListRemove                             0x08008a35   Thumb Code    38  list.o(i.uxListRemove)
    vApplicationGetIdleTaskMemory            0x08008a5d   Thumb Code    16  freertos.o(i.vApplicationGetIdleTaskMemory)
    vListInitialise                          0x08008a71   Thumb Code    22  list.o(i.vListInitialise)
    vListInitialiseItem                      0x08008a87   Thumb Code     6  list.o(i.vListInitialiseItem)
    vListInsert                              0x08008a8d   Thumb Code    48  list.o(i.vListInsert)
    vListInsertEnd                           0x08008abd   Thumb Code    24  list.o(i.vListInsertEnd)
    vPortEnterCritical                       0x08008ad5   Thumb Code    54  port.o(i.vPortEnterCritical)
    vPortExitCritical                        0x08008b15   Thumb Code    34  port.o(i.vPortExitCritical)
    vPortFree                                0x08008b3d   Thumb Code    88  heap_4.o(i.vPortFree)
    vPortSetupTimerInterrupt                 0x08008b99   Thumb Code    32  port.o(i.vPortSetupTimerInterrupt)
    vPortValidateInterruptPriority           0x08008bbd   Thumb Code    74  port.o(i.vPortValidateInterruptPriority)
    vTaskDelay                               0x08008c11   Thumb Code    66  tasks.o(i.vTaskDelay)
    vTaskDelayUntil                          0x08008c5d   Thumb Code   132  tasks.o(i.vTaskDelayUntil)
    vTaskNotifyGiveFromISR                   0x08008ce9   Thumb Code   174  tasks.o(i.vTaskNotifyGiveFromISR)
    vTaskStartScheduler                      0x08008da1   Thumb Code    90  tasks.o(i.vTaskStartScheduler)
    vTaskSuspendAll                          0x08008e0d   Thumb Code    10  tasks.o(i.vTaskSuspendAll)
    vTaskSwitchContext                       0x08008e1d   Thumb Code    82  tasks.o(i.vTaskSwitchContext)
    xPortStartScheduler                      0x08008e79   Thumb Code   222  port.o(i.xPortStartScheduler)
    xPortSysTickHandler                      0x08008f6d   Thumb Code    38  port.o(i.xPortSysTickHandler)
    xTaskCreate                              0x08008f99   Thumb Code    90  tasks.o(i.xTaskCreate)
    xTaskCreateStatic                        0x08008ff3   Thumb Code    86  tasks.o(i.xTaskCreateStatic)
    xTaskGetSchedulerState                   0x08009049   Thumb Code    22  tasks.o(i.xTaskGetSchedulerState)
    xTaskGetTickCount                        0x08009065   Thumb Code     6  tasks.o(i.xTaskGetTickCount)
    xTaskIncrementTick                       0x08009071   Thumb Code   192  tasks.o(i.xTaskIncrementTick)
    xTaskResumeAll                           0x08009139   Thumb Code   182  tasks.o(i.xTaskResumeAll)
    AHBPrescTable                            0x080092e4   Data          16  system_stm32f4xx.o(.constdata)
    APBPrescTable                            0x080092f4   Data           8  system_stm32f4xx.o(.constdata)
    Region$$Table$$Base                      0x08009378   Number         0  anon$$obj.o(Region$$Table)
    Region$$Table$$Limit                     0x08009398   Number         0  anon$$obj.o(Region$$Table)
    defaultTaskHandle                        0x20000004   Data           4  freertos.o(.data)
    testTaskHandle                           0x20000008   Data           4  freertos.o(.data)
    RemoteDataTaskHandle                     0x2000000c   Data           4  freertos.o(.data)
    GimbalTaskHandle                         0x20000010   Data           4  freertos.o(.data)
    GunTaskHandle                            0x20000014   Data           4  freertos.o(.data)
    MiniPCDataTaskHandle                     0x20000018   Data           4  freertos.o(.data)
    MochaTaskHandle                          0x2000001c   Data           4  freertos.o(.data)
    imuTaskHandle                            0x20000020   Data           4  freertos.o(.data)
    DMA_FLAGS                                0x20000030   Data           4  stm32f4xx_it.o(.data)
    CAN1_RX_date                             0x20000034   Data           8  stm32f4xx_it.o(.data)
    CAN2_RX_date                             0x2000003c   Data           8  stm32f4xx_it.o(.data)
    uwTickFreq                               0x20000044   Data           1  stm32f4xx_hal.o(.data)
    uwTickPrio                               0x20000048   Data           4  stm32f4xx_hal.o(.data)
    uwTick                                   0x2000004c   Data           4  stm32f4xx_hal.o(.data)
    SystemCoreClock                          0x20000050   Data           4  system_stm32f4xx.o(.data)
    pxCurrentTCB                             0x20000054   Data           4  tasks.o(.data)
    BMI088_ACCEL_SEN                         0x200000b4   Data           4  bmi088driver.o(.data)
    BMI088_GYRO_SEN                          0x200000b8   Data           4  bmi088driver.o(.data)
    twoKp                                    0x200000e0   Data           4  mahonyahrs.o(.data)
    twoKi                                    0x200000e4   Data           4  mahonyahrs.o(.data)
    integralFBx                              0x200000e8   Data           4  mahonyahrs.o(.data)
    integralFBy                              0x200000ec   Data           4  mahonyahrs.o(.data)
    integralFBz                              0x200000f0   Data           4  mahonyahrs.o(.data)
    gimbal_status                            0x200000fe   Data           8  gimbal_control.o(.data)
    Guodu_or_Stop_mode_flag                  0x20000108   Data           1  gun_control.o(.data)
    Reverse_mode_flag                        0x20000109   Data           1  gun_control.o(.data)
    gyro_update_flag                         0x20000118   Data           1  ins_task.o(.data)
    accel_update_flag                        0x20000119   Data           1  ins_task.o(.data)
    accel_temp_update_flag                   0x2000011a   Data           1  ins_task.o(.data)
    imu_start_dma_flag                       0x2000011b   Data           1  ins_task.o(.data)
    accel_temp_dma_tx_buf                    0x2000011c   Data           4  ins_task.o(.data)
    accel_temp_dma_rx_buf                    0x20000120   Data           4  ins_task.o(.data)
    gyro_dma_tx_buf                          0x20000124   Data           8  ins_task.o(.data)
    gyro_dma_rx_buf                          0x2000012c   Data           8  ins_task.o(.data)
    accel_dma_tx_buf                         0x20000134   Data           9  ins_task.o(.data)
    mag_update_flag                          0x2000013d   Data           1  ins_task.o(.data)
    hcan1                                    0x2000014c   Data          40  can.o(.bss)
    hcan2                                    0x20000174   Data          40  can.o(.bss)
    hi2c3                                    0x200003f0   Data          84  i2c.o(.bss)
    hspi1                                    0x20000444   Data          88  spi.o(.bss)
    hdma_spi1_rx                             0x2000049c   Data          96  spi.o(.bss)
    hdma_spi1_tx                             0x200004fc   Data          96  spi.o(.bss)
    htim1                                    0x2000055c   Data          64  tim.o(.bss)
    htim3                                    0x2000059c   Data          64  tim.o(.bss)
    htim6                                    0x200005dc   Data          64  tim.o(.bss)
    htim10                                   0x2000061c   Data          64  tim.o(.bss)
    htim12                                   0x2000065c   Data          64  tim.o(.bss)
    huart1                                   0x2000069c   Data          64  usart.o(.bss)
    huart3                                   0x200006dc   Data          64  usart.o(.bss)
    huart6                                   0x2000071c   Data          64  usart.o(.bss)
    hdma_usart3_rx                           0x2000075c   Data          96  usart.o(.bss)
    hdma_usart6_rx                           0x200007bc   Data          96  usart.o(.bss)
    CAN1_Rx_Header                           0x2000081c   Data          28  stm32f4xx_it.o(.bss)
    CAN2_Rx_Header                           0x20000838   Data          28  stm32f4xx_it.o(.bss)
    htim2                                    0x20000854   Data          64  stm32f4xx_hal_timebase_tim.o(.bss)
    moto_dial_get                            0x20004584   Data          60  motor_use_can.o(.bss)
    pit_get                                  0x200045c0   Data          60  motor_use_can.o(.bss)
    yaw_get                                  0x200045fc   Data          60  motor_use_can.o(.bss)
    SystemState                              0x200046e0   Data          20  systemstate.o(.bss)
    g_Time_DeviceOutLine                     0x200046f4   Data          24  systemstate.o(.bss)
    g_Time_TASKOutLine                       0x2000470c   Data          24  systemstate.o(.bss)
    imu_data                                 0x20004724   Data          26  communication.o(.bss)
    USART3_RX_DATA                           0x2000473e   Data          18  communication.o(.bss)
    RC_Ctl                                   0x20004750   Data          20  communication.o(.bss)
    USART6_RX_DATA                           0x20004764   Data           9  communication.o(.bss)
    minipc_rx                                0x2000476e   Data          14  minipc.o(.bss)
    minipc_tx                                0x2000477c   Data           9  minipc.o(.bss)
    pid_minipc_yaw                           0x20004788   Data         128  data_processing.o(.bss)
    pid_minipc_pit                           0x20004808   Data         128  data_processing.o(.bss)
    yaw_set                                  0x20004888   Data          16  gimbal_control.o(.bss)
    yaw_tly_set                              0x20004898   Data          16  gimbal_control.o(.bss)
    pit_set                                  0x200048a8   Data          16  gimbal_control.o(.bss)
    pid_yaw                                  0x200048b8   Data         128  gimbal_control.o(.bss)
    pid_yaw_spd                              0x20004938   Data         128  gimbal_control.o(.bss)
    pid_pit                                  0x200049b8   Data         128  gimbal_control.o(.bss)
    pid_pit_spd                              0x20004a38   Data         128  gimbal_control.o(.bss)
    pid_pit_start                            0x20004ab8   Data         128  gimbal_control.o(.bss)
    pid_pit_start_spd                        0x20004b38   Data         128  gimbal_control.o(.bss)
    pid_yaw_start                            0x20004bb8   Data         128  gimbal_control.o(.bss)
    pid_yaw_start_spd                        0x20004c38   Data         128  gimbal_control.o(.bss)
    pid_yaw_jy901                            0x20004cb8   Data         128  gimbal_control.o(.bss)
    pid_yaw_jy901_spd                        0x20004d38   Data         128  gimbal_control.o(.bss)
    pid_pit_dashen                           0x20004db8   Data         128  gimbal_control.o(.bss)
    pid_pit_dashen_spd                       0x20004e38   Data         128  gimbal_control.o(.bss)
    pid_dial_pos                             0x20004eb8   Data         128  gun_control.o(.bss)
    pid_dial_spd                             0x20004f38   Data         128  gun_control.o(.bss)
    Shoot_status                             0x20004fb8   Data          20  gun_control.o(.bss)
    shoot                                    0x20004fcc   Data          20  gun_control.o(.bss)
    imu_temp_pid                             0x20004fe0   Data         128  ins_task.o(.bss)
    INS_quat                                 0x20005060   Data          16  ins_task.o(.bss)
    INS_angle                                0x20005070   Data          12  ins_task.o(.bss)
    accel_dma_rx_buf                         0x2000507c   Data           9  ins_task.o(.bss)
    bmi088_real_data                         0x20005088   Data          36  ins_task.o(.bss)
    ist8310_real_data                        0x200050ac   Data          16  ins_task.o(.bss)
    __initial_sp                             0x200054c0   Data           0  startup_stm32f407xx.o(STACK)



==============================================================================

Memory Map of the image

  Image Entry point : 0x08000189

  Load Region LR_IROM1 (Base: 0x08000000, Size: 0x000094e4, Max: 0x00100000, ABSOLUTE, COMPRESSED[0x000093f0])

    Execution Region ER_IROM1 (Base: 0x08000000, Size: 0x00009398, Max: 0x00100000, ABSOLUTE)

    Base Addr    Size         Type   Attr      Idx    E Section Name        Object

    0x08000000   0x00000188   Data   RO            3    RESET               startup_stm32f407xx.o
    0x08000188   0x00000000   Code   RO         7509  * .ARM.Collect$$$$00000000  mc_w.l(entry.o)
    0x08000188   0x00000004   Code   RO         7855    .ARM.Collect$$$$00000001  mc_w.l(entry2.o)
    0x0800018c   0x00000004   Code   RO         7858    .ARM.Collect$$$$00000004  mc_w.l(entry5.o)
    0x08000190   0x00000000   Code   RO         7860    .ARM.Collect$$$$00000008  mc_w.l(entry7b.o)
    0x08000190   0x00000000   Code   RO         7862    .ARM.Collect$$$$0000000A  mc_w.l(entry8b.o)
    0x08000190   0x00000008   Code   RO         7863    .ARM.Collect$$$$0000000B  mc_w.l(entry9a.o)
    0x08000198   0x00000000   Code   RO         7865    .ARM.Collect$$$$0000000D  mc_w.l(entry10a.o)
    0x08000198   0x00000000   Code   RO         7867    .ARM.Collect$$$$0000000F  mc_w.l(entry11a.o)
    0x08000198   0x00000004   Code   RO         7856    .ARM.Collect$$$$00002712  mc_w.l(entry2.o)
    0x0800019c   0x000000be   Code   RO         5649    .emb_text           port.o
    0x0800025a   0x00000002   PAD
    0x0800025c   0x00000024   Code   RO            4    .text               startup_stm32f407xx.o
    0x08000280   0x00000062   Code   RO         7512    .text               mc_w.l(uldiv.o)
    0x080002e2   0x00000024   Code   RO         7514    .text               mc_w.l(memcpya.o)
    0x08000306   0x00000024   Code   RO         7518    .text               mc_w.l(memseta.o)
    0x0800032a   0x0000014e   Code   RO         7813    .text               mf_w.l(dadd.o)
    0x08000478   0x000000e4   Code   RO         7815    .text               mf_w.l(dmul.o)
    0x0800055c   0x000000de   Code   RO         7817    .text               mf_w.l(ddiv.o)
    0x0800063a   0x00000022   Code   RO         7819    .text               mf_w.l(dflti.o)
    0x0800065c   0x0000001a   Code   RO         7821    .text               mf_w.l(dfltui.o)
    0x08000676   0x00000026   Code   RO         7823    .text               mf_w.l(f2d.o)
    0x0800069c   0x00000038   Code   RO         7825    .text               mf_w.l(d2f.o)
    0x080006d4   0x0000001e   Code   RO         7872    .text               mc_w.l(llshl.o)
    0x080006f2   0x00000020   Code   RO         7874    .text               mc_w.l(llushr.o)
    0x08000712   0x00000024   Code   RO         7876    .text               mc_w.l(llsshr.o)
    0x08000736   0x00000000   Code   RO         7887    .text               mc_w.l(iusefp.o)
    0x08000736   0x0000006e   Code   RO         7888    .text               mf_w.l(fepilogue.o)
    0x080007a4   0x000000ba   Code   RO         7890    .text               mf_w.l(depilogue.o)
    0x0800085e   0x000000a2   Code   RO         7892    .text               mf_w.l(dsqrt.o)
    0x08000900   0x00000024   Code   RO         7902    .text               mc_w.l(init.o)
    0x08000924   0x00000056   Code   RO         7912    .text               mc_w.l(__dczerorl2.o)
    0x0800097a   0x0000002a   Code   RO         6365    i.ABS_limit         pid.o
    0x080009a4   0x00000020   Code   RO         7283    i.AHRS_init         ins_task.o
    0x080009c4   0x0000001c   Code   RO         7284    i.AHRS_update       ins_task.o
    0x080009e0   0x00000038   Code   RO         5729    i.Allocate_Motor    motor_use_can.o
    0x08000a18   0x00000010   Code   RO         6120    i.BMI088_ACCEL_NS_H  bmi088middleware.o
    0x08000a28   0x00000010   Code   RO         6121    i.BMI088_ACCEL_NS_L  bmi088middleware.o
    0x08000a38   0x00000002   Code   RO         6122    i.BMI088_GPIO_init  bmi088middleware.o
    0x08000a3a   0x00000002   PAD
    0x08000a3c   0x00000010   Code   RO         6123    i.BMI088_GYRO_NS_H  bmi088middleware.o
    0x08000a4c   0x00000010   Code   RO         6124    i.BMI088_GYRO_NS_L  bmi088middleware.o
    0x08000a5c   0x00000080   Code   RO         5912    i.BMI088_accel_read_over  bmi088driver.o
    0x08000adc   0x00000002   Code   RO         6125    i.BMI088_com_init   bmi088middleware.o
    0x08000ade   0x00000004   Code   RO         6126    i.BMI088_delay_ms   bmi088middleware.o
    0x08000ae2   0x00000004   Code   RO         6127    i.BMI088_delay_us   bmi088middleware.o
    0x08000ae6   0x00000002   PAD
    0x08000ae8   0x00000060   Code   RO         5913    i.BMI088_gyro_read_over  bmi088driver.o
    0x08000b48   0x0000002e   Code   RO         5914    i.BMI088_init       bmi088driver.o
    0x08000b76   0x00000002   PAD
    0x08000b78   0x00000158   Code   RO         5915    i.BMI088_read       bmi088driver.o
    0x08000cd0   0x00000024   Code   RO         5918    i.BMI088_read_muli_reg  bmi088driver.o
    0x08000cf4   0x00000016   Code   RO         5919    i.BMI088_read_single_reg  bmi088driver.o
    0x08000d0a   0x00000002   PAD
    0x08000d0c   0x00000020   Code   RO         6128    i.BMI088_read_write_byte  bmi088middleware.o
    0x08000d2c   0x0000002e   Code   RO         5920    i.BMI088_temperature_read_over  bmi088driver.o
    0x08000d5a   0x00000012   Code   RO         5921    i.BMI088_write_single_reg  bmi088driver.o
    0x08000d6c   0x000000b0   Code   RO         1024    i.BSP_Init          bsp.o
    0x08000e1c   0x00000068   Code   RO          657    i.Bsp_UART_Receive_DMA  usart.o
    0x08000e84   0x00000016   Code   RO          658    i.Bsp_UART_Receive_IT  usart.o
    0x08000e9a   0x00000002   Code   RO          750    i.BusFault_Handler  stm32f4xx_it.o
    0x08000e9c   0x0000000c   Code   RO          751    i.CAN1_RX0_IRQHandler  stm32f4xx_it.o
    0x08000ea8   0x0000000c   Code   RO          752    i.CAN2_RX0_IRQHandler  stm32f4xx_it.o
    0x08000eb4   0x00000002   Code   RO         5730    i.CAN_GET_CP        motor_use_can.o
    0x08000eb6   0x00000002   Code   RO         5731    i.CAN_GET_ERROR     motor_use_can.o
    0x08000eb8   0x00000058   Code   RO         5733    i.CAN_Send_Gimbal   motor_use_can.o
    0x08000f10   0x00000054   Code   RO         5734    i.CAN_Send_Remote   motor_use_can.o
    0x08000f64   0x0000003c   Code   RO          285    i.CanFilter_Init    can.o
    0x08000fa0   0x0000003c   Code   RO         5738    i.Cloud_Platform_Motor  motor_use_can.o
    0x08000fdc   0x0000000c   Code   RO          753    i.DMA1_Stream1_IRQHandler  stm32f4xx_it.o
    0x08000fe8   0x0000000c   Code   RO          754    i.DMA2_Stream1_IRQHandler  stm32f4xx_it.o
    0x08000ff4   0x000002d0   Code   RO          755    i.DMA2_Stream2_IRQHandler  stm32f4xx_it.o
    0x080012c4   0x0000000c   Code   RO          756    i.DMA2_Stream3_IRQHandler  stm32f4xx_it.o
    0x080012d0   0x00000028   Code   RO         3757    i.DMA_CalcBaseAndBitshift  stm32f4xx_hal_dma.o
    0x080012f8   0x00000054   Code   RO         3758    i.DMA_CheckFifoParam  stm32f4xx_hal_dma.o
    0x0800134c   0x00000028   Code   RO         3759    i.DMA_SetConfig     stm32f4xx_hal_dma.o
    0x08001374   0x00000002   Code   RO          757    i.DebugMon_Handler  stm32f4xx_it.o
    0x08001376   0x00000006   Code   RO          758    i.EXTI0_IRQHandler  stm32f4xx_it.o
    0x0800137c   0x00000006   Code   RO          759    i.EXTI3_IRQHandler  stm32f4xx_it.o
    0x08001382   0x00000006   Code   RO          760    i.EXTI4_IRQHandler  stm32f4xx_it.o
    0x08001388   0x00000006   Code   RO          761    i.EXTI9_5_IRQHandler  stm32f4xx_it.o
    0x0800138e   0x00000002   Code   RO           13    i.Error_Handler     main.o
    0x08001390   0x00000004   Code   RO         5857    i.Friction_Wheel_Motor  motor_use_tim.o
    0x08001394   0x0000004c   Code   RO         6676    i.GetSystemTimer    systemstate.o
    0x080013e0   0x00000038   Code   RO         6912    i.Get_MiniPC_Data   minipc.o
    0x08001418   0x000003fc   Code   RO         7076    i.Gimbal_Task       gimbal_control.o
    0x08001814   0x0000005c   Code   RO         7133    i.Gun_Pid_Init      gun_control.o
    0x08001870   0x00000234   Code   RO         7134    i.Gun_Task          gun_control.o
    0x08001aa4   0x00000024   Code   RO         1049    i.HAL_CAN_ActivateNotification  stm32f4xx_hal_can.o
    0x08001ac8   0x000000c8   Code   RO         1050    i.HAL_CAN_AddTxMessage  stm32f4xx_hal_can.o
    0x08001b90   0x0000010c   Code   RO         1051    i.HAL_CAN_ConfigFilter  stm32f4xx_hal_can.o
    0x08001c9c   0x00000002   Code   RO         1054    i.HAL_CAN_ErrorCallback  stm32f4xx_hal_can.o
    0x08001c9e   0x000000e8   Code   RO         1057    i.HAL_CAN_GetRxMessage  stm32f4xx_hal_can.o
    0x08001d86   0x000001fc   Code   RO         1061    i.HAL_CAN_IRQHandler  stm32f4xx_hal_can.o
    0x08001f82   0x0000011a   Code   RO         1062    i.HAL_CAN_Init      stm32f4xx_hal_can.o
    0x0800209c   0x000000fc   Code   RO          287    i.HAL_CAN_MspInit   can.o
    0x08002198   0x00000002   Code   RO         1069    i.HAL_CAN_RxFifo0FullCallback  stm32f4xx_hal_can.o
    0x0800219a   0x00000002   PAD
    0x0800219c   0x000000f8   Code   RO          762    i.HAL_CAN_RxFifo0MsgPendingCallback  stm32f4xx_it.o
    0x08002294   0x00000002   Code   RO         1071    i.HAL_CAN_RxFifo1FullCallback  stm32f4xx_hal_can.o
    0x08002296   0x00000002   Code   RO         1072    i.HAL_CAN_RxFifo1MsgPendingCallback  stm32f4xx_hal_can.o
    0x08002298   0x00000002   Code   RO         1073    i.HAL_CAN_SleepCallback  stm32f4xx_hal_can.o
    0x0800229a   0x00000002   PAD
    0x0800229c   0x00000058   Code   RO         1074    i.HAL_CAN_Start     stm32f4xx_hal_can.o
    0x080022f4   0x00000002   Code   RO         1076    i.HAL_CAN_TxMailbox0AbortCallback  stm32f4xx_hal_can.o
    0x080022f6   0x00000002   Code   RO         1077    i.HAL_CAN_TxMailbox0CompleteCallback  stm32f4xx_hal_can.o
    0x080022f8   0x00000002   Code   RO         1078    i.HAL_CAN_TxMailbox1AbortCallback  stm32f4xx_hal_can.o
    0x080022fa   0x00000002   Code   RO         1079    i.HAL_CAN_TxMailbox1CompleteCallback  stm32f4xx_hal_can.o
    0x080022fc   0x00000002   Code   RO         1080    i.HAL_CAN_TxMailbox2AbortCallback  stm32f4xx_hal_can.o
    0x080022fe   0x00000002   Code   RO         1081    i.HAL_CAN_TxMailbox2CompleteCallback  stm32f4xx_hal_can.o
    0x08002300   0x00000002   Code   RO         1083    i.HAL_CAN_WakeUpFromRxMsgCallback  stm32f4xx_hal_can.o
    0x08002302   0x00000002   PAD
    0x08002304   0x000001a0   Code   RO         3765    i.HAL_DMA_IRQHandler  stm32f4xx_hal_dma.o
    0x080024a4   0x000000d4   Code   RO         3766    i.HAL_DMA_Init      stm32f4xx_hal_dma.o
    0x08002578   0x00000046   Code   RO         3769    i.HAL_DMA_Start     stm32f4xx_hal_dma.o
    0x080025be   0x00000002   PAD
    0x080025c0   0x000000b4   Code   RO          763    i.HAL_GPIO_EXTI_Callback  stm32f4xx_it.o
    0x08002674   0x00000018   Code   RO         3652    i.HAL_GPIO_EXTI_IRQHandler  stm32f4xx_hal_gpio.o
    0x0800268c   0x000001b0   Code   RO         3653    i.HAL_GPIO_Init     stm32f4xx_hal_gpio.o
    0x0800283c   0x0000000a   Code   RO         3657    i.HAL_GPIO_WritePin  stm32f4xx_hal_gpio.o
    0x08002846   0x00000002   PAD
    0x08002848   0x0000000c   Code   RO         4185    i.HAL_GetTick       stm32f4xx_hal.o
    0x08002854   0x00000174   Code   RO         1293    i.HAL_I2C_Init      stm32f4xx_hal_i2c.o
    0x080029c8   0x000001f8   Code   RO         1311    i.HAL_I2C_Mem_Read  stm32f4xx_hal_i2c.o
    0x08002bc0   0x00000130   Code   RO         1314    i.HAL_I2C_Mem_Write  stm32f4xx_hal_i2c.o
    0x08002cf0   0x00000088   Code   RO          502    i.HAL_I2C_MspInit   i2c.o
    0x08002d78   0x00000010   Code   RO         4191    i.HAL_IncTick       stm32f4xx_hal.o
    0x08002d88   0x00000034   Code   RO         4192    i.HAL_Init          stm32f4xx_hal.o
    0x08002dbc   0x00000074   Code   RO          985    i.HAL_InitTick      stm32f4xx_hal_timebase_tim.o
    0x08002e30   0x00000038   Code   RO          961    i.HAL_MspInit       stm32f4xx_hal_msp.o
    0x08002e68   0x0000001a   Code   RO         4042    i.HAL_NVIC_EnableIRQ  stm32f4xx_hal_cortex.o
    0x08002e82   0x00000002   PAD
    0x08002e84   0x00000040   Code   RO         4048    i.HAL_NVIC_SetPriority  stm32f4xx_hal_cortex.o
    0x08002ec4   0x00000024   Code   RO         4049    i.HAL_NVIC_SetPriorityGrouping  stm32f4xx_hal_cortex.o
    0x08002ee8   0x00000130   Code   RO         3299    i.HAL_RCC_ClockConfig  stm32f4xx_hal_rcc.o
    0x08003018   0x00000040   Code   RO         3303    i.HAL_RCC_GetClockConfig  stm32f4xx_hal_rcc.o
    0x08003058   0x0000000c   Code   RO         3304    i.HAL_RCC_GetHCLKFreq  stm32f4xx_hal_rcc.o
    0x08003064   0x00000020   Code   RO         3306    i.HAL_RCC_GetPCLK1Freq  stm32f4xx_hal_rcc.o
    0x08003084   0x00000020   Code   RO         3307    i.HAL_RCC_GetPCLK2Freq  stm32f4xx_hal_rcc.o
    0x080030a4   0x00000064   Code   RO         3308    i.HAL_RCC_GetSysClockFreq  stm32f4xx_hal_rcc.o
    0x08003108   0x0000031c   Code   RO         3311    i.HAL_RCC_OscConfig  stm32f4xx_hal_rcc.o
    0x08003424   0x00000080   Code   RO         1733    i.HAL_SPI_Init      stm32f4xx_hal_spi.o
    0x080034a4   0x00000100   Code   RO          544    i.HAL_SPI_MspInit   spi.o
    0x080035a4   0x000001e2   Code   RO         1742    i.HAL_SPI_TransmitReceive  stm32f4xx_hal_spi.o
    0x08003786   0x00000018   Code   RO         4051    i.HAL_SYSTICK_CLKSourceConfig  stm32f4xx_hal_cortex.o
    0x0800379e   0x00000028   Code   RO         4053    i.HAL_SYSTICK_Config  stm32f4xx_hal_cortex.o
    0x080037c6   0x00000002   Code   RO         2721    i.HAL_TIMEx_BreakCallback  stm32f4xx_hal_tim_ex.o
    0x080037c8   0x00000002   Code   RO         2722    i.HAL_TIMEx_CommutCallback  stm32f4xx_hal_tim_ex.o
    0x080037ca   0x00000054   Code   RO         2724    i.HAL_TIMEx_ConfigBreakDeadTime  stm32f4xx_hal_tim_ex.o
    0x0800381e   0x00000042   Code   RO         2739    i.HAL_TIMEx_MasterConfigSynchronization  stm32f4xx_hal_tim_ex.o
    0x08003860   0x00000036   Code   RO         2046    i.HAL_TIM_Base_Init  stm32f4xx_hal_tim.o
    0x08003896   0x00000002   PAD
    0x08003898   0x000000c4   Code   RO          586    i.HAL_TIM_Base_MspInit  tim.o
    0x0800395c   0x00000022   Code   RO         2051    i.HAL_TIM_Base_Start_IT  stm32f4xx_hal_tim.o
    0x0800397e   0x000000d6   Code   RO         2055    i.HAL_TIM_ConfigClockSource  stm32f4xx_hal_tim.o
    0x08003a54   0x00000002   Code   RO         2075    i.HAL_TIM_IC_CaptureCallback  stm32f4xx_hal_tim.o
    0x08003a56   0x00000166   Code   RO         2089    i.HAL_TIM_IRQHandler  stm32f4xx_hal_tim.o
    0x08003bbc   0x000000b0   Code   RO          587    i.HAL_TIM_MspPostInit  tim.o
    0x08003c6c   0x00000002   Code   RO         2092    i.HAL_TIM_OC_DelayElapsedCallback  stm32f4xx_hal_tim.o
    0x08003c6e   0x000000d0   Code   RO         2113    i.HAL_TIM_PWM_ConfigChannel  stm32f4xx_hal_tim.o
    0x08003d3e   0x00000036   Code   RO         2116    i.HAL_TIM_PWM_Init  stm32f4xx_hal_tim.o
    0x08003d74   0x00000002   Code   RO         2118    i.HAL_TIM_PWM_MspInit  stm32f4xx_hal_tim.o
    0x08003d76   0x00000002   Code   RO         2119    i.HAL_TIM_PWM_PulseFinishedCallback  stm32f4xx_hal_tim.o
    0x08003d78   0x0000001c   Code   RO          764    i.HAL_TIM_PeriodElapsedCallback  stm32f4xx_it.o
    0x08003d94   0x00000002   Code   RO         2132    i.HAL_TIM_TriggerCallback  stm32f4xx_hal_tim.o
    0x08003d96   0x00000062   Code   RO         2997    i.HAL_UART_Init     stm32f4xx_hal_uart.o
    0x08003df8   0x000001a0   Code   RO          660    i.HAL_UART_MspInit  usart.o
    0x08003f98   0x00000002   Code   RO          765    i.HardFault_Handler  stm32f4xx_it.o
    0x08003f9a   0x0000002e   Code   RO         1335    i.I2C_IsAcknowledgeFailed  stm32f4xx_hal_i2c.o
    0x08003fc8   0x000000e6   Code   RO         1344    i.I2C_RequestMemoryRead  stm32f4xx_hal_i2c.o
    0x080040ae   0x00000002   PAD
    0x080040b0   0x00000094   Code   RO         1345    i.I2C_RequestMemoryWrite  stm32f4xx_hal_i2c.o
    0x08004144   0x0000004c   Code   RO         1348    i.I2C_WaitOnBTFFlagUntilTimeout  stm32f4xx_hal_i2c.o
    0x08004190   0x00000068   Code   RO         1349    i.I2C_WaitOnFlagUntilTimeout  stm32f4xx_hal_i2c.o
    0x080041f8   0x00000096   Code   RO         1350    i.I2C_WaitOnMasterAddressFlagUntilTimeout  stm32f4xx_hal_i2c.o
    0x0800428e   0x00000066   Code   RO         1351    i.I2C_WaitOnRXNEFlagUntilTimeout  stm32f4xx_hal_i2c.o
    0x080042f4   0x0000004c   Code   RO         1352    i.I2C_WaitOnTXEFlagUntilTimeout  stm32f4xx_hal_i2c.o
    0x08004340   0x00000124   Code   RO         7285    i.INS_task          ins_task.o
    0x08004464   0x00000012   Code   RO         6430    i.LPF_1st           power_restriction.o
    0x08004476   0x00000002   PAD
    0x08004478   0x00000044   Code   RO          288    i.MX_CAN1_Init      can.o
    0x080044bc   0x00000044   Code   RO          289    i.MX_CAN2_Init      can.o
    0x08004500   0x0000006c   Code   RO          340    i.MX_DMA_Init       dma.o
    0x0800456c   0x000000c0   Code   RO          364    i.MX_FREERTOS_Init  freertos.o
    0x0800462c   0x000001cc   Code   RO          261    i.MX_GPIO_Init      gpio.o
    0x080047f8   0x00000040   Code   RO          503    i.MX_I2C3_Init      i2c.o
    0x08004838   0x00000048   Code   RO          545    i.MX_SPI1_Init      spi.o
    0x08004880   0x00000064   Code   RO          588    i.MX_TIM10_Init     tim.o
    0x080048e4   0x0000004c   Code   RO          589    i.MX_TIM12_Init     tim.o
    0x08004930   0x000000fc   Code   RO          590    i.MX_TIM1_Init      tim.o
    0x08004a2c   0x00000064   Code   RO          591    i.MX_TIM3_Init      tim.o
    0x08004a90   0x00000044   Code   RO          592    i.MX_TIM6_Init      tim.o
    0x08004ad4   0x00000038   Code   RO          661    i.MX_USART1_UART_Init  usart.o
    0x08004b0c   0x0000003c   Code   RO          662    i.MX_USART3_UART_Init  usart.o
    0x08004b48   0x00000038   Code   RO          663    i.MX_USART6_UART_Init  usart.o
    0x08004b80   0x00000378   Code   RO         6836    i.MahonyAHRSupdate  mahonyahrs.o
    0x08004ef8   0x000001fc   Code   RO         6837    i.MahonyAHRSupdateIMU  mahonyahrs.o
    0x080050f4   0x00000002   Code   RO          766    i.MemManage_Handler  stm32f4xx_it.o
    0x080050f6   0x00000002   PAD
    0x080050f8   0x000000c0   Code   RO         7002    i.MiniPC_Data_task  data_processing.o
    0x080051b8   0x00000050   Code   RO         7003    i.Minipc_Pid_Init   data_processing.o
    0x08005208   0x00000074   Code   RO         7135    i.Mocha_Task        gun_control.o
    0x0800527c   0x00000014   Code   RO         7136    i.Moto_dial_Angle_Reset  gun_control.o
    0x08005290   0x00000002   Code   RO          767    i.NMI_Handler       stm32f4xx_it.o
    0x08005292   0x00000002   PAD
    0x08005294   0x00000018   Code   RO         6366    i.PID_struct_init   pid.o
    0x080052ac   0x00000018   Code   RO         6618    i.RefreshDeviceOutLineTime  systemstate.o
    0x080052c4   0x00000010   Code   RO         6619    i.RefreshSysTime    systemstate.o
    0x080052d4   0x00000018   Code   RO         6620    i.RefreshTaskOutLineTime  systemstate.o
    0x080052ec   0x00000088   Code   RO         7005    i.RemoteControlProcess  data_processing.o
    0x08005374   0x00000068   Code   RO         6864    i.Remote_Ctrl       communication.o
    0x080053dc   0x0000007c   Code   RO         7006    i.Remote_Data_Task  data_processing.o
    0x08005458   0x00001274   Code   RO         7400    i.SPI1_DMA_enable   bsp_spi.o
    0x080066cc   0x000000f0   Code   RO         7401    i.SPI1_DMA_init     bsp_spi.o
    0x080067bc   0x00000020   Code   RO         1771    i.SPI_EndRxTxTransaction  stm32f4xx_hal_spi.o
    0x080067dc   0x00000094   Code   RO         1776    i.SPI_WaitFlagStateUntilTimeout  stm32f4xx_hal_spi.o
    0x08006870   0x00000008   Code   RO          365    i.StartDefaultTask  freertos.o
    0x08006878   0x00000004   Code   RO          768    i.SysTick_Handler   stm32f4xx_it.o
    0x0800687c   0x000000a8   Code   RO           14    i.SystemClock_Config  main.o
    0x08006924   0x00000054   Code   RO         4428    i.SystemInit        system_stm32f4xx.o
    0x08006978   0x00000010   Code   RO         5861    i.TIM1_PWM_Init     motor_use_tim.o
    0x08006988   0x0000000c   Code   RO          769    i.TIM2_IRQHandler   stm32f4xx_it.o
    0x08006994   0x0000000c   Code   RO          770    i.TIM3_IRQHandler   stm32f4xx_it.o
    0x080069a0   0x0000000c   Code   RO          771    i.TIM6_DAC_IRQHandler  stm32f4xx_it.o
    0x080069ac   0x0000000c   Code   RO          772    i.TIM8_BRK_TIM12_IRQHandler  stm32f4xx_it.o
    0x080069b8   0x000000c8   Code   RO         2134    i.TIM_Base_SetConfig  stm32f4xx_hal_tim.o
    0x08006a80   0x00000014   Code   RO         2145    i.TIM_ETR_SetConfig  stm32f4xx_hal_tim.o
    0x08006a94   0x00000010   Code   RO         2146    i.TIM_ITRx_SetConfig  stm32f4xx_hal_tim.o
    0x08006aa4   0x00000060   Code   RO         2147    i.TIM_OC1_SetConfig  stm32f4xx_hal_tim.o
    0x08006b04   0x0000006c   Code   RO         2148    i.TIM_OC2_SetConfig  stm32f4xx_hal_tim.o
    0x08006b70   0x00000068   Code   RO         2149    i.TIM_OC3_SetConfig  stm32f4xx_hal_tim.o
    0x08006bd8   0x00000050   Code   RO         2150    i.TIM_OC4_SetConfig  stm32f4xx_hal_tim.o
    0x08006c28   0x00000022   Code   RO         2152    i.TIM_TI1_ConfigInputStage  stm32f4xx_hal_tim.o
    0x08006c4a   0x00000024   Code   RO         2154    i.TIM_TI2_ConfigInputStage  stm32f4xx_hal_tim.o
    0x08006c6e   0x00000002   PAD
    0x08006c70   0x000002ac   Code   RO         3023    i.UART_SetConfig    stm32f4xx_hal_uart.o
    0x08006f1c   0x0000011c   Code   RO          773    i.USART3_IRQHandler  stm32f4xx_it.o
    0x08007038   0x00000118   Code   RO          774    i.USART6_IRQHandler  stm32f4xx_it.o
    0x08007150   0x00000002   Code   RO          775    i.UsageFault_Handler  stm32f4xx_it.o
    0x08007152   0x00000026   Code   RO         7827    i.__ARM_fpclassifyf  m_wm.l(fpclassifyf.o)
    0x08007178   0x00000020   Code   RO         4055    i.__NVIC_SetPriority  stm32f4xx_hal_cortex.o
    0x08007198   0x0000012c   Code   RO         7459    i.__hardfp_asinf    m_wm.l(asinf.o)
    0x080072c4   0x00000250   Code   RO         7471    i.__hardfp_atan2f   m_wm.l(atan2f.o)
    0x08007514   0x0000007a   Code   RO         7497    i.__hardfp_sqrt     m_wm.l(sqrt.o)
    0x0800758e   0x00000006   Code   RO         7830    i.__mathlib_flt_infnan  m_wm.l(funder.o)
    0x08007594   0x00000006   Code   RO         7831    i.__mathlib_flt_infnan2  m_wm.l(funder.o)
    0x0800759a   0x00000002   PAD
    0x0800759c   0x00000010   Code   RO         7832    i.__mathlib_flt_invalid  m_wm.l(funder.o)
    0x080075ac   0x00000010   Code   RO         7835    i.__mathlib_flt_underflow  m_wm.l(funder.o)
    0x080075bc   0x0000000e   Code   RO         7906    i.__scatterload_copy  mc_w.l(handlers.o)
    0x080075ca   0x00000002   Code   RO         7907    i.__scatterload_null  mc_w.l(handlers.o)
    0x080075cc   0x0000000e   Code   RO         7908    i.__scatterload_zeroinit  mc_w.l(handlers.o)
    0x080075da   0x00000002   PAD
    0x080075dc   0x0000000c   Code   RO         7882    i.__set_errno       mc_w.l(errno.o)
    0x080075e8   0x00000128   Code   RO         5922    i.bmi088_accel_init  bmi088driver.o
    0x08007710   0x000002c0   Code   RO         5923    i.bmi088_accel_self_test  bmi088driver.o
    0x080079d0   0x000000dc   Code   RO         5924    i.bmi088_gyro_init  bmi088driver.o
    0x08007aac   0x000000ca   Code   RO         5925    i.bmi088_gyro_self_test  bmi088driver.o
    0x08007b76   0x00000002   PAD
    0x08007b78   0x0000007c   Code   RO         7138    i.bopan_check       gun_control.o
    0x08007bf4   0x00000028   Code   RO         7359    i.delay_init        bsp_delay.o
    0x08007c1c   0x00000034   Code   RO         7361    i.delay_us          bsp_delay.o
    0x08007c50   0x000000c4   Code   RO         7286    i.get_angle         ins_task.o
    0x08007d14   0x0000003c   Code   RO         5742    i.get_moto_measure_6020  motor_use_can.o
    0x08007d50   0x0000003e   Code   RO         5743    i.get_moto_measure_6623  motor_use_can.o
    0x08007d8e   0x0000000a   Code   RO         5744    i.get_moto_offset   motor_use_can.o
    0x08007d98   0x000001c4   Code   RO         7078    i.gimbal_pid_init   gimbal_control.o
    0x08007f5c   0x000000f8   Code   RO         7287    i.imu_cmd_spi_dma   ins_task.o
    0x08008054   0x0000002c   Code   RO         6704    i.invSqrt           user_lib.o
    0x08008080   0x00000002   Code   RO         6249    i.ist8310_GPIO_init  ist8310driver_middleware.o
    0x08008082   0x00000002   PAD
    0x08008084   0x0000001c   Code   RO         6250    i.ist8310_IIC_read_muli_reg  ist8310driver_middleware.o
    0x080080a0   0x00000024   Code   RO         6251    i.ist8310_IIC_read_single_reg  ist8310driver_middleware.o
    0x080080c4   0x00000024   Code   RO         6253    i.ist8310_IIC_write_single_reg  ist8310driver_middleware.o
    0x080080e8   0x00000010   Code   RO         6254    i.ist8310_RST_H     ist8310driver_middleware.o
    0x080080f8   0x00000010   Code   RO         6255    i.ist8310_RST_L     ist8310driver_middleware.o
    0x08008108   0x00000002   Code   RO         6256    i.ist8310_com_init  ist8310driver_middleware.o
    0x0800810a   0x00000004   Code   RO         6257    i.ist8310_delay_ms  ist8310driver_middleware.o
    0x0800810e   0x00000002   PAD
    0x08008110   0x00000080   Code   RO         6214    i.ist8310_init      ist8310driver.o
    0x08008190   0x00000054   Code   RO         6215    i.ist8310_read_mag  ist8310driver.o
    0x080081e4   0x0000001e   Code   RO           15    i.main              main.o
    0x08008202   0x0000000c   Code   RO         5221    i.makeFreeRtosPriority  cmsis_os.o
    0x0800820e   0x0000000e   Code   RO         5223    i.osDelay           cmsis_os.o
    0x0800821c   0x0000000e   Code   RO         5224    i.osDelayUntil      cmsis_os.o
    0x0800822a   0x0000000a   Code   RO         5226    i.osKernelStart     cmsis_os.o
    0x08008234   0x00000014   Code   RO         5259    i.osSystickHandler  cmsis_os.o
    0x08008248   0x00000054   Code   RO         5260    i.osThreadCreate    cmsis_os.o
    0x0800829c   0x000001e0   Code   RO         6367    i.pid_calc          pid.o
    0x0800847c   0x0000000e   Code   RO         6368    i.pid_param_init    pid.o
    0x0800848a   0x00000006   Code   RO         6369    i.pid_reset         pid.o
    0x08008490   0x00000070   Code   RO         4912    i.prvAddCurrentTaskToDelayedList  tasks.o
    0x08008500   0x000000d0   Code   RO         4913    i.prvAddNewTaskToReadyList  tasks.o
    0x080085d0   0x00000034   Code   RO         4914    i.prvDeleteTCB      tasks.o
    0x08008604   0x0000004c   Code   RO         5588    i.prvHeapInit       heap_4.o
    0x08008650   0x00000060   Code   RO         4915    i.prvIdleTask       tasks.o
    0x080086b0   0x0000008e   Code   RO         4916    i.prvInitialiseNewTask  tasks.o
    0x0800873e   0x00000002   PAD
    0x08008740   0x0000004c   Code   RO         5589    i.prvInsertBlockIntoFreeList  heap_4.o
    0x0800878c   0x00000020   Code   RO         4917    i.prvResetNextTaskUnblockTime  tasks.o
    0x080087ac   0x00000028   Code   RO         5650    i.prvTaskExitError  port.o
    0x080087d4   0x000000d8   Code   RO         5590    i.pvPortMalloc      heap_4.o
    0x080088ac   0x0000002c   Code   RO         5651    i.pxPortInitialiseStack  port.o
    0x080088d8   0x00000050   Code   RO         6706    i.ramp_calc         user_lib.o
    0x08008928   0x0000001a   Code   RO         6707    i.ramp_init         user_lib.o
    0x08008942   0x0000003e   Code   RO         7845    i.sqrtf             m_wm.l(sqrtf.o)
    0x08008980   0x0000004c   Code   RO         7253    i.testTask          other_tasks.o
    0x080089cc   0x00000068   Code   RO         4920    i.ulTaskNotifyTake  tasks.o
    0x08008a34   0x00000026   Code   RO         4566    i.uxListRemove      list.o
    0x08008a5a   0x00000002   PAD
    0x08008a5c   0x00000014   Code   RO          366    i.vApplicationGetIdleTaskMemory  freertos.o
    0x08008a70   0x00000016   Code   RO         4567    i.vListInitialise   list.o
    0x08008a86   0x00000006   Code   RO         4568    i.vListInitialiseItem  list.o
    0x08008a8c   0x00000030   Code   RO         4569    i.vListInsert       list.o
    0x08008abc   0x00000018   Code   RO         4570    i.vListInsertEnd    list.o
    0x08008ad4   0x00000040   Code   RO         5653    i.vPortEnterCritical  port.o
    0x08008b14   0x00000028   Code   RO         5654    i.vPortExitCritical  port.o
    0x08008b3c   0x0000005c   Code   RO         5591    i.vPortFree         heap_4.o
    0x08008b98   0x00000024   Code   RO         5655    i.vPortSetupTimerInterrupt  port.o
    0x08008bbc   0x00000054   Code   RO         5656    i.vPortValidateInterruptPriority  port.o
    0x08008c10   0x0000004c   Code   RO         4925    i.vTaskDelay        tasks.o
    0x08008c5c   0x0000008c   Code   RO         4926    i.vTaskDelayUntil   tasks.o
    0x08008ce8   0x000000b8   Code   RO         4931    i.vTaskNotifyGiveFromISR  tasks.o
    0x08008da0   0x0000006c   Code   RO         4939    i.vTaskStartScheduler  tasks.o
    0x08008e0c   0x00000010   Code   RO         4941    i.vTaskSuspendAll   tasks.o
    0x08008e1c   0x0000005c   Code   RO         4942    i.vTaskSwitchContext  tasks.o
    0x08008e78   0x000000f4   Code   RO         5657    i.xPortStartScheduler  port.o
    0x08008f6c   0x0000002c   Code   RO         5658    i.xPortSysTickHandler  port.o
    0x08008f98   0x0000005a   Code   RO         4944    i.xTaskCreate       tasks.o
    0x08008ff2   0x00000056   Code   RO         4945    i.xTaskCreateStatic  tasks.o
    0x08009048   0x0000001c   Code   RO         4949    i.xTaskGetSchedulerState  tasks.o
    0x08009064   0x0000000c   Code   RO         4950    i.xTaskGetTickCount  tasks.o
    0x08009070   0x000000c8   Code   RO         4952    i.xTaskIncrementTick  tasks.o
    0x08009138   0x000000c4   Code   RO         4958    i.xTaskResumeAll    tasks.o
    0x080091fc   0x000000e0   Data   RO          368    .constdata          freertos.o
    0x080092dc   0x00000008   Data   RO         3772    .constdata          stm32f4xx_hal_dma.o
    0x080092e4   0x00000010   Data   RO         4429    .constdata          system_stm32f4xx.o
    0x080092f4   0x00000008   Data   RO         4430    .constdata          system_stm32f4xx.o
    0x080092fc   0x00000012   Data   RO         5930    .constdata          bmi088driver.o
    0x0800930e   0x0000000c   Data   RO         6217    .constdata          ist8310driver.o
    0x0800931a   0x00000002   PAD
    0x0800931c   0x0000005c   Data   RO          369    .conststring        freertos.o
    0x08009378   0x00000020   Data   RO         7904    Region$$Table       anon$$obj.o


    Execution Region RW_IRAM1 (Base: 0x20000000, Size: 0x000054c0, Max: 0x00020000, ABSOLUTE, COMPRESSED[0x00000058])

    Base Addr    Size         Type   Attr      Idx    E Section Name        Object

    0x20000000   0x00000004   Data   RW          291    .data               can.o
    0x20000004   0x00000020   Data   RW          370    .data               freertos.o
    0x20000024   0x00000020   Data   RW          777    .data               stm32f4xx_it.o
    0x20000044   0x0000000c   Data   RW         4199    .data               stm32f4xx_hal.o
    0x20000050   0x00000004   Data   RW         4431    .data               system_stm32f4xx.o
    0x20000054   0x0000003c   Data   RW         4961    .data               tasks.o
    0x20000090   0x00000018   Data   RW         5596    .data               heap_4.o
    0x200000a8   0x0000000c   Data   RW         5659    .data               port.o
    0x200000b4   0x0000002c   Data   RW         5931    .data               bmi088driver.o
    0x200000e0   0x00000014   Data   RW         6838    .data               mahonyahrs.o
    0x200000f4   0x00000002   Data   RW         7010    .data               data_processing.o
    0x200000f6   0x00000010   Data   RW         7085    .data               gimbal_control.o
    0x20000106   0x00000002   PAD
    0x20000108   0x00000010   Data   RW         7142    .data               gun_control.o
    0x20000118   0x00000025   Data   RW         7289    .data               ins_task.o
    0x2000013d   0x00000001   Data   RW         7290    .data               ins_task.o
    0x2000013e   0x00000002   PAD
    0x20000140   0x00000008   Data   RW         7362    .data               bsp_delay.o
    0x20000148   0x00000004   Data   RW         7883    .data               mc_w.l(errno.o)
    0x2000014c   0x00000050   Zero   RW          290    .bss                can.o
    0x2000019c   0x00000254   Zero   RW          367    .bss                freertos.o
    0x200003f0   0x00000054   Zero   RW          504    .bss                i2c.o
    0x20000444   0x00000118   Zero   RW          546    .bss                spi.o
    0x2000055c   0x00000140   Zero   RW          593    .bss                tim.o
    0x2000069c   0x00000180   Zero   RW          668    .bss                usart.o
    0x2000081c   0x00000038   Zero   RW          776    .bss                stm32f4xx_it.o
    0x20000854   0x00000040   Zero   RW          988    .bss                stm32f4xx_hal_timebase_tim.o
    0x20000894   0x000000f0   Zero   RW         4960    .bss                tasks.o
    0x20000984   0x00003c00   Zero   RW         5595    .bss                heap_4.o
    0x20004584   0x0000003c   Zero   RW         5746    .bss                motor_use_can.o
    0x200045c0   0x0000003c   Zero   RW         5747    .bss                motor_use_can.o
    0x200045fc   0x0000003c   Zero   RW         5748    .bss                motor_use_can.o
    0x20004638   0x000000a8   Zero   RW         5749    .bss                motor_use_can.o
    0x200046e0   0x00000044   Zero   RW         6624    .bss                systemstate.o
    0x20004724   0x0000001a   Zero   RW         6866    .bss                communication.o
    0x2000473e   0x00000026   Zero   RW         6868    .bss                communication.o
    0x20004764   0x00000009   Zero   RW         6869    .bss                communication.o
    0x2000476d   0x00000001   PAD
    0x2000476e   0x00000017   Zero   RW         6914    .bss                minipc.o
    0x20004785   0x00000003   PAD
    0x20004788   0x00000100   Zero   RW         7008    .bss                data_processing.o
    0x20004888   0x00000630   Zero   RW         7079    .bss                gimbal_control.o
    0x20004eb8   0x00000128   Zero   RW         7139    .bss                gun_control.o
    0x20004fe0   0x000000dc   Zero   RW         7288    .bss                ins_task.o
    0x200050bc   0x00000004   PAD
    0x200050c0   0x00000400   Zero   RW            1    STACK               startup_stm32f407xx.o


==============================================================================

Image component sizes


      Code (inc. data)   RO Data    RW Data    ZI Data      Debug   Object Name

      2158         32         18         44          0     599107   bmi088driver.o
       108         28          0          0          0       4580   bmi088middleware.o
       176         26          0          0          0        579   bsp.o
        92         18          0          8          0       1336   bsp_delay.o
      4964         74          0          0          0       2422   bsp_spi.o
       448         46          0          4         80       3099   can.o
       154          0          0          0          0      23891   cmsis_os.o
       104          4          0          0         73       2703   communication.o
       532         68          0          2        256       5427   data_processing.o
       108          4          0          0          0        838   dma.o
         0          0          0          0          0      18184   event_groups.o
       220         12        316         32        596      17412   freertos.o
      1472        166          0         16       1584       5242   gimbal_control.o
       460         32          0          0          0       1227   gpio.o
       916        132          0         16        296       8821   gun_control.o
       460         24          0         24      15360       7403   heap_4.o
       200         32          0          0         84       1733   i2c.o
       796         64          0         38        220       9494   ins_task.o
       212         10         12          0          0       2522   ist8310driver.o
       140         28          0          0          0       4979   ist8310driver_middleware.o
       138          0          0          0          0       3618   list.o
      1396         36          0         20          0       3139   mahonyahrs.o
       200         10          0          0          0     744007   main.o
        56          8          0          0         23       1976   minipc.o
       424         22          0          0        348       7586   motor_use_can.o
        20          6          0          0          0       1491   motor_use_tim.o
        76          6          0          0          0        607   other_tasks.o
       566         16          0          0          0       5754   pid.o
       786         82          0         12          0      12089   port.o
        18          0          0          0          0        626   power_restriction.o
       328         32          0          0        280       1919   spi.o
        36          8        392          0       1024        844   startup_stm32f407xx.o
        80         14          0         12          0       3306   stm32f4xx_hal.o
      1638          6          0          0          0      14499   stm32f4xx_hal_can.o
       222         14          0          0          0      34665   stm32f4xx_hal_cortex.o
       862         16          8          0          0       5724   stm32f4xx_hal_dma.o
       466         50          0          0          0       3095   stm32f4xx_hal_gpio.o
      2112         44          0          0          0      12762   stm32f4xx_hal_i2c.o
        56          4          0          0          0        862   stm32f4xx_hal_msp.o
      1340         96          0          0          0       6377   stm32f4xx_hal_rcc.o
       790          0          0          0          0       4697   stm32f4xx_hal_spi.o
      1626         80          0          0          0      15414   stm32f4xx_hal_tim.o
       154          0          0          0          0       3313   stm32f4xx_hal_tim_ex.o
       116         14          0          0         64       1435   stm32f4xx_hal_timebase_tim.o
       782          8          0          0          0       2068   stm32f4xx_hal_uart.o
      1888        226          0         32         56      21529   stm32f4xx_it.o
        84         18         24          4          0       1195   system_stm32f4xx.o
       140         28          0          0         68       4062   systemstate.o
      1974        148          0         60        240      21245   tasks.o
       968         92          0          0        320       5272   tim.o
       714         76          0          0        384       5156   usart.o
       150          4          0          0          0       3162   user_lib.o

    ----------------------------------------------------------------------
     33970       1964        804        328      21364    1674493   Object Totals
         0          0         32          0          0          0   (incl. Generated)
        44          0          2          4          8          0   (incl. Padding)

    ----------------------------------------------------------------------

      Code (inc. data)   RO Data    RW Data    ZI Data      Debug   Library Member Name

       300         42          0          0          0        176   asinf.o
       592         90          0          0          0        184   atan2f.o
        38          0          0          0          0        116   fpclassifyf.o
        44         12          0          0          0        464   funder.o
       122          0          0          0          0        148   sqrt.o
        62          0          0          0          0        136   sqrtf.o
        86          0          0          0          0          0   __dczerorl2.o
         0          0          0          0          0          0   entry.o
         0          0          0          0          0          0   entry10a.o
         0          0          0          0          0          0   entry11a.o
         8          4          0          0          0          0   entry2.o
         4          0          0          0          0          0   entry5.o
         0          0          0          0          0          0   entry7b.o
         0          0          0          0          0          0   entry8b.o
         8          4          0          0          0          0   entry9a.o
        12          6          0          4          0         68   errno.o
        30          0          0          0          0          0   handlers.o
        36          8          0          0          0         68   init.o
         0          0          0          0          0          0   iusefp.o
        30          0          0          0          0         68   llshl.o
        36          0          0          0          0         68   llsshr.o
        32          0          0          0          0         68   llushr.o
        36          0          0          0          0         68   memcpya.o
        36          0          0          0          0        108   memseta.o
        98          0          0          0          0         92   uldiv.o
        56          0          0          0          0         88   d2f.o
       334          0          0          0          0        148   dadd.o
       222          0          0          0          0        100   ddiv.o
       186          0          0          0          0        176   depilogue.o
        34          0          0          0          0         76   dflti.o
        26          0          0          0          0         76   dfltui.o
       228          0          0          0          0         96   dmul.o
       162          0          0          0          0        100   dsqrt.o
        38          0          0          0          0         68   f2d.o
       110          0          0          0          0        168   fepilogue.o

    ----------------------------------------------------------------------
      3010        166          0          4          0       2928   Library Totals
         4          0          0          0          0          0   (incl. Padding)

    ----------------------------------------------------------------------

      Code (inc. data)   RO Data    RW Data    ZI Data      Debug   Library Name

      1158        144          0          0          0       1224   m_wm.l
       452         22          0          4          0        608   mc_w.l
      1396          0          0          0          0       1096   mf_w.l

    ----------------------------------------------------------------------
      3010        166          0          4          0       2928   Library Totals

    ----------------------------------------------------------------------

==============================================================================


      Code (inc. data)   RO Data    RW Data    ZI Data      Debug   

     36980       2130        804        332      21364    1650725   Grand Totals
     36980       2130        804         88      21364    1650725   ELF Image Totals (compressed)
     36980       2130        804         88          0          0   ROM Totals

==============================================================================

    Total RO  Size (Code + RO Data)                37784 (  36.90kB)
    Total RW  Size (RW Data + ZI Data)             21696 (  21.19kB)
    Total ROM Size (Code + RO Data + RW Data)      37872 (  36.98kB)

==============================================================================

